Archive member included because of file (symbol)

c:/users/gordon/documents/university/computer_graphics_architecture/dev/devkitpro/devkitarm/bin/../lib/gcc/arm-eabi/4.6.1/../../../../arm-eabi/lib/thumb\libg.a(lib_a-init.o)
                              c:/users/gordon/documents/university/computer_graphics_architecture/dev/devkitpro/devkitarm/bin/../lib/gcc/arm-eabi/4.6.1/../../../../arm-eabi/lib/thumb/gba_crt0.o (__libc_init_array)
c:/users/gordon/documents/university/computer_graphics_architecture/dev/devkitpro/devkitarm/bin/../lib/gcc/arm-eabi/4.6.1/../../../../arm-eabi/lib/thumb\libsysbase.a(malloc_vars.o)
                              c:/users/gordon/documents/university/computer_graphics_architecture/dev/devkitpro/devkitarm/bin/../lib/gcc/arm-eabi/4.6.1/../../../../arm-eabi/lib/thumb/gba_crt0.o (fake_heap_end)

Discarded input sections

 .group         0x00000000        0x8 main.o

Memory Configuration

Name             Origin             Length             Attributes
rom              0x08000000         0x02000000
iwram            0x03000000         0x00008000
ewram            0x02000000         0x00040000
*default*        0x00000000         0xffffffff

Linker script and memory map

                0x08000000                __text_start = ORIGIN (rom)
                0x02040000                __eheap_end = (ORIGIN (ewram) + 0x40000)
                0x03000000                __iwram_start = ORIGIN (iwram)
                0x03008000                __iwram_top = (ORIGIN (iwram) + 0x8000)
                0x03007fa0                __sp_irq = (__iwram_top - 0x60)
                0x03007f00                __sp_usr = (__sp_irq - 0xa0)
                0x03007ff8                __irq_flags = 0x3007ff8
                0x08000000                . = __text_start

.init           0x08000000      0x21c
 *(.init)
 .init          0x08000000      0x210 c:/users/gordon/documents/university/computer_graphics_architecture/dev/devkitpro/devkitarm/bin/../lib/gcc/arm-eabi/4.6.1/../../../../arm-eabi/lib/thumb/gba_crt0.o
                0x08000000                _start
                0x080000c4                __boot_method
                0x080000c5                __slave_number
                0x080000e0                start_vector
 .init          0x08000210        0x4 c:/users/gordon/documents/university/computer_graphics_architecture/dev/devkitpro/devkitarm/bin/../lib/gcc/arm-eabi/4.6.1/thumb/crti.o
                0x08000210                _init
 .init          0x08000214        0x8 c:/users/gordon/documents/university/computer_graphics_architecture/dev/devkitpro/devkitarm/bin/../lib/gcc/arm-eabi/4.6.1/thumb/crtn.o
                0x0800021c                . = ALIGN (0x4)

.plt            0x0800021c        0x0
 *(.plt)
                0x0800021c                . = ALIGN (0x4)

.text           0x0800021c      0x98c
 *(EXCLUDE_FILE(*.iwram*) .text)
 .text          0x0800021c        0x0 c:/users/gordon/documents/university/computer_graphics_architecture/dev/devkitpro/devkitarm/bin/../lib/gcc/arm-eabi/4.6.1/../../../../arm-eabi/lib/thumb/gba_crt0.o
 .text          0x0800021c        0x0 c:/users/gordon/documents/university/computer_graphics_architecture/dev/devkitpro/devkitarm/bin/../lib/gcc/arm-eabi/4.6.1/thumb/crti.o
 .text          0x0800021c       0x6c c:/users/gordon/documents/university/computer_graphics_architecture/dev/devkitpro/devkitarm/bin/../lib/gcc/arm-eabi/4.6.1/thumb/crtbegin.o
 .text          0x08000288        0x0 tiles.o
 .text          0x08000288        0x0 font.o
 .text          0x08000288      0x154 gba.o
                0x08000288                WaitVSync()
                0x080002a4                FlipBuffers()
                0x080002d0                ClearScreen8(unsigned char)
                0x080002f8                ClearScreen16(unsigned short)
                0x08000314                CopyScreen()
                0x0800034c                ClearObjects()
                0x08000390                UpdateObjects()
                0x080003bc                CopyToVRAM(unsigned short volatile*, unsigned short const*, int)
 .text          0x080003dc      0x148 main.o
                0x080003dc                initDisplay()
                0x080003e8                loadTiles()
                0x080004e0                loadPalletes()
 .text          0x08000524      0x308 player.o
                0x08000524                Player::Player(int, int)
                0x08000524                Player::Player(int, int)
                0x0800054c                Player::tillSoil()
                0x08000580                Player::plantSeeds()
                0x080005b4                Player::waterSoil()
                0x080005e8                Player::harvestCrops()
                0x0800061c                Player::updatePosition()
                0x0800067c                Player::getInputs()
                0x080007a4                Player::onTick()
 .text          0x0800082c       0x10 util.o
                0x0800082c                isKeyDown(int)
 .text          0x0800083c       0xfc world.o
                0x0800083c                harvest(int, int)
                0x08000878                till(int, int)
                0x080008b4                water(int, int)
                0x080008f4                plant(int, int)
 .text          0x08000938       0x50 c:/users/gordon/documents/university/computer_graphics_architecture/dev/devkitpro/devkitarm/bin/../lib/gcc/arm-eabi/4.6.1/../../../../arm-eabi/lib/thumb\libg.a(lib_a-init.o)
                0x08000938                __libc_init_array
 .text          0x08000988        0x0 c:/users/gordon/documents/university/computer_graphics_architecture/dev/devkitpro/devkitarm/bin/../lib/gcc/arm-eabi/4.6.1/../../../../arm-eabi/lib/thumb\libsysbase.a(malloc_vars.o)
 .text          0x08000988        0x0 c:/users/gordon/documents/university/computer_graphics_architecture/dev/devkitpro/devkitarm/bin/../lib/gcc/arm-eabi/4.6.1/thumb/crtend.o
 .text          0x08000988        0x0 c:/users/gordon/documents/university/computer_graphics_architecture/dev/devkitpro/devkitarm/bin/../lib/gcc/arm-eabi/4.6.1/thumb/crtn.o
 *(.text .stub .text.* .gnu.linkonce.t.*)
 .text._ZN6REG_BGC2Eiii
                0x08000988       0xac main.o
                0x08000988                REG_BG::REG_BG(int, int, int)
                0x08000988                REG_BG::REG_BG(int, int, int)
 .text.startup  0x08000a34      0x140 main.o
                0x08000a34                main
 .text.startup  0x08000b74       0x34 world.o
 *(.text.*personality*)
 *(.gnu.warning)
 *(.glue_7t)
 .glue_7t       0x00000000        0x0 linker stubs
 *(.glue_7)
 .glue_7        0x00000000        0x0 linker stubs
 *(.vfp11_veneer)
 .vfp11_veneer  0x00000000        0x0 linker stubs
                0x08000ba8                . = ALIGN (0x4)
                0x08000ba8                __text_end = .

.v4_bx          0x08000ba8        0x0
 .v4_bx         0x00000000        0x0 linker stubs

.fini           0x08000ba8        0xc
 *(.fini)
 .fini          0x08000ba8        0x4 c:/users/gordon/documents/university/computer_graphics_architecture/dev/devkitpro/devkitarm/bin/../lib/gcc/arm-eabi/4.6.1/thumb/crti.o
                0x08000ba8                _fini
 .fini          0x08000bac        0x8 c:/users/gordon/documents/university/computer_graphics_architecture/dev/devkitpro/devkitarm/bin/../lib/gcc/arm-eabi/4.6.1/thumb/crtn.o
                0x08000bb4                . = ALIGN (0x4)

.rodata         0x08000bb4     0x4340
 *(.rodata)
 .rodata        0x08000bb4      0x340 tiles.o
                0x08000bb4                palette_bg
                0x08000db4                white_tile
                0x08000df4                brown_tile
                0x08000e34                green_tile
                0x08000e74                blue_tile
                0x08000eb4                blank_tile
 .rodata        0x08000ef4     0x4000 font.o
                0x08000ef4                font_bold
                0x08002ef4                font_medium
 *all.rodata*(*)
 *(.roda)
 *(.rodata.*)
 *(.gnu.linkonce.r*)
                0x08004ef4                . = ALIGN (0x4)

.ARM.extab
 *(.ARM.extab* .gnu.linkonce.armextab.*)
                0x08004ef4                __exidx_start = .

.ARM.exidx
 *(.ARM.exidx* .gnu.linkonce.armexidx.*)
                0x08004ef4                __exidx_end = .

.ctors          0x08004ef4        0x0
 *crtbegin.o(.ctors)
 *(EXCLUDE_FILE(*crtend.o) .ctors)
 *(SORT(.ctors.*))
 *(.ctors)
                0x08004ef4                . = ALIGN (0x4)

.dtors          0x08004ef4        0x0
 *crtbegin.o(.dtors)
 *(EXCLUDE_FILE(*crtend.o) .dtors)
 *(SORT(.dtors.*))
 *(.dtors)
                0x08004ef4                . = ALIGN (0x4)

.eh_frame       0x08004ef4        0x4
 *(.eh_frame)
 .eh_frame      0x08004ef4        0x0 c:/users/gordon/documents/university/computer_graphics_architecture/dev/devkitpro/devkitarm/bin/../lib/gcc/arm-eabi/4.6.1/thumb/crtbegin.o
 .eh_frame      0x08004ef4        0x4 c:/users/gordon/documents/university/computer_graphics_architecture/dev/devkitpro/devkitarm/bin/../lib/gcc/arm-eabi/4.6.1/thumb/crtend.o
                0x08004ef8                . = ALIGN (0x4)

.gcc_except_table
                0x08004ef8        0x0
 *(.gcc_except_table)
                0x08004ef8                . = ALIGN (0x4)
                0x08004ef8                __iwram_lma = .

.iwram          0x03000000        0x0 load address 0x08004ef8
                0x03000000                __iwram_start__ = ABSOLUTE (.)
 *(.iwram)
 *iwram.*(.text)
                0x03000000                . = ALIGN (0x4)
                0x03000000                __iwram_end__ = ABSOLUTE (.)
                0x08004ef8                __data_lma = (__iwram_lma + SIZEOF (.iwram))

.bss            0x03000000     0x1734
                0x03000000                __bss_start = ABSOLUTE (.)
                0x03000000                __bss_start__ = ABSOLUTE (.)
 *(.dynbss)
 *(.gnu.linkonce.b*)
 *(.bss*)
 .bss           0x03000000        0x0 c:/users/gordon/documents/university/computer_graphics_architecture/dev/devkitpro/devkitarm/bin/../lib/gcc/arm-eabi/4.6.1/../../../../arm-eabi/lib/thumb/gba_crt0.o
 .bss           0x03000000        0x0 c:/users/gordon/documents/university/computer_graphics_architecture/dev/devkitpro/devkitarm/bin/../lib/gcc/arm-eabi/4.6.1/thumb/crti.o
 .bss           0x03000000       0x1c c:/users/gordon/documents/university/computer_graphics_architecture/dev/devkitpro/devkitarm/bin/../lib/gcc/arm-eabi/4.6.1/thumb/crtbegin.o
 .bss           0x0300001c        0x0 tiles.o
 .bss           0x0300001c        0x0 font.o
 .bss           0x0300001c      0x400 gba.o
                0x0300001c                ObjBuffer
 .bss           0x0300041c       0x50 main.o
                0x0300041c                bgs
 .bss           0x0300046c        0x0 player.o
 .bss           0x0300046c        0x0 util.o
 .bss           0x0300046c     0x12c0 world.o
                0x0300046c                map
 .bss           0x0300172c        0x0 c:/users/gordon/documents/university/computer_graphics_architecture/dev/devkitpro/devkitarm/bin/../lib/gcc/arm-eabi/4.6.1/../../../../arm-eabi/lib/thumb\libg.a(lib_a-init.o)
 .bss           0x0300172c        0x8 c:/users/gordon/documents/university/computer_graphics_architecture/dev/devkitpro/devkitarm/bin/../lib/gcc/arm-eabi/4.6.1/../../../../arm-eabi/lib/thumb\libsysbase.a(malloc_vars.o)
                0x0300172c                fake_heap_start
                0x03001730                fake_heap_end
 .bss           0x03001734        0x0 c:/users/gordon/documents/university/computer_graphics_architecture/dev/devkitpro/devkitarm/bin/../lib/gcc/arm-eabi/4.6.1/thumb/crtend.o
 .bss           0x03001734        0x0 c:/users/gordon/documents/university/computer_graphics_architecture/dev/devkitpro/devkitarm/bin/../lib/gcc/arm-eabi/4.6.1/thumb/crtn.o
 *(COMMON)
                0x03001734                . = ALIGN (0x4)
                0x03001734                __bss_end__ = ABSOLUTE (.)

.data           0x03001734        0x8 load address 0x08004ef8
                0x03001734                __data_start__ = ABSOLUTE (.)
 *(.data)
 .data          0x03001734        0x0 c:/users/gordon/documents/university/computer_graphics_architecture/dev/devkitpro/devkitarm/bin/../lib/gcc/arm-eabi/4.6.1/../../../../arm-eabi/lib/thumb/gba_crt0.o
 .data          0x03001734        0x0 c:/users/gordon/documents/university/computer_graphics_architecture/dev/devkitpro/devkitarm/bin/../lib/gcc/arm-eabi/4.6.1/thumb/crti.o
 .data          0x03001734        0x4 c:/users/gordon/documents/university/computer_graphics_architecture/dev/devkitpro/devkitarm/bin/../lib/gcc/arm-eabi/4.6.1/thumb/crtbegin.o
                0x03001734                __dso_handle
 .data          0x03001738        0x0 tiles.o
 .data          0x03001738        0x0 font.o
 .data          0x03001738        0x4 gba.o
                0x03001738                BackBuffer
 .data          0x0300173c        0x0 main.o
 .data          0x0300173c        0x0 player.o
 .data          0x0300173c        0x0 util.o
 .data          0x0300173c        0x0 world.o
 .data          0x0300173c        0x0 c:/users/gordon/documents/university/computer_graphics_architecture/dev/devkitpro/devkitarm/bin/../lib/gcc/arm-eabi/4.6.1/../../../../arm-eabi/lib/thumb\libg.a(lib_a-init.o)
 .data          0x0300173c        0x0 c:/users/gordon/documents/university/computer_graphics_architecture/dev/devkitpro/devkitarm/bin/../lib/gcc/arm-eabi/4.6.1/../../../../arm-eabi/lib/thumb\libsysbase.a(malloc_vars.o)
 .data          0x0300173c        0x0 c:/users/gordon/documents/university/computer_graphics_architecture/dev/devkitpro/devkitarm/bin/../lib/gcc/arm-eabi/4.6.1/thumb/crtend.o
 .data          0x0300173c        0x0 c:/users/gordon/documents/university/computer_graphics_architecture/dev/devkitpro/devkitarm/bin/../lib/gcc/arm-eabi/4.6.1/thumb/crtn.o
 *(.data.*)
 *(.gnu.linkonce.d*)
                0x0300173c                . = ALIGN (0x4)
                0x08004f00                __preinit_lma = (__data_lma + SIZEOF (.data))
                0x0300173c                PROVIDE (__preinit_array_start, .)

.preinit_array  0x0300173c        0x0 load address 0x08004f00
 *(.preinit_array)
                0x0300173c                PROVIDE (__preinit_array_end, .)
                0x08004f00                __init_lma = (__preinit_lma + SIZEOF (.preinit_array))
                0x0300173c                PROVIDE (__init_array_start, .)

.init_array     0x0300173c        0xc load address 0x08004f00
 *(SORT(.init_array.*))
 *(.init_array)
 .init_array    0x0300173c        0x4 c:/users/gordon/documents/university/computer_graphics_architecture/dev/devkitpro/devkitarm/bin/../lib/gcc/arm-eabi/4.6.1/thumb/crtbegin.o
 .init_array    0x03001740        0x4 main.o
 .init_array    0x03001744        0x4 world.o
                0x03001748                PROVIDE (__init_array_end, .)
                0x03001748                PROVIDE (__fini_array_start, .)
                0x08004f0c                __fini_lma = (__init_lma + SIZEOF (.init_array))

.fini_array     0x03001748        0x4 load address 0x08004f0c
 *(SORT(.fini_array.*))
 *(.fini_array)
 .fini_array    0x03001748        0x4 c:/users/gordon/documents/university/computer_graphics_architecture/dev/devkitpro/devkitarm/bin/../lib/gcc/arm-eabi/4.6.1/thumb/crtbegin.o
                0x0300174c                PROVIDE (__fini_array_end, .)
                0x08004f10                __jcr_lma = (__fini_lma + SIZEOF (.fini_array))

.jcr            0x0300174c        0x4 load address 0x08004f10
 *(.jcr)
 .jcr           0x0300174c        0x0 c:/users/gordon/documents/university/computer_graphics_architecture/dev/devkitpro/devkitarm/bin/../lib/gcc/arm-eabi/4.6.1/thumb/crtbegin.o
 .jcr           0x0300174c        0x4 c:/users/gordon/documents/university/computer_graphics_architecture/dev/devkitpro/devkitarm/bin/../lib/gcc/arm-eabi/4.6.1/thumb/crtend.o
                0x03001750                __data_end__ = ABSOLUTE (.)
                0x08004f14                __iwram_overlay_lma = (__jcr_lma + SIZEOF (.jcr))
                0x03001750                __iwram_overlay_start = .

.iwram0         0x03001750        0x0 load address 0x08004f14
 *(.iwram0)
                0x03001750                . = ALIGN (0x4)
                0x08004f14                PROVIDE (__load_start_iwram0, LOADADDR (.iwram0))
                0x08004f14                PROVIDE (__load_stop_iwram0, (LOADADDR (.iwram0) + SIZEOF (.iwram0)))

.iwram1         0x03001750        0x0
 *(.iwram1)
                0x03001750                . = ALIGN (0x4)
                0x03001750                PROVIDE (__load_start_iwram1, LOADADDR (.iwram1))
                0x03001750                PROVIDE (__load_stop_iwram1, (LOADADDR (.iwram1) + SIZEOF (.iwram1)))

.iwram2         0x03001750        0x0
 *(.iwram2)
                0x03001750                . = ALIGN (0x4)
                0x03001750                PROVIDE (__load_start_iwram2, LOADADDR (.iwram2))
                0x03001750                PROVIDE (__load_stop_iwram2, (LOADADDR (.iwram2) + SIZEOF (.iwram2)))

.iwram3         0x03001750        0x0
 *(.iwram3)
                0x03001750                . = ALIGN (0x4)
                0x03001750                PROVIDE (__load_start_iwram3, LOADADDR (.iwram3))
                0x03001750                PROVIDE (__load_stop_iwram3, (LOADADDR (.iwram3) + SIZEOF (.iwram3)))

.iwram4         0x03001750        0x0
 *(.iwram4)
                0x03001750                . = ALIGN (0x4)
                0x03001750                PROVIDE (__load_start_iwram4, LOADADDR (.iwram4))
                0x03001750                PROVIDE (__load_stop_iwram4, (LOADADDR (.iwram4) + SIZEOF (.iwram4)))

.iwram5         0x03001750        0x0
 *(.iwram5)
                0x03001750                . = ALIGN (0x4)
                0x03001750                PROVIDE (__load_start_iwram5, LOADADDR (.iwram5))
                0x03001750                PROVIDE (__load_stop_iwram5, (LOADADDR (.iwram5) + SIZEOF (.iwram5)))

.iwram6         0x03001750        0x0
 *(.iwram6)
                0x03001750                . = ALIGN (0x4)
                0x03001750                PROVIDE (__load_start_iwram6, LOADADDR (.iwram6))
                0x03001750                PROVIDE (__load_stop_iwram6, (LOADADDR (.iwram6) + SIZEOF (.iwram6)))

.iwram7         0x03001750        0x0
 *(.iwram7)
                0x03001750                . = ALIGN (0x4)
                0x03001750                PROVIDE (__load_start_iwram7, LOADADDR (.iwram7))
                0x03001750                PROVIDE (__load_stop_iwram7, (LOADADDR (.iwram7) + SIZEOF (.iwram7)))

.iwram8         0x03001750        0x0
 *(.iwram8)
                0x03001750                . = ALIGN (0x4)
                0x03001750                PROVIDE (__load_start_iwram8, LOADADDR (.iwram8))
                0x03001750                PROVIDE (__load_stop_iwram8, (LOADADDR (.iwram8) + SIZEOF (.iwram8)))

.iwram9         0x03001750        0x0
 *(.iwram9)
                0x03001750                . = ALIGN (0x4)
                0x03001750                PROVIDE (__load_start_iwram9, LOADADDR (.iwram9))
                0x03001750                PROVIDE (__load_stop_iwram9, (LOADADDR (.iwram9) + SIZEOF (.iwram9)))
                0x03001750                __iwram_overlay_end = .
                0x08004f14                __ewram_lma = (__iwram_overlay_lma + (__iwram_overlay_end - __iwram_overlay_start))
                0x03001750                __iheap_start = .
                0x02000000                __ewram_start = ORIGIN (ewram)

.ewram          0x02000000        0x0 load address 0x08004f14
 *(.ewram)
                0x02000000                . = ALIGN (0x4)
                0x08004f14                __pad_lma = (__ewram_lma + SIZEOF (.ewram))

.sbss           0x02000000        0x0
                0x02000000                __sbss_start__ = ABSOLUTE (.)
 *(.sbss)
                0x02000000                . = ALIGN (0x4)
                0x02000000                __sbss_end__ = ABSOLUTE (.)
                0x02000000                __end__ = ABSOLUTE (.)
                0x02000000                __ewram_end = ABSOLUTE (.)
                0x02000000                __eheap_start = ABSOLUTE (.)

.pad            0x02000000        0x8 load address 0x08004f14
                0x02000000        0x4 LONG 0x52416b64
                0x02000004        0x4 LONG 0x4d
                0x02000008                . = ALIGN (0x4)
                0x08004f1c                __rom_end__ = (__pad_lma + SIZEOF (.pad))

.stab
 *(.stab)

.stabstr
 *(.stabstr)

.stab.excl
 *(.stab.excl)

.stab.exclstr
 *(.stab.exclstr)

.stab.index
 *(.stab.index)

.stab.indexstr
 *(.stab.indexstr)

.comment        0x00000000       0x22
 *(.comment)
 .comment       0x00000000       0x22 c:/users/gordon/documents/university/computer_graphics_architecture/dev/devkitpro/devkitarm/bin/../lib/gcc/arm-eabi/4.6.1/thumb/crtbegin.o
                                 0x23 (size before relaxing)
 .comment       0x00000000       0x23 tiles.o
 .comment       0x00000000       0x23 font.o
 .comment       0x00000000       0x23 gba.o
 .comment       0x00000000       0x23 main.o
 .comment       0x00000000       0x23 player.o
 .comment       0x00000000       0x23 util.o
 .comment       0x00000000       0x23 world.o
 .comment       0x00000000       0x23 c:/users/gordon/documents/university/computer_graphics_architecture/dev/devkitpro/devkitarm/bin/../lib/gcc/arm-eabi/4.6.1/../../../../arm-eabi/lib/thumb\libg.a(lib_a-init.o)
 .comment       0x00000000       0x23 c:/users/gordon/documents/university/computer_graphics_architecture/dev/devkitpro/devkitarm/bin/../lib/gcc/arm-eabi/4.6.1/../../../../arm-eabi/lib/thumb\libsysbase.a(malloc_vars.o)
 .comment       0x00000000       0x23 c:/users/gordon/documents/university/computer_graphics_architecture/dev/devkitpro/devkitarm/bin/../lib/gcc/arm-eabi/4.6.1/thumb/crtend.o

.debug
 *(.debug)

.line
 *(.line)

.debug_srcinfo
 *(.debug_srcinfo)

.debug_sfnames
 *(.debug_sfnames)

.debug_aranges  0x00000000       0xc0
 *(.debug_aranges)
 .debug_aranges
                0x00000000       0x20 gba.o
 .debug_aranges
                0x00000020       0x38 main.o
 .debug_aranges
                0x00000058       0x20 player.o
 .debug_aranges
                0x00000078       0x20 util.o
 .debug_aranges
                0x00000098       0x28 world.o

.debug_pubnames
 *(.debug_pubnames)

.debug_info     0x00000000     0x3635
 *(.debug_info)
 .debug_info    0x00000000      0x104 tiles.o
 .debug_info    0x00000104       0x9f font.o
 .debug_info    0x000001a3      0x413 gba.o
 .debug_info    0x000005b6     0x21cf main.o
 .debug_info    0x00002785      0x6f5 player.o
 .debug_info    0x00002e7a      0x11c util.o
 .debug_info    0x00002f96      0x69f world.o

.debug_abbrev   0x00000000      0xd3f
 *(.debug_abbrev)
 .debug_abbrev  0x00000000       0x52 tiles.o
 .debug_abbrev  0x00000052       0x63 font.o
 .debug_abbrev  0x000000b5      0x1e2 gba.o
 .debug_abbrev  0x00000297      0x50c main.o
 .debug_abbrev  0x000007a3      0x256 player.o
 .debug_abbrev  0x000009f9       0xbe util.o
 .debug_abbrev  0x00000ab7      0x288 world.o

.debug_line     0x00000000      0xfe0
 *(.debug_line)
 .debug_line    0x00000000       0x58 tiles.o
 .debug_line    0x00000058       0x4b font.o
 .debug_line    0x000000a3      0x1a3 gba.o
 .debug_line    0x00000246      0x84b main.o
 .debug_line    0x00000a91      0x23c player.o
 .debug_line    0x00000ccd      0x138 util.o
 .debug_line    0x00000e05      0x1db world.o

.debug_frame    0x00000000      0x30c
 *(.debug_frame)
 .debug_frame   0x00000000       0xd0 gba.o
 .debug_frame   0x000000d0       0xc4 main.o
 .debug_frame   0x00000194       0xd0 player.o
 .debug_frame   0x00000264       0x20 util.o
 .debug_frame   0x00000284       0x88 world.o

.debug_str      0x00000000      0xf9f
 *(.debug_str)
 .debug_str     0x00000000       0xd7 tiles.o
                                 0xf0 (size before relaxing)
 .debug_str     0x000000d7       0x41 font.o
                                 0xb8 (size before relaxing)
 .debug_str     0x00000118      0x16e gba.o
                                0x1f1 (size before relaxing)
 .debug_str     0x00000286      0xbf2 main.o
                                0xe1c (size before relaxing)
 .debug_str     0x00000e78       0x54 player.o
                                0x29d (size before relaxing)
 .debug_str     0x00000ecc       0x48 util.o
                                 0xfc (size before relaxing)
 .debug_str     0x00000f14       0x8b world.o
                                0x2e8 (size before relaxing)

.debug_loc      0x00000000      0xdb8
 *(.debug_loc)
 .debug_loc     0x00000000      0x31a gba.o
 .debug_loc     0x0000031a      0x44c main.o
 .debug_loc     0x00000766      0x356 player.o
 .debug_loc     0x00000abc       0x13 util.o
 .debug_loc     0x00000acf      0x2e9 world.o

.debug_macinfo
 *(.debug_macinfo)

.debug_weaknames
 *(.debug_weaknames)

.debug_funcnames
 *(.debug_funcnames)

.debug_typenames
 *(.debug_typenames)

.debug_varnames
 *(.debug_varnames)

.stack          0x00080000        0x0
                0x00080000                _stack = .
 *(.stack)

.note.gnu.arm.ident
 *(.note.gnu.arm.ident)

.ARM.attributes
                0x00000000       0x2d
 *(.ARM.attributes)
 .ARM.attributes
                0x00000000       0x18 c:/users/gordon/documents/university/computer_graphics_architecture/dev/devkitpro/devkitarm/bin/../lib/gcc/arm-eabi/4.6.1/../../../../arm-eabi/lib/thumb/gba_crt0.o
 .ARM.attributes
                0x00000018       0x18 c:/users/gordon/documents/university/computer_graphics_architecture/dev/devkitpro/devkitarm/bin/../lib/gcc/arm-eabi/4.6.1/thumb/crti.o
 .ARM.attributes
                0x00000030       0x32 c:/users/gordon/documents/university/computer_graphics_architecture/dev/devkitpro/devkitarm/bin/../lib/gcc/arm-eabi/4.6.1/thumb/crtbegin.o
 .ARM.attributes
                0x00000062       0x2e tiles.o
 .ARM.attributes
                0x00000090       0x2e font.o
 .ARM.attributes
                0x000000be       0x2e gba.o
 .ARM.attributes
                0x000000ec       0x2e main.o
 .ARM.attributes
                0x0000011a       0x2e player.o
 .ARM.attributes
                0x00000148       0x2e util.o
 .ARM.attributes
                0x00000176       0x2e world.o
 .ARM.attributes
                0x000001a4       0x32 c:/users/gordon/documents/university/computer_graphics_architecture/dev/devkitpro/devkitarm/bin/../lib/gcc/arm-eabi/4.6.1/../../../../arm-eabi/lib/thumb\libg.a(lib_a-init.o)
 .ARM.attributes
                0x000001d6       0x32 c:/users/gordon/documents/university/computer_graphics_architecture/dev/devkitpro/devkitarm/bin/../lib/gcc/arm-eabi/4.6.1/../../../../arm-eabi/lib/thumb\libsysbase.a(malloc_vars.o)
 .ARM.attributes
                0x00000208       0x32 c:/users/gordon/documents/university/computer_graphics_architecture/dev/devkitpro/devkitarm/bin/../lib/gcc/arm-eabi/4.6.1/thumb/crtend.o
 .ARM.attributes
                0x0000023a       0x18 c:/users/gordon/documents/university/computer_graphics_architecture/dev/devkitpro/devkitarm/bin/../lib/gcc/arm-eabi/4.6.1/thumb/crtn.o

/DISCARD/
 *(.note.GNU-stack)
LOAD c:/users/gordon/documents/university/computer_graphics_architecture/dev/devkitpro/devkitarm/bin/../lib/gcc/arm-eabi/4.6.1/../../../../arm-eabi/lib/thumb/gba_crt0.o
LOAD c:/users/gordon/documents/university/computer_graphics_architecture/dev/devkitpro/devkitarm/bin/../lib/gcc/arm-eabi/4.6.1/thumb/crti.o
LOAD c:/users/gordon/documents/university/computer_graphics_architecture/dev/devkitpro/devkitarm/bin/../lib/gcc/arm-eabi/4.6.1/thumb/crtbegin.o
LOAD tiles.o
LOAD font.o
LOAD gba.o
LOAD main.o
LOAD player.o
LOAD util.o
LOAD world.o
LOAD c:/Users/Gordon/Documents/University/Computer_Graphics_Architecture/dev/devkitPro/libgba/lib\libgba.a
LOAD c:/users/gordon/documents/university/computer_graphics_architecture/dev/devkitpro/devkitarm/bin/../lib/gcc/arm-eabi/4.6.1/../../../../arm-eabi/lib/thumb\libstdc++.a
LOAD c:/users/gordon/documents/university/computer_graphics_architecture/dev/devkitpro/devkitarm/bin/../lib/gcc/arm-eabi/4.6.1/../../../../arm-eabi/lib/thumb\libm.a
START GROUP
LOAD c:/users/gordon/documents/university/computer_graphics_architecture/dev/devkitpro/devkitarm/bin/../lib/gcc/arm-eabi/4.6.1/thumb\libgcc.a
LOAD c:/users/gordon/documents/university/computer_graphics_architecture/dev/devkitpro/devkitarm/bin/../lib/gcc/arm-eabi/4.6.1/../../../../arm-eabi/lib/thumb\libg.a
LOAD c:/users/gordon/documents/university/computer_graphics_architecture/dev/devkitpro/devkitarm/bin/../lib/gcc/arm-eabi/4.6.1/../../../../arm-eabi/lib/thumb\libc.a
LOAD c:/users/gordon/documents/university/computer_graphics_architecture/dev/devkitpro/devkitarm/bin/../lib/gcc/arm-eabi/4.6.1/../../../../arm-eabi/lib/thumb\libsysbase.a
END GROUP
LOAD c:/users/gordon/documents/university/computer_graphics_architecture/dev/devkitpro/devkitarm/bin/../lib/gcc/arm-eabi/4.6.1/thumb/crtend.o
LOAD c:/users/gordon/documents/university/computer_graphics_architecture/dev/devkitpro/devkitarm/bin/../lib/gcc/arm-eabi/4.6.1/thumb/crtn.o
OUTPUT(c:/Projects/LimitSky/LimitSky/dist/LimitSky.elf elf32-littlearm)

.debug_ranges   0x00000000      0x308
 .debug_ranges  0x00000000       0xe0 gba.o
 .debug_ranges  0x000000e0      0x1a8 main.o
 .debug_ranges  0x00000288       0x50 player.o
 .debug_ranges  0x000002d8       0x30 world.o
