Archive member included because of file (symbol)

c:/users/gordon/documents/university/computer_graphics_architecture/dev/devkitpro/devkitarm/bin/../lib/gcc/arm-eabi/4.6.1/../../../../arm-eabi/lib/thumb\libstdc++.a(new_op.o)
                              main.o (operator new(unsigned int))
c:/users/gordon/documents/university/computer_graphics_architecture/dev/devkitpro/devkitarm/bin/../lib/gcc/arm-eabi/4.6.1/../../../../arm-eabi/lib/thumb\libstdc++.a(bad_alloc.o)
                              c:/users/gordon/documents/university/computer_graphics_architecture/dev/devkitpro/devkitarm/bin/../lib/gcc/arm-eabi/4.6.1/../../../../arm-eabi/lib/thumb\libstdc++.a(new_op.o) (typeinfo for std::bad_alloc)
c:/users/gordon/documents/university/computer_graphics_architecture/dev/devkitpro/devkitarm/bin/../lib/gcc/arm-eabi/4.6.1/../../../../arm-eabi/lib/thumb\libstdc++.a(del_op.o)
                              c:/users/gordon/documents/university/computer_graphics_architecture/dev/devkitpro/devkitarm/bin/../lib/gcc/arm-eabi/4.6.1/../../../../arm-eabi/lib/thumb\libstdc++.a(bad_alloc.o) (operator delete(void*))
c:/users/gordon/documents/university/computer_graphics_architecture/dev/devkitpro/devkitarm/bin/../lib/gcc/arm-eabi/4.6.1/../../../../arm-eabi/lib/thumb\libstdc++.a(eh_alloc.o)
                              c:/users/gordon/documents/university/computer_graphics_architecture/dev/devkitpro/devkitarm/bin/../lib/gcc/arm-eabi/4.6.1/../../../../arm-eabi/lib/thumb\libstdc++.a(new_op.o) (__cxa_allocate_exception)
c:/users/gordon/documents/university/computer_graphics_architecture/dev/devkitpro/devkitarm/bin/../lib/gcc/arm-eabi/4.6.1/../../../../arm-eabi/lib/thumb\libstdc++.a(eh_arm.o)
                              c:/users/gordon/documents/university/computer_graphics_architecture/dev/devkitpro/devkitarm/bin/../lib/gcc/arm-eabi/4.6.1/../../../../arm-eabi/lib/thumb\libstdc++.a(new_op.o) (__cxa_end_cleanup)
c:/users/gordon/documents/university/computer_graphics_architecture/dev/devkitpro/devkitarm/bin/../lib/gcc/arm-eabi/4.6.1/../../../../arm-eabi/lib/thumb\libstdc++.a(eh_aux_runtime.o)
                              c:/users/gordon/documents/university/computer_graphics_architecture/dev/devkitpro/devkitarm/bin/../lib/gcc/arm-eabi/4.6.1/../../../../arm-eabi/lib/thumb\libstdc++.a(eh_arm.o) (__cxa_bad_typeid)
c:/users/gordon/documents/university/computer_graphics_architecture/dev/devkitpro/devkitarm/bin/../lib/gcc/arm-eabi/4.6.1/../../../../arm-eabi/lib/thumb\libstdc++.a(eh_call.o)
                              c:/users/gordon/documents/university/computer_graphics_architecture/dev/devkitpro/devkitarm/bin/../lib/gcc/arm-eabi/4.6.1/../../../../arm-eabi/lib/thumb\libstdc++.a(new_op.o) (__cxa_call_unexpected)
c:/users/gordon/documents/university/computer_graphics_architecture/dev/devkitpro/devkitarm/bin/../lib/gcc/arm-eabi/4.6.1/../../../../arm-eabi/lib/thumb\libstdc++.a(eh_catch.o)
                              c:/users/gordon/documents/university/computer_graphics_architecture/dev/devkitpro/devkitarm/bin/../lib/gcc/arm-eabi/4.6.1/../../../../arm-eabi/lib/thumb\libstdc++.a(eh_call.o) (__cxa_begin_catch)
c:/users/gordon/documents/university/computer_graphics_architecture/dev/devkitpro/devkitarm/bin/../lib/gcc/arm-eabi/4.6.1/../../../../arm-eabi/lib/thumb\libstdc++.a(eh_exception.o)
                              c:/users/gordon/documents/university/computer_graphics_architecture/dev/devkitpro/devkitarm/bin/../lib/gcc/arm-eabi/4.6.1/../../../../arm-eabi/lib/thumb\libstdc++.a(bad_alloc.o) (std::exception::~exception())
c:/users/gordon/documents/university/computer_graphics_architecture/dev/devkitpro/devkitarm/bin/../lib/gcc/arm-eabi/4.6.1/../../../../arm-eabi/lib/thumb\libstdc++.a(eh_globals.o)
                              c:/users/gordon/documents/university/computer_graphics_architecture/dev/devkitpro/devkitarm/bin/../lib/gcc/arm-eabi/4.6.1/../../../../arm-eabi/lib/thumb\libstdc++.a(eh_call.o) (__cxa_get_globals_fast)
c:/users/gordon/documents/university/computer_graphics_architecture/dev/devkitpro/devkitarm/bin/../lib/gcc/arm-eabi/4.6.1/../../../../arm-eabi/lib/thumb\libstdc++.a(eh_personality.o)
                              c:/users/gordon/documents/university/computer_graphics_architecture/dev/devkitpro/devkitarm/bin/../lib/gcc/arm-eabi/4.6.1/../../../../arm-eabi/lib/thumb\libstdc++.a(new_op.o) (__gxx_personality_v0)
c:/users/gordon/documents/university/computer_graphics_architecture/dev/devkitpro/devkitarm/bin/../lib/gcc/arm-eabi/4.6.1/../../../../arm-eabi/lib/thumb\libstdc++.a(eh_terminate.o)
                              c:/users/gordon/documents/university/computer_graphics_architecture/dev/devkitpro/devkitarm/bin/../lib/gcc/arm-eabi/4.6.1/../../../../arm-eabi/lib/thumb\libstdc++.a(eh_call.o) (__cxxabiv1::__terminate(void (*)()))
c:/users/gordon/documents/university/computer_graphics_architecture/dev/devkitpro/devkitarm/bin/../lib/gcc/arm-eabi/4.6.1/../../../../arm-eabi/lib/thumb\libstdc++.a(eh_term_handler.o)
[...]
Memory Configuration

Name             Origin             Length             Attributes
rom              0x08000000         0x02000000
iwram            0x03000000         0x00008000
ewram            0x02000000         0x00040000
*default*        0x00000000         0xffffffff

Linker script and memory map

                0x08000000                __text_start = ORIGIN (rom)
                0x02040000                __eheap_end = (ORIGIN (ewram) + 0x40000)
                0x03000000                __iwram_start = ORIGIN (iwram)
                0x03008000                __iwram_top = (ORIGIN (iwram) + 0x8000)
                0x03007fa0                __sp_irq = (__iwram_top - 0x60)
                0x03007f00                __sp_usr = (__sp_irq - 0xa0)
                0x03007ff8                __irq_flags = 0x3007ff8
                0x08000000                . = __text_start

.init           0x08000000      0x21c
 *(.init)
 .init          0x08000000      0x210 c:/users/gordon/documents/university/computer_graphics_architecture/dev/devkitpro/devkitarm/bin/../lib/gcc/arm-eabi/4.6.1/../../../../arm-eabi/lib/thumb/gba_crt0.o
                0x08000000                _start
                0x080000c4                __boot_method
                0x080000c5                __slave_number
                0x080000e0                start_vector
 .init          0x08000210        0x4 c:/users/gordon/documents/university/computer_graphics_architecture/dev/devkitpro/devkitarm/bin/../lib/gcc/arm-eabi/4.6.1/thumb/crti.o
                0x08000210                _init
 .init          0x08000214        0x8 c:/users/gordon/documents/university/computer_graphics_architecture/dev/devkitpro/devkitarm/bin/../lib/gcc/arm-eabi/4.6.1/thumb/crtn.o
                0x0800021c                . = ALIGN (0x4)

.plt            0x0800021c        0x0
 *(.plt)
                0x0800021c                . = ALIGN (0x4)

.text           0x08000220    0x10eb8
 *(EXCLUDE_FILE(*.iwram*) .text)
 .text          0x08000220        0x0 c:/users/gordon/documents/university/computer_graphics_architecture/dev/devkitpro/devkitarm/bin/../lib/gcc/arm-eabi/4.6.1/../../../../arm-eabi/lib/thumb/gba_crt0.o
 .text          0x08000220        0x0 c:/users/gordon/documents/university/computer_graphics_architecture/dev/devkitpro/devkitarm/bin/../lib/gcc/arm-eabi/4.6.1/thumb/crti.o
 .text          0x08000220       0x6c c:/users/gordon/documents/university/computer_graphics_architecture/dev/devkitpro/devkitarm/bin/../lib/gcc/arm-eabi/4.6.1/thumb/crtbegin.o
 .text          0x0800028c        0x0 tiles.o
 .text          0x0800028c        0x0 font.o
 .text          0x0800028c      0x154 gba.o
                0x0800028c                WaitVSync()
                0x080002a8                FlipBuffers()
                0x080002d4                ClearScreen8(unsigned char)
                0x080002fc                ClearScreen16(unsigned short)
                0x08000318                CopyScreen()
                0x08000350                ClearObjects()
                0x08000394                UpdateObjects()
                0x080003c0                CopyToVRAM(unsigned short volatile*, unsigned short const*, int)
 .text          0x080003e0      0x1c4 main.o
                0x080003e0                initDisplay()
                0x08000468                loadTiles()
                0x08000560                loadPalletes()
 .text          0x080005a4      0x308 player.o
                0x080005a4                Player::Player(int, int)
                0x080005a4                Player::Player(int, int)
                0x080005cc                Player::tillSoil()
                0x08000600                Player::plantSeeds()
                0x08000634                Player::waterSoil()
                0x08000668                Player::harvestCrops()
                0x0800069c                Player::updatePosition()
                0x080006fc                Player::getInputs()
                0x08000824                Player::onTick()
 .text          0x080008ac       0x10 util.o
                0x080008ac                isKeyDown(int)
 .text          0x080008bc       0xfc world.o
                0x080008bc                harvest(int, int)
                0x080008f8                till(int, int)
                0x08000934                water(int, int)
                0x08000974                plant(int, int)
 .text          0x080009b8        0x0 c:/users/gordon/documents/university/computer_graphics_architecture/dev/devkitpro/devkitarm/bin/../lib/gcc/arm-eabi/4.6.1/../../../../arm-eabi/lib/thumb\libstdc++.a(new_op.o)
 .text          0x080009b8        0x0 c:/users/gordon/documents/university/computer_graphics_architecture/dev/devkitpro/devkitarm/bin/../lib/gcc/arm-eabi/4.6.1/../../../../arm-eabi/lib/thumb\libstdc++.a(bad_alloc.o)
 .text          0x080009b8        0x0 c:/users/gordon/documents/university/computer_graphics_architecture/dev/devkitpro/devkitarm/bin/../lib/gcc/arm-eabi/4.6.1/../../../../arm-eabi/lib/thumb\libstdc++.a(del_op.o)
 .text          0x080009b8        0x0 c:/users/gordon/documents/university/computer_graphics_architecture/dev/devkitpro/devkitarm/bin/../lib/gcc/arm-eabi/4.6.1/../../../../arm-eabi/lib/thumb\libstdc++.a(eh_alloc.o)
 .text          0x080009b8        0x0 c:/users/gordon/documents/university/computer_graphics_architecture/dev/devkitpro/devkitarm/bin/../lib/gcc/arm-eabi/4.6.1/../../../../arm-eabi/lib/thumb\libstdc++.a(eh_arm.o)
 .text          0x080009b8        0x0 c:/users/gordon/documents/university/computer_graphics_architecture/dev/devkitpro/devkitarm/bin/../lib/gcc/arm-eabi/4.6.1/../../../../arm-eabi/lib/thumb\libstdc++.a(eh_aux_runtime.o)
 .text          0x080009b8        0x0 c:/users/gordon/documents/university/computer_graphics_architecture/dev/devkitpro/devkitarm/bin/../lib/gcc/arm-eabi/4.6.1/../../../../arm-eabi/lib/thumb\libstdc++.a(eh_call.o)
 .text          0x080009b8        0x0 c:/users/gordon/documents/university/computer_graphics_architecture/dev/devkitpro/devkitarm/bin/../lib/gcc/arm-eabi/4.6.1/../../../../arm-eabi/lib/thumb\libstdc++.a(eh_catch.o)
 .text          0x080009b8        0x0 c:/users/gordon/documents/university/computer_graphics_architecture/dev/devkitpro/devkitarm/bin/../lib/gcc/arm-eabi/4.6.1/../../../../arm-eabi/lib/thumb\libstdc++.a(eh_exception.o)
 .text          0x080009b8        0x0 c:/users/gordon/documents/university/computer_graphics_architecture/dev/devkitpro/devkitarm/bin/../lib/gcc/arm-eabi/4.6.1/../../../../arm-eabi/lib/thumb\libstdc++.a(eh_globals.o)
 .text          0x080009b8        0x0 c:/users/gordon/documents/university/computer_graphics_architecture/dev/devkitpro/devkitarm/bin/../lib/gcc/arm-eabi/4.6.1/../../../../arm-eabi/lib/thumb\libstdc++.a(eh_personality.o)
 .text          0x080009b8        0x0 c:/users/gordon/documents/university/computer_graphics_architecture/dev/devkitpro/devkitarm/bin/../lib/gcc/arm-eabi/4.6.1/../../../../arm-eabi/lib/thumb\libstdc++.a(eh_terminate.o)
 .text          0x080009b8        0x0 c:/users/gordon/documents/university/computer_graphics_architecture/dev/devkitpro/devkitarm/bin/../lib/gcc/arm-eabi/4.6.1/../../../../arm-eabi/lib/thumb\libstdc++.a(eh_term_handler.o)
 .text          0x080009b8        0x0 c:/users/gordon/documents/university/computer_graphics_architecture/dev/devkitpro/devkitarm/bin/../lib/gcc/arm-eabi/4.6.1/../../../../arm-eabi/lib/thumb\libstdc++.a(eh_throw.o)
 .text          0x080009b8        0x0 c:/users/gordon/documents/university/computer_graphics_architecture/dev/devkitpro/devkitarm/bin/../lib/gcc/arm-eabi/4.6.1/../../../../arm-eabi/lib/thumb\libstdc++.a(eh_unex_handler.o)
 .text          0x080009b8        0x0 c:/users/gordon/documents/university/computer_graphics_architecture/dev/devkitpro/devkitarm/bin/../lib/gcc/arm-eabi/4.6.1/../../../../arm-eabi/lib/thumb\libstdc++.a(fundamental_type_info.o)
 .text          0x080009b8        0x0 c:/users/gordon/documents/university/computer_graphics_architecture/dev/devkitpro/devkitarm/bin/../lib/gcc/arm-eabi/4.6.1/../../../../arm-eabi/lib/thumb\libstdc++.a(new_handler.o)
 .text          0x080009b8        0x0 c:/users/gordon/documents/university/computer_graphics_architecture/dev/devkitpro/devkitarm/bin/../lib/gcc/arm-eabi/4.6.1/../../../../arm-eabi/lib/thumb\libstdc++.a(pointer_type_info.o)
 .text          0x080009b8        0x0 c:/users/gordon/documents/university/computer_graphics_architecture/dev/devkitpro/devkitarm/bin/../lib/gcc/arm-eabi/4.6.1/../../../../arm-eabi/lib/thumb\libstdc++.a(pure.o)
 .text          0x080009b8        0x0 c:/users/gordon/documents/university/computer_graphics_architecture/dev/devkitpro/devkitarm/bin/../lib/gcc/arm-eabi/4.6.1/../../../../arm-eabi/lib/thumb\libstdc++.a(si_class_type_info.o)
 .text          0x080009b8        0x0 c:/users/gordon/documents/university/computer_graphics_architecture/dev/devkitpro/devkitarm/bin/../lib/gcc/arm-eabi/4.6.1/../../../../arm-eabi/lib/thumb\libstdc++.a(tinfo.o)
 .text          0x080009b8        0x0 c:/users/gordon/documents/university/computer_graphics_architecture/dev/devkitpro/devkitarm/bin/../lib/gcc/arm-eabi/4.6.1/../../../../arm-eabi/lib/thumb\libstdc++.a(vterminate.o)
 .text          0x080009b8        0x0 c:/users/gordon/documents/university/computer_graphics_architecture/dev/devkitpro/devkitarm/bin/../lib/gcc/arm-eabi/4.6.1/../../../../arm-eabi/lib/thumb\libstdc++.a(bad_cast.o)
 .text          0x080009b8        0x0 c:/users/gordon/documents/university/computer_graphics_architecture/dev/devkitpro/devkitarm/bin/../lib/gcc/arm-eabi/4.6.1/../../../../arm-eabi/lib/thumb\libstdc++.a(bad_typeid.o)
 .text          0x080009b8        0x0 c:/users/gordon/documents/university/computer_graphics_architecture/dev/devkitpro/devkitarm/bin/../lib/gcc/arm-eabi/4.6.1/../../../../arm-eabi/lib/thumb\libstdc++.a(class_type_info.o)
 .text          0x080009b8     0x4f90 c:/users/gordon/documents/university/computer_graphics_architecture/dev/devkitpro/devkitarm/bin/../lib/gcc/arm-eabi/4.6.1/../../../../arm-eabi/lib/thumb\libstdc++.a(cp-demangle.o)
                0x08005854                __cxa_demangle
                0x0800591c                __gcclibcxx_demangle_callback
 .text          0x08005948        0x0 c:/users/gordon/documents/university/computer_graphics_architecture/dev/devkitpro/devkitarm/bin/../lib/gcc/arm-eabi/4.6.1/../../../../arm-eabi/lib/thumb\libstdc++.a(eh_type.o)
 .text          0x08005948        0x0 c:/users/gordon/documents/university/computer_graphics_architecture/dev/devkitpro/devkitarm/bin/../lib/gcc/arm-eabi/4.6.1/../../../../arm-eabi/lib/thumb\libstdc++.a(pbase_type_info.o)
 .text          0x08005948      0x11c c:/users/gordon/documents/university/computer_graphics_architecture/dev/devkitpro/devkitarm/bin/../lib/gcc/arm-eabi/4.6.1/thumb\libgcc.a(_udivsi3.o)
                0x08005948                __aeabi_uidiv
                0x08005948                __udivsi3
                0x08005a44                __aeabi_uidivmod
 .text          0x08005a64        0x4 c:/users/gordon/documents/university/computer_graphics_architecture/dev/devkitpro/devkitarm/bin/../lib/gcc/arm-eabi/4.6.1/thumb\libgcc.a(_dvmd_tls.o)
                0x08005a64                __aeabi_idiv0
                0x08005a64                __aeabi_ldiv0
 .text          0x08005a68      0xa84 c:/users/gordon/documents/university/computer_graphics_architecture/dev/devkitpro/devkitarm/bin/../lib/gcc/arm-eabi/4.6.1/thumb\libgcc.a(unwind-arm.o)
                0x08005d44                _Unwind_VRS_Get
                0x08005d90                _Unwind_VRS_Set
                0x080060d0                __aeabi_unwind_cpp_pr2
                0x080060e0                __aeabi_unwind_cpp_pr1
                0x080060f0                __aeabi_unwind_cpp_pr0
                0x08006100                _Unwind_VRS_Pop
                0x08006378                _Unwind_GetCFA
                0x0800637c                __gnu_Unwind_RaiseException
                0x080063dc                __gnu_Unwind_ForcedUnwind
                0x080063f4                __gnu_Unwind_Resume
                0x08006434                __gnu_Unwind_Resume_or_Rethrow
                0x08006454                _Unwind_Complete
                0x08006458                _Unwind_DeleteException
                0x08006470                __gnu_Unwind_Backtrace
 .text          0x080064ec      0x1d8 c:/users/gordon/documents/university/computer_graphics_architecture/dev/devkitpro/devkitarm/bin/../lib/gcc/arm-eabi/4.6.1/thumb\libgcc.a(libunwind.o)
                0x080064ec                __restore_core_regs
                0x080064ec                restore_core_regs
                0x08006508                __gnu_Unwind_Restore_VFP
                0x08006510                __gnu_Unwind_Save_VFP
                0x08006518                __gnu_Unwind_Restore_VFP_D
                0x08006520                __gnu_Unwind_Save_VFP_D
                0x08006528                __gnu_Unwind_Restore_VFP_D_16_to_31
                0x08006530                __gnu_Unwind_Save_VFP_D_16_to_31
                0x08006538                __gnu_Unwind_Restore_WMMXD
                0x0800657c                __gnu_Unwind_Save_WMMXD
                0x080065c0                __gnu_Unwind_Restore_WMMXC
                0x080065d4                __gnu_Unwind_Save_WMMXC
                0x080065e8                ___Unwind_RaiseException
                0x080065e8                _Unwind_RaiseException
                0x08006614                _Unwind_Resume
                0x08006614                ___Unwind_Resume
                0x08006640                _Unwind_Resume_or_Rethrow
                0x08006640                ___Unwind_Resume_or_Rethrow
                0x0800666c                _Unwind_ForcedUnwind
                0x0800666c                ___Unwind_ForcedUnwind
                0x08006698                ___Unwind_Backtrace
                0x08006698                _Unwind_Backtrace
 .text          0x080066c4      0x3a0 c:/users/gordon/documents/university/computer_graphics_architecture/dev/devkitpro/devkitarm/bin/../lib/gcc/arm-eabi/4.6.1/thumb\libgcc.a(pr-support.o)
                0x08006720                __gnu_unwind_execute
                0x08006a00                __gnu_unwind_frame
                0x08006a2c                _Unwind_GetRegionStart
                0x08006a3c                _Unwind_GetLanguageSpecificData
                0x08006a54                _Unwind_GetDataRelBase
                0x08006a5c                _Unwind_GetTextRelBase
 .text          0x08006a64       0x10 c:/users/gordon/documents/university/computer_graphics_architecture/dev/devkitpro/devkitarm/bin/../lib/gcc/arm-eabi/4.6.1/../../../../arm-eabi/lib/thumb\libg.a(lib_a-abort.o)
                0x08006a64                abort
 .text          0x08006a74       0x54 c:/users/gordon/documents/university/computer_graphics_architecture/dev/devkitpro/devkitarm/bin/../lib/gcc/arm-eabi/4.6.1/../../../../arm-eabi/lib/thumb\libg.a(lib_a-fputc.o)
                0x08006a74                _fputc_r
                0x08006a9c                fputc
 .text          0x08006ac8       0x78 c:/users/gordon/documents/university/computer_graphics_architecture/dev/devkitpro/devkitarm/bin/../lib/gcc/arm-eabi/4.6.1/../../../../arm-eabi/lib/thumb\libg.a(lib_a-fputs.o)
                0x08006ac8                _fputs_r
                0x08006b24                fputs
 .text          0x08006b40      0x31c c:/users/gordon/documents/university/computer_graphics_architecture/dev/devkitpro/devkitarm/bin/../lib/gcc/arm-eabi/4.6.1/../../../../arm-eabi/lib/thumb\libg.a(lib_a-fvwrite.o)
                0x08006b40                __sfvwrite_r
 .text          0x08006e5c       0x9c c:/users/gordon/documents/university/computer_graphics_architecture/dev/devkitpro/devkitarm/bin/../lib/gcc/arm-eabi/4.6.1/../../../../arm-eabi/lib/thumb\libg.a(lib_a-fwrite.o)
                0x08006e5c                _fwrite_r
                0x08006ed0                fwrite
 .text          0x08006ef8        0x0 c:/users/gordon/documents/university/computer_graphics_architecture/dev/devkitpro/devkitarm/bin/../lib/gcc/arm-eabi/4.6.1/../../../../arm-eabi/lib/thumb\libg.a(lib_a-impure.o)
 .text          0x08006ef8       0x50 c:/users/gordon/documents/university/computer_graphics_architecture/dev/devkitpro/devkitarm/bin/../lib/gcc/arm-eabi/4.6.1/../../../../arm-eabi/lib/thumb\libg.a(lib_a-init.o)
                0x08006ef8                __libc_init_array
 .text          0x08006f48       0x30 c:/users/gordon/documents/university/computer_graphics_architecture/dev/devkitpro/devkitarm/bin/../lib/gcc/arm-eabi/4.6.1/../../../../arm-eabi/lib/thumb\libg.a(lib_a-malloc.o)
                0x08006f48                malloc
                0x08006f60                free
 .text          0x08006f78      0x514 c:/users/gordon/documents/university/computer_graphics_architecture/dev/devkitpro/devkitarm/bin/../lib/gcc/arm-eabi/4.6.1/../../../../arm-eabi/lib/thumb\libg.a(lib_a-mallocr.o)
                0x08006f78                _malloc_r
 .text          0x0800748c       0x94 c:/users/gordon/documents/university/computer_graphics_architecture/dev/devkitpro/devkitarm/bin/../lib/gcc/arm-eabi/4.6.1/../../../../arm-eabi/lib/thumb\libg.a(lib_a-memchr.o)
                0x0800748c                memchr
 .text          0x08007520       0x64 c:/users/gordon/documents/university/computer_graphics_architecture/dev/devkitpro/devkitarm/bin/../lib/gcc/arm-eabi/4.6.1/../../../../arm-eabi/lib/thumb\libg.a(lib_a-memcmp.o)
                0x08007520                memcmp
 .text          0x08007584       0x80 c:/users/gordon/documents/university/computer_graphics_architecture/dev/devkitpro/devkitarm/bin/../lib/gcc/arm-eabi/4.6.1/../../../../arm-eabi/lib/thumb\libg.a(lib_a-memcpy.o)
                0x08007584                memcpy
 .text          0x08007604       0xa8 c:/users/gordon/documents/university/computer_graphics_architecture/dev/devkitpro/devkitarm/bin/../lib/gcc/arm-eabi/4.6.1/../../../../arm-eabi/lib/thumb\libg.a(lib_a-memmove.o)
                0x08007604                memmove
 .text          0x080076ac       0x98 c:/users/gordon/documents/university/computer_graphics_architecture/dev/devkitpro/devkitarm/bin/../lib/gcc/arm-eabi/4.6.1/../../../../arm-eabi/lib/thumb\libg.a(lib_a-memset.o)
                0x080076ac                memset
 .text          0x08007744        0x8 c:/users/gordon/documents/university/computer_graphics_architecture/dev/devkitpro/devkitarm/bin/../lib/gcc/arm-eabi/4.6.1/../../../../arm-eabi/lib/thumb\libg.a(lib_a-mlock.o)
                0x08007744                __malloc_lock
                0x08007748                __malloc_unlock
 .text          0x0800774c       0xc4 c:/users/gordon/documents/university/computer_graphics_architecture/dev/devkitpro/devkitarm/bin/../lib/gcc/arm-eabi/4.6.1/../../../../arm-eabi/lib/thumb\libg.a(lib_a-putc.o)
                0x0800774c                _putc_r
                0x080077ac                putc
 .text          0x08007810       0x1c c:/users/gordon/documents/university/computer_graphics_architecture/dev/devkitpro/devkitarm/bin/../lib/gcc/arm-eabi/4.6.1/../../../../arm-eabi/lib/thumb\libg.a(lib_a-realloc.o)
                0x08007810                realloc
 .text          0x0800782c      0x3c4 c:/users/gordon/documents/university/computer_graphics_architecture/dev/devkitpro/devkitarm/bin/../lib/gcc/arm-eabi/4.6.1/../../../../arm-eabi/lib/thumb\libg.a(lib_a-reallocr.o)
                0x0800782c                _realloc_r
 .text          0x08007bf0      0x194 c:/users/gordon/documents/university/computer_graphics_architecture/dev/devkitpro/devkitarm/bin/../lib/gcc/arm-eabi/4.6.1/../../../../arm-eabi/lib/thumb\libg.a(lib_a-signal.o)
                0x08007bf0                _init_signal_r
                0x08007c30                _signal_r
                0x08007c70                _raise_r
                0x08007cd0                __sigtramp_r
                0x08007d20                raise
                0x08007d38                signal
                0x08007d54                _init_signal
                0x08007d68                __sigtramp
 .text          0x08007d84       0x84 c:/users/gordon/documents/university/computer_graphics_architecture/dev/devkitpro/devkitarm/bin/../lib/gcc/arm-eabi/4.6.1/../../../../arm-eabi/lib/thumb\libg.a(lib_a-sprintf.o)
                0x08007d84                _sprintf_r
                0x08007dc4                sprintf
 .text          0x08007e08       0x14 c:/users/gordon/documents/university/computer_graphics_architecture/dev/devkitpro/devkitarm/bin/../lib/gcc/arm-eabi/4.6.1/../../../../arm-eabi/lib/thumb\libg.a(lib_a-strcmp.o)
                0x08007e08                strcmp
 .text          0x08007e1c       0x10 c:/users/gordon/documents/university/computer_graphics_architecture/dev/devkitpro/devkitarm/bin/../lib/gcc/arm-eabi/4.6.1/../../../../arm-eabi/lib/thumb\libg.a(lib_a-strcpy.o)
                0x08007e1c                strcpy
 .text          0x08007e2c       0x10 c:/users/gordon/documents/university/computer_graphics_architecture/dev/devkitpro/devkitarm/bin/../lib/gcc/arm-eabi/4.6.1/../../../../arm-eabi/lib/thumb\libg.a(lib_a-strlen.o)
                0x08007e2c                strlen
 .text          0x08007e3c       0xc0 c:/users/gordon/documents/university/computer_graphics_architecture/dev/devkitpro/devkitarm/bin/../lib/gcc/arm-eabi/4.6.1/../../../../arm-eabi/lib/thumb\libg.a(lib_a-strncmp.o)
                0x08007e3c                strncmp
 *fill*         0x08007efc        0x4 ff
 .text          0x08007f00     0x16f8 c:/users/gordon/documents/university/computer_graphics_architecture/dev/devkitpro/devkitarm/bin/../lib/gcc/arm-eabi/4.6.1/../../../../arm-eabi/lib/thumb\libg.a(lib_a-svfprintf.o)
                0x08007f00                _svfprintf_r
 .text          0x080095f8       0x20 c:/users/gordon/documents/university/computer_graphics_architecture/dev/devkitpro/devkitarm/bin/../lib/gcc/arm-eabi/4.6.1/../../../../arm-eabi/lib/thumb\libg.a(lib_a-syswrite.o)
                0x080095f8                write
 .text          0x08009618       0xe4 c:/users/gordon/documents/university/computer_graphics_architecture/dev/devkitpro/devkitarm/bin/../lib/gcc/arm-eabi/4.6.1/../../../../arm-eabi/lib/thumb\libg.a(lib_a-wbuf.o)
                0x08009618                __swbuf_r
                0x080096e0                __swbuf
 .text          0x080096fc       0xdc c:/users/gordon/documents/university/computer_graphics_architecture/dev/devkitpro/devkitarm/bin/../lib/gcc/arm-eabi/4.6.1/../../../../arm-eabi/lib/thumb\libg.a(lib_a-wcrtomb.o)
                0x080096fc                _wcrtomb_r
                0x08009760                wcrtomb
 .text          0x080097d8       0x40 c:/users/gordon/documents/university/computer_graphics_architecture/dev/devkitpro/devkitarm/bin/../lib/gcc/arm-eabi/4.6.1/../../../../arm-eabi/lib/thumb\libg.a(lib_a-wcsrtombs.o)
                0x080097d8                _wcsrtombs_r
                0x080097f0                wcsrtombs
 .text          0x08009818      0x27c c:/users/gordon/documents/university/computer_graphics_architecture/dev/devkitpro/devkitarm/bin/../lib/gcc/arm-eabi/4.6.1/../../../../arm-eabi/lib/thumb\libg.a(lib_a-wctomb_r.o)
                0x08009818                __utf8_wctomb
                0x080098d8                _wctomb_r
                0x08009910                __ascii_wctomb
                0x08009930                __sjis_wctomb
                0x0800999c                __eucjp_wctomb
                0x08009a18                __jis_wctomb
 .text          0x08009a94       0xbc c:/users/gordon/documents/university/computer_graphics_architecture/dev/devkitpro/devkitarm/bin/../lib/gcc/arm-eabi/4.6.1/../../../../arm-eabi/lib/thumb\libg.a(lib_a-wsetup.o)
                0x08009a94                __swsetup_r
 .text          0x08009b50     0x1010 c:/users/gordon/documents/university/computer_graphics_architecture/dev/devkitpro/devkitarm/bin/../lib/gcc/arm-eabi/4.6.1/../../../../arm-eabi/lib/thumb\libg.a(lib_a-dtoa.o)
                0x08009cac                _dtoa_r
 .text          0x0800ab60      0x18c c:/users/gordon/documents/university/computer_graphics_architecture/dev/devkitpro/devkitarm/bin/../lib/gcc/arm-eabi/4.6.1/../../../../arm-eabi/lib/thumb\libg.a(lib_a-fflush.o)
                0x0800ab60                _fflush_r
                0x0800acbc                fflush
 .text          0x0800acec      0x1ec c:/users/gordon/documents/university/computer_graphics_architecture/dev/devkitpro/devkitarm/bin/../lib/gcc/arm-eabi/4.6.1/../../../../arm-eabi/lib/thumb\libg.a(lib_a-findfp.o)
                0x0800acf4                _cleanup_r
                0x0800ad54                __sfmoreglue
                0x0800ad84                _cleanup
                0x0800ad98                __sinit
                0x0800adec                __sfp
                0x0800ae90                __sfp_lock_acquire
                0x0800ae94                __sfp_lock_release
                0x0800ae98                __sinit_lock_acquire
                0x0800ae9c                __sinit_lock_release
                0x0800aea0                __fp_lock_all
                0x0800aebc                __fp_unlock_all
 .text          0x0800aed8      0x248 c:/users/gordon/documents/university/computer_graphics_architecture/dev/devkitpro/devkitarm/bin/../lib/gcc/arm-eabi/4.6.1/../../../../arm-eabi/lib/thumb\libg.a(lib_a-freer.o)
                0x0800aed8                _malloc_trim_r
                0x0800af84                _free_r
 .text          0x0800b120       0xc4 c:/users/gordon/documents/university/computer_graphics_architecture/dev/devkitpro/devkitarm/bin/../lib/gcc/arm-eabi/4.6.1/../../../../arm-eabi/lib/thumb\libg.a(lib_a-fwalk.o)
                0x0800b120                _fwalk
                0x0800b17c                _fwalk_reent
 .text          0x0800b1e4      0x938 c:/users/gordon/documents/university/computer_graphics_architecture/dev/devkitpro/devkitarm/bin/../lib/gcc/arm-eabi/4.6.1/../../../../arm-eabi/lib/thumb\libg.a(lib_a-locale.o)
                0x0800b8a0                _setlocale_r
                0x0800babc                __locale_charset
                0x0800bac4                __locale_mb_cur_max
                0x0800bad0                __locale_msgcharset
                0x0800badc                __locale_cjk_lang
                0x0800bae8                _localeconv_r
                0x0800baf4                setlocale
                0x0800bb10                localeconv
 .text          0x0800bb1c       0xe4 c:/users/gordon/documents/university/computer_graphics_architecture/dev/devkitpro/devkitarm/bin/../lib/gcc/arm-eabi/4.6.1/../../../../arm-eabi/lib/thumb\libg.a(lib_a-makebuf.o)
                0x0800bb1c                __smakebuf_r
 .text          0x0800bc00      0x5f8 c:/users/gordon/documents/university/computer_graphics_architecture/dev/devkitpro/devkitarm/bin/../lib/gcc/arm-eabi/4.6.1/../../../../arm-eabi/lib/thumb\libg.a(lib_a-mbtowc_r.o)
                0x0800bc00                __utf8_mbtowc
                0x0800bec8                _mbtowc_r
                0x0800bf04                __ascii_mbtowc
                0x0800bf30                __sjis_mbtowc
                0x0800bfec                __eucjp_mbtowc
                0x0800c0cc                __jis_mbtowc
 .text          0x0800c1f8      0x988 c:/users/gordon/documents/university/computer_graphics_architecture/dev/devkitpro/devkitarm/bin/../lib/gcc/arm-eabi/4.6.1/../../../../arm-eabi/lib/thumb\libg.a(lib_a-mprec.o)
                0x0800c1f8                _Balloc
                0x0800c24c                _Bfree
                0x0800c264                __multadd
                0x0800c2f8                __s2b
                0x0800c38c                __hi0bits
                0x0800c3c4                __lo0bits
                0x0800c424                __i2b
                0x0800c43c                __multiply
                0x0800c5ac                __pow5mult
                0x0800c65c                __lshift
                0x0800c72c                __mcmp
                0x0800c768                __mdiff
                0x0800c854                __ulp
                0x0800c89c                __b2d
                0x0800c958                __d2b
                0x0800ca28                __ratio
                0x0800ca94                _mprec_log10
                0x0800cad4                __copybits
                0x0800cb1c                __any_on
 .text          0x0800cb80       0x90 c:/users/gordon/documents/university/computer_graphics_architecture/dev/devkitpro/devkitarm/bin/../lib/gcc/arm-eabi/4.6.1/../../../../arm-eabi/lib/thumb\libg.a(lib_a-s_fpclassify.o)
                0x0800cb80                __fpclassifyd
 .text          0x0800cc10       0xac c:/users/gordon/documents/university/computer_graphics_architecture/dev/devkitpro/devkitarm/bin/../lib/gcc/arm-eabi/4.6.1/../../../../arm-eabi/lib/thumb\libg.a(lib_a-stdio.o)
                0x0800cc10                __sread
                0x0800cc3c                __seofread
                0x0800cc40                __swrite
                0x0800cc7c                __sseek
                0x0800ccac                __sclose
 .text          0x0800ccbc       0x50 c:/users/gordon/documents/university/computer_graphics_architecture/dev/devkitpro/devkitarm/bin/../lib/gcc/arm-eabi/4.6.1/../../../../arm-eabi/lib/thumb\libg.a(lib_a-strcasecmp.o)
                0x0800ccbc                strcasecmp
 .text          0x0800cd0c       0x58 c:/users/gordon/documents/university/computer_graphics_architecture/dev/devkitpro/devkitarm/bin/../lib/gcc/arm-eabi/4.6.1/../../../../arm-eabi/lib/thumb\libg.a(lib_a-strcat.o)
                0x0800cd0c                strcat
 .text          0x0800cd64       0xe4 c:/users/gordon/documents/university/computer_graphics_architecture/dev/devkitpro/devkitarm/bin/../lib/gcc/arm-eabi/4.6.1/../../../../arm-eabi/lib/thumb\libg.a(lib_a-strchr.o)
                0x0800cd64                strchr
 .text          0x0800ce48       0x4c c:/users/gordon/documents/university/computer_graphics_architecture/dev/devkitpro/devkitarm/bin/../lib/gcc/arm-eabi/4.6.1/../../../../arm-eabi/lib/thumb\libg.a(lib_a-strlcpy.o)
                0x0800ce48                strlcpy
 .text          0x0800ce94       0x60 c:/users/gordon/documents/university/computer_graphics_architecture/dev/devkitpro/devkitarm/bin/../lib/gcc/arm-eabi/4.6.1/../../../../arm-eabi/lib/thumb\libg.a(lib_a-strncasecmp.o)
                0x0800ce94                strncasecmp
 .text          0x0800cef4       0x78 c:/users/gordon/documents/university/computer_graphics_architecture/dev/devkitpro/devkitarm/bin/../lib/gcc/arm-eabi/4.6.1/../../../../arm-eabi/lib/thumb\libg.a(lib_a-strncpy.o)
                0x0800cef4                strncpy
 .text          0x0800cf6c      0x184 c:/users/gordon/documents/university/computer_graphics_architecture/dev/devkitpro/devkitarm/bin/../lib/gcc/arm-eabi/4.6.1/../../../../arm-eabi/lib/thumb\libg.a(lib_a-strtol.o)
                0x0800cf6c                _strtol_r
                0x0800d0d0                strtol
 .text          0x0800d0f0      0xd9c c:/users/gordon/documents/university/computer_graphics_architecture/dev/devkitpro/devkitarm/bin/../lib/gcc/arm-eabi/4.6.1/../../../../arm-eabi/lib/thumb\libg.a(lib_a-svfiprintf.o)
                0x0800d0f0                __ssprint_r
                0x0800d220                _svfiprintf_r
 .text          0x0800de8c      0x13c c:/users/gordon/documents/university/computer_graphics_architecture/dev/devkitpro/devkitarm/bin/../lib/gcc/arm-eabi/4.6.1/../../../../arm-eabi/lib/thumb\libg.a(lib_a-wcsnrtombs.o)
                0x0800de8c                _wcsnrtombs_r
                0x0800df98                wcsnrtombs
 .text          0x0800dfc8       0x64 c:/users/gordon/documents/university/computer_graphics_architecture/dev/devkitpro/devkitarm/bin/../lib/gcc/arm-eabi/4.6.1/../../../../arm-eabi/lib/thumb\libg.a(lib_a-callocr.o)
                0x0800dfc8                _calloc_r
 .text          0x0800e02c       0x10 c:/users/gordon/documents/university/computer_graphics_architecture/dev/devkitpro/devkitarm/bin/../lib/gcc/arm-eabi/4.6.1/../../../../arm-eabi/lib/thumb\libg.a(lib_a-ctype_.o)
                0x0800e02c                __set_ctype
 .text          0x0800e03c       0xc0 c:/users/gordon/documents/university/computer_graphics_architecture/dev/devkitpro/devkitarm/bin/../lib/gcc/arm-eabi/4.6.1/../../../../arm-eabi/lib/thumb\libg.a(lib_a-fclose.o)
                0x0800e03c                _fclose_r
                0x0800e0e0                fclose
 .text          0x0800e0fc       0xa8 c:/users/gordon/documents/university/computer_graphics_architecture/dev/devkitpro/devkitarm/bin/../lib/gcc/arm-eabi/4.6.1/../../../../arm-eabi/lib/thumb\libg.a(lib_a-getenv_r.o)
                0x0800e0fc                _findenv_r
                0x0800e194                _getenv_r
 .text          0x0800e1a4        0x0 c:/users/gordon/documents/university/computer_graphics_architecture/dev/devkitpro/devkitarm/bin/../lib/gcc/arm-eabi/4.6.1/../../../../arm-eabi/lib/thumb\libg.a(lib_a-environ.o)
 .text          0x0800e1a4        0x8 c:/users/gordon/documents/university/computer_graphics_architecture/dev/devkitpro/devkitarm/bin/../lib/gcc/arm-eabi/4.6.1/../../../../arm-eabi/lib/thumb\libg.a(lib_a-envlock.o)
                0x0800e1a4                __env_lock
                0x0800e1a8                __env_unlock
 .text          0x0800e1ac       0x50 c:/users/gordon/documents/university/computer_graphics_architecture/dev/devkitpro/devkitarm/bin/../lib/gcc/arm-eabi/4.6.1/../../../../arm-eabi/lib/thumb\libsysbase.a(close.o)
                0x0800e1ac                _close_r
 .text          0x0800e1fc       0x58 c:/users/gordon/documents/university/computer_graphics_architecture/dev/devkitpro/devkitarm/bin/../lib/gcc/arm-eabi/4.6.1/../../../../arm-eabi/lib/thumb\libsysbase.a(fstat.o)
                0x0800e1fc                _fstat_r
 .text          0x0800e254        0xc c:/users/gordon/documents/university/computer_graphics_architecture/dev/devkitpro/devkitarm/bin/../lib/gcc/arm-eabi/4.6.1/../../../../arm-eabi/lib/thumb\libsysbase.a(getpid.o)
                0x0800e254                _getpid_r
 .text          0x0800e260        0x4 c:/users/gordon/documents/university/computer_graphics_architecture/dev/devkitpro/devkitarm/bin/../lib/gcc/arm-eabi/4.6.1/../../../../arm-eabi/lib/thumb\libsysbase.a(isatty.o)
                0x0800e260                _isatty_r
 .text          0x0800e264        0xc c:/users/gordon/documents/university/computer_graphics_architecture/dev/devkitpro/devkitarm/bin/../lib/gcc/arm-eabi/4.6.1/../../../../arm-eabi/lib/thumb\libsysbase.a(kill.o)
                0x0800e264                _kill_r
 .text          0x0800e270       0x54 c:/users/gordon/documents/university/computer_graphics_architecture/dev/devkitpro/devkitarm/bin/../lib/gcc/arm-eabi/4.6.1/../../../../arm-eabi/lib/thumb\libsysbase.a(lseek.o)
                0x0800e270                _lseek_r
 .text          0x0800e2c4       0x54 c:/users/gordon/documents/university/computer_graphics_architecture/dev/devkitpro/devkitarm/bin/../lib/gcc/arm-eabi/4.6.1/../../../../arm-eabi/lib/thumb\libsysbase.a(read.o)
                0x0800e2c4                _read_r
 .text          0x0800e318       0x54 c:/users/gordon/documents/university/computer_graphics_architecture/dev/devkitpro/devkitarm/bin/../lib/gcc/arm-eabi/4.6.1/../../../../arm-eabi/lib/thumb\libsysbase.a(sbrk.o)
                0x0800e318                _sbrk_r
 .text          0x0800e36c       0x54 c:/users/gordon/documents/university/computer_graphics_architecture/dev/devkitpro/devkitarm/bin/../lib/gcc/arm-eabi/4.6.1/../../../../arm-eabi/lib/thumb\libsysbase.a(write.o)
                0x0800e36c                _write_r
 .text          0x0800e3c0       0x18 c:/users/gordon/documents/university/computer_graphics_architecture/dev/devkitpro/devkitarm/bin/../lib/gcc/arm-eabi/4.6.1/../../../../arm-eabi/lib/thumb\libsysbase.a(_exit.o)
                0x0800e3c0                _exit
 .text          0x0800e3d8        0x0 c:/users/gordon/documents/university/computer_graphics_architecture/dev/devkitpro/devkitarm/bin/../lib/gcc/arm-eabi/4.6.1/../../../../arm-eabi/lib/thumb\libsysbase.a(malloc_vars.o)
 .text          0x0800e3d8        0x0 c:/users/gordon/documents/university/computer_graphics_architecture/dev/devkitpro/devkitarm/bin/../lib/gcc/arm-eabi/4.6.1/../../../../arm-eabi/lib/thumb\libsysbase.a(syscall_support.o)
 .text          0x0800e3d8       0x80 c:/users/gordon/documents/university/computer_graphics_architecture/dev/devkitpro/devkitarm/bin/../lib/gcc/arm-eabi/4.6.1/../../../../arm-eabi/lib/thumb\libsysbase.a(handle_manager.o)
                0x0800e3d8                __release_handle
                0x0800e404                __alloc_handle
                0x0800e43c                __get_handle
 .text          0x0800e458      0x144 c:/users/gordon/documents/university/computer_graphics_architecture/dev/devkitpro/devkitarm/bin/../lib/gcc/arm-eabi/4.6.1/../../../../arm-eabi/lib/thumb\libsysbase.a(iosupport.o)
                0x0800e458                setDefaultDevice
                0x0800e46c                FindDevice
                0x0800e4dc                RemoveDevice
                0x0800e500                AddDevice
                0x0800e57c                GetDeviceOpTab
 .text          0x0800e59c      0x150 c:/users/gordon/documents/university/computer_graphics_architecture/dev/devkitpro/devkitarm/bin/../lib/gcc/arm-eabi/4.6.1/thumb\libgcc.a(_divsi3.o)
                0x0800e59c                __divsi3
                0x0800e59c                __aeabi_idiv
                0x0800e6cc                __aeabi_idivmod
 .text          0x0800e6ec      0x41c c:/users/gordon/documents/university/computer_graphics_architecture/dev/devkitpro/devkitarm/bin/../lib/gcc/arm-eabi/4.6.1/thumb\libgcc.a(_arm_addsubdf3.o)
                0x0800e6ec                __aeabi_drsub
                0x0800e6f4                __aeabi_dsub
                0x0800e6f4                __subdf3
                0x0800e6f8                __aeabi_dadd
                0x0800e6f8                __adddf3
                0x0800ea08                __floatunsidf
                0x0800ea08                __aeabi_ui2d
                0x0800ea2c                __floatsidf
                0x0800ea2c                __aeabi_i2d
                0x0800ea54                __aeabi_f2d
                0x0800ea54                __extendsfdf2
                0x0800ea94                __floatundidf
                0x0800ea94                __aeabi_ul2d
                0x0800eaa8                __floatdidf
                0x0800eaa8                __aeabi_l2d
 .text          0x0800eb08      0x49c c:/users/gordon/documents/university/computer_graphics_architecture/dev/devkitpro/devkitarm/bin/../lib/gcc/arm-eabi/4.6.1/thumb\libgcc.a(_arm_muldivdf3.o)
                0x0800eb08                __aeabi_dmul
                0x0800eb08                __muldf3
                0x0800ed98                __divdf3
                0x0800ed98                __aeabi_ddiv
 .text          0x0800efa4      0x144 c:/users/gordon/documents/university/computer_graphics_architecture/dev/devkitpro/devkitarm/bin/../lib/gcc/arm-eabi/4.6.1/thumb\libgcc.a(_arm_cmpdf2.o)
                0x0800efa4                __gtdf2
                0x0800efa4                __gedf2
                0x0800efac                __ltdf2
                0x0800efac                __ledf2
                0x0800efb4                __nedf2
                0x0800efb4                __eqdf2
                0x0800efb4                __cmpdf2
                0x0800f03c                __aeabi_cdrcmple
                0x0800f058                __aeabi_cdcmpeq
                0x0800f058                __aeabi_cdcmple
                0x0800f070                __aeabi_dcmpeq
                0x0800f088                __aeabi_dcmplt
                0x0800f0a0                __aeabi_dcmple
                0x0800f0b8                __aeabi_dcmpge
                0x0800f0d0                __aeabi_dcmpgt
 .text          0x0800f0e8       0x5c c:/users/gordon/documents/university/computer_graphics_architecture/dev/devkitpro/devkitarm/bin/../lib/gcc/arm-eabi/4.6.1/thumb\libgcc.a(_arm_fixdfsi.o)
                0x0800f0e8                __aeabi_d2iz
                0x0800f0e8                __fixdfsi
 .text          0x0800f144       0x3c c:/users/gordon/documents/university/computer_graphics_architecture/dev/devkitpro/devkitarm/bin/../lib/gcc/arm-eabi/4.6.1/thumb\libgcc.a(_aeabi_uldivmod.o)
                0x0800f144                __aeabi_uldivmod
 .text          0x0800f180       0x74 c:/users/gordon/documents/university/computer_graphics_architecture/dev/devkitpro/devkitarm/bin/../lib/gcc/arm-eabi/4.6.1/thumb\libgcc.a(bpabi.o)
                0x0800f180                __gnu_ldivmod_helper
                0x0800f1bc                __gnu_uldivmod_helper
 .text          0x0800f1f4       0x4c c:/users/gordon/documents/university/computer_graphics_architecture/dev/devkitpro/devkitarm/bin/../lib/gcc/arm-eabi/4.6.1/thumb\libgcc.a(_muldi3.o)
                0x0800f1f4                __muldi3
                0x0800f1f4                __aeabi_lmul
 .text          0x0800f240      0x3c8 c:/users/gordon/documents/university/computer_graphics_architecture/dev/devkitpro/devkitarm/bin/../lib/gcc/arm-eabi/4.6.1/thumb\libgcc.a(_divdi3.o)
                0x0800f240                __divdi3
 .text          0x0800f608      0x370 c:/users/gordon/documents/university/computer_graphics_architecture/dev/devkitpro/devkitarm/bin/../lib/gcc/arm-eabi/4.6.1/thumb\libgcc.a(_udivdi3.o)
                0x0800f608                __udivdi3
 .text          0x0800f978       0x48 c:/users/gordon/documents/university/computer_graphics_architecture/dev/devkitpro/devkitarm/bin/../lib/gcc/arm-eabi/4.6.1/thumb\libgcc.a(_clzsi2.o)
                0x0800f978                __clzsi2
 .text          0x0800f9c0        0x0 c:/users/gordon/documents/university/computer_graphics_architecture/dev/devkitpro/devkitarm/bin/../lib/gcc/arm-eabi/4.6.1/thumb/crtend.o
 .text          0x0800f9c0        0x0 c:/users/gordon/documents/university/computer_graphics_architecture/dev/devkitpro/devkitarm/bin/../lib/gcc/arm-eabi/4.6.1/thumb/crtn.o
 *(.text .stub .text.* .gnu.linkonce.t.*)
 .text.startup  0x0800f9c0       0x98 main.o
                0x0800f9c0                main
 .text.startup  0x0800fa58       0x34 world.o
 .text._Znwj    0x0800fa8c       0x68 c:/users/gordon/documents/university/computer_graphics_architecture/dev/devkitpro/devkitarm/bin/../lib/gcc/arm-eabi/4.6.1/../../../../arm-eabi/lib/thumb\libstdc++.a(new_op.o)
                0x0800fa8c                operator new(unsigned int)
 .text._ZNKSt9bad_alloc4whatEv
                0x0800faf4        0x8 c:/users/gordon/documents/university/computer_graphics_architecture/dev/devkitpro/devkitarm/bin/../lib/gcc/arm-eabi/4.6.1/../../../../arm-eabi/lib/thumb\libstdc++.a(bad_alloc.o)
                0x0800faf4                std::bad_alloc::what() const
 .text._ZNSt9bad_allocD2Ev
                0x0800fafc       0x1c c:/users/gordon/documents/university/computer_graphics_architecture/dev/devkitpro/devkitarm/bin/../lib/gcc/arm-eabi/4.6.1/../../../../arm-eabi/lib/thumb\libstdc++.a(bad_alloc.o)
                0x0800fafc                std::bad_alloc::~bad_alloc()
                0x0800fafc                std::bad_alloc::~bad_alloc()
 .text._ZNSt9bad_allocD0Ev
                0x0800fb18       0x20 c:/users/gordon/documents/university/computer_graphics_architecture/dev/devkitpro/devkitarm/bin/../lib/gcc/arm-eabi/4.6.1/../../../../arm-eabi/lib/thumb\libstdc++.a(bad_alloc.o)
                0x0800fb18                std::bad_alloc::~bad_alloc()
 .text._ZdlPv   0x0800fb38       0x10 c:/users/gordon/documents/university/computer_graphics_architecture/dev/devkitpro/devkitarm/bin/../lib/gcc/arm-eabi/4.6.1/../../../../arm-eabi/lib/thumb\libstdc++.a(del_op.o)
                0x0800fb38                operator delete(void*)
 .text.__cxa_allocate_exception
                0x0800fb48       0x68 c:/users/gordon/documents/university/computer_graphics_architecture/dev/devkitpro/devkitarm/bin/../lib/gcc/arm-eabi/4.6.1/../../../../arm-eabi/lib/thumb\libstdc++.a(eh_alloc.o)
                0x0800fb48                __cxa_allocate_exception
 .text.__cxa_free_exception
                0x0800fbb0       0x3c c:/users/gordon/documents/university/computer_graphics_architecture/dev/devkitpro/devkitarm/bin/../lib/gcc/arm-eabi/4.6.1/../../../../arm-eabi/lib/thumb\libstdc++.a(eh_alloc.o)
                0x0800fbb0                __cxa_free_exception
 .text.__cxa_allocate_dependent_exception
                0x0800fbec       0x60 c:/users/gordon/documents/university/computer_graphics_architecture/dev/devkitpro/devkitarm/bin/../lib/gcc/arm-eabi/4.6.1/../../../../arm-eabi/lib/thumb\libstdc++.a(eh_alloc.o)
                0x0800fbec                __cxa_allocate_dependent_exception
 .text.__cxa_free_dependent_exception
                0x0800fc4c       0x3c c:/users/gordon/documents/university/computer_graphics_architecture/dev/devkitpro/devkitarm/bin/../lib/gcc/arm-eabi/4.6.1/../../../../arm-eabi/lib/thumb\libstdc++.a(eh_alloc.o)
                0x0800fc4c                __cxa_free_dependent_exception
 .text.__cxa_end_cleanup
                0x0800fc88        0xc c:/users/gordon/documents/university/computer_graphics_architecture/dev/devkitpro/devkitarm/bin/../lib/gcc/arm-eabi/4.6.1/../../../../arm-eabi/lib/thumb\libstdc++.a(eh_arm.o)
                0x0800fc88                __cxa_end_cleanup
 .text.__cxa_type_match
                0x0800fc94       0xfc c:/users/gordon/documents/university/computer_graphics_architecture/dev/devkitpro/devkitarm/bin/../lib/gcc/arm-eabi/4.6.1/../../../../arm-eabi/lib/thumb\libstdc++.a(eh_arm.o)
                0x0800fc94                __cxa_type_match
 .text.__cxa_begin_cleanup
                0x0800fd90       0x64 c:/users/gordon/documents/university/computer_graphics_architecture/dev/devkitpro/devkitarm/bin/../lib/gcc/arm-eabi/4.6.1/../../../../arm-eabi/lib/thumb\libstdc++.a(eh_arm.o)
                0x0800fd90                __cxa_begin_cleanup
 .text.__gnu_end_cleanup
                0x0800fdf4       0x74 c:/users/gordon/documents/university/computer_graphics_architecture/dev/devkitpro/devkitarm/bin/../lib/gcc/arm-eabi/4.6.1/../../../../arm-eabi/lib/thumb\libstdc++.a(eh_arm.o)
                0x0800fdf4                __gnu_end_cleanup
 .text.__cxa_bad_cast
                0x0800fe68       0x20 c:/users/gordon/documents/university/computer_graphics_architecture/dev/devkitpro/devkitarm/bin/../lib/gcc/arm-eabi/4.6.1/../../../../arm-eabi/lib/thumb\libstdc++.a(eh_aux_runtime.o)
                0x0800fe68                __cxa_bad_cast
 .text.__cxa_bad_typeid
                0x0800fe88       0x20 c:/users/gordon/documents/university/computer_graphics_architecture/dev/devkitpro/devkitarm/bin/../lib/gcc/arm-eabi/4.6.1/../../../../arm-eabi/lib/thumb\libstdc++.a(eh_aux_runtime.o)
                0x0800fe88                __cxa_bad_typeid
 .text.__cxa_call_terminate
                0x0800fea8       0x48 c:/users/gordon/documents/university/computer_graphics_architecture/dev/devkitpro/devkitarm/bin/../lib/gcc/arm-eabi/4.6.1/../../../../arm-eabi/lib/thumb\libstdc++.a(eh_call.o)
                0x0800fea8                __cxa_call_terminate
 .text.__cxa_call_unexpected
                0x0800fef0      0x134 c:/users/gordon/documents/university/computer_graphics_architecture/dev/devkitpro/devkitarm/bin/../lib/gcc/arm-eabi/4.6.1/../../../../arm-eabi/lib/thumb\libstdc++.a(eh_call.o)
                0x0800fef0                __cxa_call_unexpected
 .text.__cxa_get_exception_ptr
                0x08010024        0x4 c:/users/gordon/documents/university/computer_graphics_architecture/dev/devkitpro/devkitarm/bin/../lib/gcc/arm-eabi/4.6.1/../../../../arm-eabi/lib/thumb\libstdc++.a(eh_catch.o)
                0x08010024                __cxa_get_exception_ptr
 .text.__cxa_begin_catch
                0x08010028       0x88 c:/users/gordon/documents/university/computer_graphics_architecture/dev/devkitpro/devkitarm/bin/../lib/gcc/arm-eabi/4.6.1/../../../../arm-eabi/lib/thumb\libstdc++.a(eh_catch.o)
                0x08010028                __cxa_begin_catch
 .text.__cxa_end_catch
                0x080100b0       0x94 c:/users/gordon/documents/university/computer_graphics_architecture/dev/devkitpro/devkitarm/bin/../lib/gcc/arm-eabi/4.6.1/../../../../arm-eabi/lib/thumb\libstdc++.a(eh_catch.o)
                0x080100b0                __cxa_end_catch
 .text._ZSt18uncaught_exceptionv
                0x08010144       0x14 c:/users/gordon/documents/university/computer_graphics_architecture/dev/devkitpro/devkitarm/bin/../lib/gcc/arm-eabi/4.6.1/../../../../arm-eabi/lib/thumb\libstdc++.a(eh_catch.o)
                0x08010144                std::uncaught_exception()
 .text._ZNSt9exceptionD2Ev
                0x08010158        0xc c:/users/gordon/documents/university/computer_graphics_architecture/dev/devkitpro/devkitarm/bin/../lib/gcc/arm-eabi/4.6.1/../../../../arm-eabi/lib/thumb\libstdc++.a(eh_exception.o)
                0x08010158                std::exception::~exception()
                0x08010158                std::exception::~exception()
 .text._ZNSt13bad_exceptionD2Ev
                0x08010164        0xc c:/users/gordon/documents/university/computer_graphics_architecture/dev/devkitpro/devkitarm/bin/../lib/gcc/arm-eabi/4.6.1/../../../../arm-eabi/lib/thumb\libstdc++.a(eh_exception.o)
                0x08010164                std::bad_exception::~bad_exception()
                0x08010164                std::bad_exception::~bad_exception()
 .text._ZN10__cxxabiv115__forced_unwindD2Ev
                0x08010170        0xc c:/users/gordon/documents/university/computer_graphics_architecture/dev/devkitpro/devkitarm/bin/../lib/gcc/arm-eabi/4.6.1/../../../../arm-eabi/lib/thumb\libstdc++.a(eh_exception.o)
                0x08010170                __cxxabiv1::__forced_unwind::~__forced_unwind()
                0x08010170                __cxxabiv1::__forced_unwind::~__forced_unwind()
 .text._ZN10__cxxabiv119__foreign_exceptionD2Ev
                0x0801017c        0xc c:/users/gordon/documents/university/computer_graphics_architecture/dev/devkitpro/devkitarm/bin/../lib/gcc/arm-eabi/4.6.1/../../../../arm-eabi/lib/thumb\libstdc++.a(eh_exception.o)
                0x0801017c                __cxxabiv1::__foreign_exception::~__foreign_exception()
                0x0801017c                __cxxabiv1::__foreign_exception::~__foreign_exception()
 .text._ZNKSt9exception4whatEv
                0x08010188        0x8 c:/users/gordon/documents/university/computer_graphics_architecture/dev/devkitpro/devkitarm/bin/../lib/gcc/arm-eabi/4.6.1/../../../../arm-eabi/lib/thumb\libstdc++.a(eh_exception.o)
                0x08010188                std::exception::what() const
 .text._ZNKSt13bad_exception4whatEv
                0x08010190        0x8 c:/users/gordon/documents/university/computer_graphics_architecture/dev/devkitpro/devkitarm/bin/../lib/gcc/arm-eabi/4.6.1/../../../../arm-eabi/lib/thumb\libstdc++.a(eh_exception.o)
                0x08010190                std::bad_exception::what() const
 .text._ZN10__cxxabiv119__foreign_exceptionD0Ev
                0x08010198       0x1c c:/users/gordon/documents/university/computer_graphics_architecture/dev/devkitpro/devkitarm/bin/../lib/gcc/arm-eabi/4.6.1/../../../../arm-eabi/lib/thumb\libstdc++.a(eh_exception.o)
                0x08010198                __cxxabiv1::__foreign_exception::~__foreign_exception()
 .text._ZN10__cxxabiv115__forced_unwindD0Ev
                0x080101b4       0x1c c:/users/gordon/documents/university/computer_graphics_architecture/dev/devkitpro/devkitarm/bin/../lib/gcc/arm-eabi/4.6.1/../../../../arm-eabi/lib/thumb\libstdc++.a(eh_exception.o)
                0x080101b4                __cxxabiv1::__forced_unwind::~__forced_unwind()
 .text._ZNSt13bad_exceptionD0Ev
                0x080101d0       0x1c c:/users/gordon/documents/university/computer_graphics_architecture/dev/devkitpro/devkitarm/bin/../lib/gcc/arm-eabi/4.6.1/../../../../arm-eabi/lib/thumb\libstdc++.a(eh_exception.o)
                0x080101d0                std::bad_exception::~bad_exception()
 .text._ZNSt9exceptionD0Ev
                0x080101ec       0x1c c:/users/gordon/documents/university/computer_graphics_architecture/dev/devkitpro/devkitarm/bin/../lib/gcc/arm-eabi/4.6.1/../../../../arm-eabi/lib/thumb\libstdc++.a(eh_exception.o)
                0x080101ec                std::exception::~exception()
 .text.__cxa_get_globals_fast
                0x08010208        0x8 c:/users/gordon/documents/university/computer_graphics_architecture/dev/devkitpro/devkitarm/bin/../lib/gcc/arm-eabi/4.6.1/../../../../arm-eabi/lib/thumb\libstdc++.a(eh_globals.o)
                0x08010208                __cxa_get_globals_fast
 .text.__cxa_get_globals
                0x08010210        0x8 c:/users/gordon/documents/university/computer_graphics_architecture/dev/devkitpro/devkitarm/bin/../lib/gcc/arm-eabi/4.6.1/../../../../arm-eabi/lib/thumb\libstdc++.a(eh_globals.o)
                0x08010210                __cxa_get_globals
 .text._ZL12read_sleb128PKhPl
                0x08010218       0x34 c:/users/gordon/documents/university/computer_graphics_architecture/dev/devkitpro/devkitarm/bin/../lib/gcc/arm-eabi/4.6.1/../../../../arm-eabi/lib/thumb\libstdc++.a(eh_personality.o)
 .text._ZL28read_encoded_value_with_basehjPKhPj
                0x0801024c       0xdc c:/users/gordon/documents/university/computer_graphics_architecture/dev/devkitpro/devkitarm/bin/../lib/gcc/arm-eabi/4.6.1/../../../../arm-eabi/lib/thumb\libstdc++.a(eh_personality.o)
 .text._ZL21base_of_encoded_valuehP15_Unwind_Context
                0x08010328       0x4c c:/users/gordon/documents/university/computer_graphics_architecture/dev/devkitpro/devkitarm/bin/../lib/gcc/arm-eabi/4.6.1/../../../../arm-eabi/lib/thumb\libstdc++.a(eh_personality.o)
 .text._ZL17parse_lsda_headerP15_Unwind_ContextPKhP16lsda_header_info.constprop.4
                0x08010374       0x94 c:/users/gordon/documents/university/computer_graphics_architecture/dev/devkitpro/devkitarm/bin/../lib/gcc/arm-eabi/4.6.1/../../../../arm-eabi/lib/thumb\libstdc++.a(eh_personality.o)
 .text.__gxx_personality_v0
                0x08010408      0x3b0 c:/users/gordon/documents/university/computer_graphics_architecture/dev/devkitpro/devkitarm/bin/../lib/gcc/arm-eabi/4.6.1/../../../../arm-eabi/lib/thumb\libstdc++.a(eh_personality.o)
                0x08010408                __gxx_personality_v0
 .text._ZN10__cxxabiv111__terminateEPFvvE
                0x080107b8       0x2c c:/users/gordon/documents/university/computer_graphics_architecture/dev/devkitpro/devkitarm/bin/../lib/gcc/arm-eabi/4.6.1/../../../../arm-eabi/lib/thumb\libstdc++.a(eh_terminate.o)
                0x080107b8                __cxxabiv1::__terminate(void (*)())
 .text._ZSt9terminatev
                0x080107e4       0x10 c:/users/gordon/documents/university/computer_graphics_architecture/dev/devkitpro/devkitarm/bin/../lib/gcc/arm-eabi/4.6.1/../../../../arm-eabi/lib/thumb\libstdc++.a(eh_terminate.o)
                0x080107e4                std::terminate()
 .text._ZN10__cxxabiv112__unexpectedEPFvvE
                0x080107f4        0xc c:/users/gordon/documents/university/computer_graphics_architecture/dev/devkitpro/devkitarm/bin/../lib/gcc/arm-eabi/4.6.1/../../../../arm-eabi/lib/thumb\libstdc++.a(eh_terminate.o)
                0x080107f4                __cxxabiv1::__unexpected(void (*)())
 .text._ZSt10unexpectedv
                0x08010800       0x18 c:/users/gordon/documents/university/computer_graphics_architecture/dev/devkitpro/devkitarm/bin/../lib/gcc/arm-eabi/4.6.1/../../../../arm-eabi/lib/thumb\libstdc++.a(eh_terminate.o)
                0x08010800                std::unexpected()
 .text._ZSt13set_terminatePFvvE
                0x08010818       0x10 c:/users/gordon/documents/university/computer_graphics_architecture/dev/devkitpro/devkitarm/bin/../lib/gcc/arm-eabi/4.6.1/../../../../arm-eabi/lib/thumb\libstdc++.a(eh_terminate.o)
                0x08010818                std::set_terminate(void (*)())
 .text._ZSt14set_unexpectedPFvvE
                0x08010828       0x10 c:/users/gordon/documents/university/computer_graphics_architecture/dev/devkitpro/devkitarm/bin/../lib/gcc/arm-eabi/4.6.1/../../../../arm-eabi/lib/thumb\libstdc++.a(eh_terminate.o)
                0x08010828                std::set_unexpected(void (*)())
 .text._ZL23__gxx_exception_cleanup19_Unwind_Reason_CodeP21_Unwind_Control_Block
                0x08010838       0x30 c:/users/gordon/documents/university/computer_graphics_architecture/dev/devkitpro/devkitarm/bin/../lib/gcc/arm-eabi/4.6.1/../../../../arm-eabi/lib/thumb\libstdc++.a(eh_throw.o)
 .text.__cxa_throw
                0x08010868       0x64 c:/users/gordon/documents/university/computer_graphics_architecture/dev/devkitpro/devkitarm/bin/../lib/gcc/arm-eabi/4.6.1/../../../../arm-eabi/lib/thumb\libstdc++.a(eh_throw.o)
                0x08010868                __cxa_throw
 .text.__cxa_rethrow
                0x080108cc       0x70 c:/users/gordon/documents/university/computer_graphics_architecture/dev/devkitpro/devkitarm/bin/../lib/gcc/arm-eabi/4.6.1/../../../../arm-eabi/lib/thumb\libstdc++.a(eh_throw.o)
                0x080108cc                __cxa_rethrow
 .text._ZN10__cxxabiv123__fundamental_type_infoD2Ev
                0x0801093c       0x1c c:/users/gordon/documents/university/computer_graphics_architecture/dev/devkitpro/devkitarm/bin/../lib/gcc/arm-eabi/4.6.1/../../../../arm-eabi/lib/thumb\libstdc++.a(fundamental_type_info.o)
                0x0801093c                __cxxabiv1::__fundamental_type_info::~__fundamental_type_info()
                0x0801093c                __cxxabiv1::__fundamental_type_info::~__fundamental_type_info()
 .text._ZN10__cxxabiv123__fundamental_type_infoD0Ev
                0x08010958       0x20 c:/users/gordon/documents/university/computer_graphics_architecture/dev/devkitpro/devkitarm/bin/../lib/gcc/arm-eabi/4.6.1/../../../../arm-eabi/lib/thumb\libstdc++.a(fundamental_type_info.o)
                0x08010958                __cxxabiv1::__fundamental_type_info::~__fundamental_type_info()
 .text._ZSt15set_new_handlerPFvvE
                0x08010978       0x10 c:/users/gordon/documents/university/computer_graphics_architecture/dev/devkitpro/devkitarm/bin/../lib/gcc/arm-eabi/4.6.1/../../../../arm-eabi/lib/thumb\libstdc++.a(new_handler.o)
                0x08010978                std::set_new_handler(void (*)())
 .text._ZNK10__cxxabiv119__pointer_type_info14__is_pointer_pEv
                0x08010988        0x4 c:/users/gordon/documents/university/computer_graphics_architecture/dev/devkitpro/devkitarm/bin/../lib/gcc/arm-eabi/4.6.1/../../../../arm-eabi/lib/thumb\libstdc++.a(pointer_type_info.o)
                0x08010988                __cxxabiv1::__pointer_type_info::__is_pointer_p() const
 .text._ZN10__cxxabiv119__pointer_type_infoD2Ev
                0x0801098c       0x1c c:/users/gordon/documents/university/computer_graphics_architecture/dev/devkitpro/devkitarm/bin/../lib/gcc/arm-eabi/4.6.1/../../../../arm-eabi/lib/thumb\libstdc++.a(pointer_type_info.o)
                0x0801098c                __cxxabiv1::__pointer_type_info::~__pointer_type_info()
                0x0801098c                __cxxabiv1::__pointer_type_info::~__pointer_type_info()
 .text._ZN10__cxxabiv119__pointer_type_infoD0Ev
                0x080109a8       0x20 c:/users/gordon/documents/university/computer_graphics_architecture/dev/devkitpro/devkitarm/bin/../lib/gcc/arm-eabi/4.6.1/../../../../arm-eabi/lib/thumb\libstdc++.a(pointer_type_info.o)
                0x080109a8                __cxxabiv1::__pointer_type_info::~__pointer_type_info()
 .text._ZNK10__cxxabiv119__pointer_type_info15__pointer_catchEPKNS_17__pbase_type_infoEPPvj
                0x080109c8       0x4c c:/users/gordon/documents/university/computer_graphics_architecture/dev/devkitpro/devkitarm/bin/../lib/gcc/arm-eabi/4.6.1/../../../../arm-eabi/lib/thumb\libstdc++.a(pointer_type_info.o)
                0x080109c8                __cxxabiv1::__pointer_type_info::__pointer_catch(__cxxabiv1::__pbase_type_info const*, void**, unsigned int) const
 .text.__cxa_pure_virtual
                0x08010a14       0x14 c:/users/gordon/documents/university/computer_graphics_architecture/dev/devkitpro/devkitarm/bin/../lib/gcc/arm-eabi/4.6.1/../../../../arm-eabi/lib/thumb\libstdc++.a(pure.o)
                0x08010a14                __cxa_pure_virtual
 .text._ZN10__cxxabiv120__si_class_type_infoD2Ev
                0x08010a28       0x1c c:/users/gordon/documents/university/computer_graphics_architecture/dev/devkitpro/devkitarm/bin/../lib/gcc/arm-eabi/4.6.1/../../../../arm-eabi/lib/thumb\libstdc++.a(si_class_type_info.o)
                0x08010a28                __cxxabiv1::__si_class_type_info::~__si_class_type_info()
                0x08010a28                __cxxabiv1::__si_class_type_info::~__si_class_type_info()
 .text._ZN10__cxxabiv120__si_class_type_infoD0Ev
                0x08010a44       0x20 c:/users/gordon/documents/university/computer_graphics_architecture/dev/devkitpro/devkitarm/bin/../lib/gcc/arm-eabi/4.6.1/../../../../arm-eabi/lib/thumb\libstdc++.a(si_class_type_info.o)
                0x08010a44                __cxxabiv1::__si_class_type_info::~__si_class_type_info()
 .text._ZNK10__cxxabiv120__si_class_type_info11__do_upcastEPKNS_17__class_type_infoEPKvRNS1_15__upcast_resultE
                0x08010a64       0x30 c:/users/gordon/documents/university/computer_graphics_architecture/dev/devkitpro/devkitarm/bin/../lib/gcc/arm-eabi/4.6.1/../../../../arm-eabi/lib/thumb\libstdc++.a(si_class_type_info.o)
                0x08010a64                __cxxabiv1::__si_class_type_info::__do_upcast(__cxxabiv1::__class_type_info const*, void const*, __cxxabiv1::__class_type_info::__upcast_result&) const
 .text._ZNK10__cxxabiv120__si_class_type_info12__do_dyncastEiNS_17__class_type_info10__sub_kindEPKS1_PKvS4_S6_RNS1_16__dyncast_resultE
                0x08010a94       0x9c c:/users/gordon/documents/university/computer_graphics_architecture/dev/devkitpro/devkitarm/bin/../lib/gcc/arm-eabi/4.6.1/../../../../arm-eabi/lib/thumb\libstdc++.a(si_class_type_info.o)
                0x08010a94                __cxxabiv1::__si_class_type_info::__do_dyncast(int, __cxxabiv1::__class_type_info::__sub_kind, __cxxabiv1::__class_type_info const*, void const*, __cxxabiv1::__class_type_info const*, void const*, __cxxabiv1::__class_type_info::__dyncast_result&) const
 .text._ZNK10__cxxabiv120__si_class_type_info20__do_find_public_srcEiPKvPKNS_17__class_type_infoES2_
                0x08010b30       0x48 c:/users/gordon/documents/university/computer_graphics_architecture/dev/devkitpro/devkitarm/bin/../lib/gcc/arm-eabi/4.6.1/../../../../arm-eabi/lib/thumb\libstdc++.a(si_class_type_info.o)
                0x08010b30                __cxxabiv1::__si_class_type_info::__do_find_public_src(int, void const*, __cxxabiv1::__class_type_info const*, void const*) const
 .text._ZNSt9type_infoD2Ev
                0x08010b78        0xc c:/users/gordon/documents/university/computer_graphics_architecture/dev/devkitpro/devkitarm/bin/../lib/gcc/arm-eabi/4.6.1/../../../../arm-eabi/lib/thumb\libstdc++.a(tinfo.o)
                0x08010b78                std::type_info::~type_info()
                0x08010b78                std::type_info::~type_info()
 .text._ZNKSt9type_info14__is_pointer_pEv
                0x08010b84        0x4 c:/users/gordon/documents/university/computer_graphics_architecture/dev/devkitpro/devkitarm/bin/../lib/gcc/arm-eabi/4.6.1/../../../../arm-eabi/lib/thumb\libstdc++.a(tinfo.o)
                0x08010b84                std::type_info::__is_pointer_p() const
 .text._ZNKSt9type_info15__is_function_pEv
                0x08010b88        0x4 c:/users/gordon/documents/university/computer_graphics_architecture/dev/devkitpro/devkitarm/bin/../lib/gcc/arm-eabi/4.6.1/../../../../arm-eabi/lib/thumb\libstdc++.a(tinfo.o)
                0x08010b88                std::type_info::__is_function_p() const
 .text._ZNKSt9type_info11__do_upcastEPKN10__cxxabiv117__class_type_infoEPPv
                0x08010b8c        0x4 c:/users/gordon/documents/university/computer_graphics_architecture/dev/devkitpro/devkitarm/bin/../lib/gcc/arm-eabi/4.6.1/../../../../arm-eabi/lib/thumb\libstdc++.a(tinfo.o)
                0x08010b8c                std::type_info::__do_upcast(__cxxabiv1::__class_type_info const*, void**) const
 .text._ZNSt9type_infoD0Ev
                0x08010b90       0x1c c:/users/gordon/documents/university/computer_graphics_architecture/dev/devkitpro/devkitarm/bin/../lib/gcc/arm-eabi/4.6.1/../../../../arm-eabi/lib/thumb\libstdc++.a(tinfo.o)
                0x08010b90                std::type_info::~type_info()
 .text._ZNKSt9type_infoeqERKS_
                0x08010bac       0x3c c:/users/gordon/documents/university/computer_graphics_architecture/dev/devkitpro/devkitarm/bin/../lib/gcc/arm-eabi/4.6.1/../../../../arm-eabi/lib/thumb\libstdc++.a(tinfo.o)
                0x08010bac                std::type_info::operator==(std::type_info const&) const
 .text._ZNKSt9type_info10__do_catchEPKS_PPvj
                0x08010be8        0xc c:/users/gordon/documents/university/computer_graphics_architecture/dev/devkitpro/devkitarm/bin/../lib/gcc/arm-eabi/4.6.1/../../../../arm-eabi/lib/thumb\libstdc++.a(tinfo.o)
                0x08010be8                std::type_info::__do_catch(std::type_info const*, void**, unsigned int) const
 .text._ZN9__gnu_cxx27__verbose_terminate_handlerEv
                0x08010bf4      0x11c c:/users/gordon/documents/university/computer_graphics_architecture/dev/devkitpro/devkitarm/bin/../lib/gcc/arm-eabi/4.6.1/../../../../arm-eabi/lib/thumb\libstdc++.a(vterminate.o)
                0x08010bf4                __gnu_cxx::__verbose_terminate_handler()
 .text._ZNKSt8bad_cast4whatEv
                0x08010d10        0x8 c:/users/gordon/documents/university/computer_graphics_architecture/dev/devkitpro/devkitarm/bin/../lib/gcc/arm-eabi/4.6.1/../../../../arm-eabi/lib/thumb\libstdc++.a(bad_cast.o)
                0x08010d10                std::bad_cast::what() const
 .text._ZNSt8bad_castD2Ev
                0x08010d18       0x1c c:/users/gordon/documents/university/computer_graphics_architecture/dev/devkitpro/devkitarm/bin/../lib/gcc/arm-eabi/4.6.1/../../../../arm-eabi/lib/thumb\libstdc++.a(bad_cast.o)
                0x08010d18                std::bad_cast::~bad_cast()
                0x08010d18                std::bad_cast::~bad_cast()
 .text._ZNSt8bad_castD0Ev
                0x08010d34       0x20 c:/users/gordon/documents/university/computer_graphics_architecture/dev/devkitpro/devkitarm/bin/../lib/gcc/arm-eabi/4.6.1/../../../../arm-eabi/lib/thumb\libstdc++.a(bad_cast.o)
                0x08010d34                std::bad_cast::~bad_cast()
 .text._ZNKSt10bad_typeid4whatEv
                0x08010d54        0x8 c:/users/gordon/documents/university/computer_graphics_architecture/dev/devkitpro/devkitarm/bin/../lib/gcc/arm-eabi/4.6.1/../../../../arm-eabi/lib/thumb\libstdc++.a(bad_typeid.o)
                0x08010d54                std::bad_typeid::what() const
 .text._ZNSt10bad_typeidD2Ev
                0x08010d5c       0x1c c:/users/gordon/documents/university/computer_graphics_architecture/dev/devkitpro/devkitarm/bin/../lib/gcc/arm-eabi/4.6.1/../../../../arm-eabi/lib/thumb\libstdc++.a(bad_typeid.o)
                0x08010d5c                std::bad_typeid::~bad_typeid()
                0x08010d5c                std::bad_typeid::~bad_typeid()
 .text._ZNSt10bad_typeidD0Ev
                0x08010d78       0x20 c:/users/gordon/documents/university/computer_graphics_architecture/dev/devkitpro/devkitarm/bin/../lib/gcc/arm-eabi/4.6.1/../../../../arm-eabi/lib/thumb\libstdc++.a(bad_typeid.o)
                0x08010d78                std::bad_typeid::~bad_typeid()
 .text._ZNK10__cxxabiv117__class_type_info11__do_upcastEPKS0_PPv
                0x08010d98       0x40 c:/users/gordon/documents/university/computer_graphics_architecture/dev/devkitpro/devkitarm/bin/../lib/gcc/arm-eabi/4.6.1/../../../../arm-eabi/lib/thumb\libstdc++.a(class_type_info.o)
                0x08010d98                __cxxabiv1::__class_type_info::__do_upcast(__cxxabiv1::__class_type_info const*, void**) const
 .text._ZNK10__cxxabiv117__class_type_info20__do_find_public_srcEiPKvPKS0_S2_
                0x08010dd8       0x14 c:/users/gordon/documents/university/computer_graphics_architecture/dev/devkitpro/devkitarm/bin/../lib/gcc/arm-eabi/4.6.1/../../../../arm-eabi/lib/thumb\libstdc++.a(class_type_info.o)
                0x08010dd8                __cxxabiv1::__class_type_info::__do_find_public_src(int, void const*, __cxxabiv1::__class_type_info const*, void const*) const
 .text._ZNK10__cxxabiv117__class_type_info11__do_upcastEPKS0_PKvRNS0_15__upcast_resultE
                0x08010dec       0x24 c:/users/gordon/documents/university/computer_graphics_architecture/dev/devkitpro/devkitarm/bin/../lib/gcc/arm-eabi/4.6.1/../../../../arm-eabi/lib/thumb\libstdc++.a(class_type_info.o)
                0x08010dec                __cxxabiv1::__class_type_info::__do_upcast(__cxxabiv1::__class_type_info const*, void const*, __cxxabiv1::__class_type_info::__upcast_result&) const
 .text._ZN10__cxxabiv117__class_type_infoD2Ev
                0x08010e10       0x1c c:/users/gordon/documents/university/computer_graphics_architecture/dev/devkitpro/devkitarm/bin/../lib/gcc/arm-eabi/4.6.1/../../../../arm-eabi/lib/thumb\libstdc++.a(class_type_info.o)
                0x08010e10                __cxxabiv1::__class_type_info::~__class_type_info()
                0x08010e10                __cxxabiv1::__class_type_info::~__class_type_info()
 .text._ZN10__cxxabiv117__class_type_infoD0Ev
                0x08010e2c       0x20 c:/users/gordon/documents/university/computer_graphics_architecture/dev/devkitpro/devkitarm/bin/../lib/gcc/arm-eabi/4.6.1/../../../../arm-eabi/lib/thumb\libstdc++.a(class_type_info.o)
                0x08010e2c                __cxxabiv1::__class_type_info::~__class_type_info()
 .text._ZNK10__cxxabiv117__class_type_info12__do_dyncastEiNS0_10__sub_kindEPKS0_PKvS3_S5_RNS0_16__dyncast_resultE
                0x08010e4c       0x4c c:/users/gordon/documents/university/computer_graphics_architecture/dev/devkitpro/devkitarm/bin/../lib/gcc/arm-eabi/4.6.1/../../../../arm-eabi/lib/thumb\libstdc++.a(class_type_info.o)
                0x08010e4c                __cxxabiv1::__class_type_info::__do_dyncast(int, __cxxabiv1::__class_type_info::__sub_kind, __cxxabiv1::__class_type_info const*, void const*, __cxxabiv1::__class_type_info const*, void const*, __cxxabiv1::__class_type_info::__dyncast_result&) const
 .text._ZNK10__cxxabiv117__class_type_info10__do_catchEPKSt9type_infoPPvj
                0x08010e98       0x34 c:/users/gordon/documents/university/computer_graphics_architecture/dev/devkitpro/devkitarm/bin/../lib/gcc/arm-eabi/4.6.1/../../../../arm-eabi/lib/thumb\libstdc++.a(class_type_info.o)
                0x08010e98                __cxxabiv1::__class_type_info::__do_catch(std::type_info const*, void**, unsigned int) const
 .text.__cxa_current_exception_type
                0x08010ecc       0x24 c:/users/gordon/documents/university/computer_graphics_architecture/dev/devkitpro/devkitarm/bin/../lib/gcc/arm-eabi/4.6.1/../../../../arm-eabi/lib/thumb\libstdc++.a(eh_type.o)
                0x08010ecc                __cxa_current_exception_type
 .text._ZNK10__cxxabiv117__pbase_type_info15__pointer_catchEPKS0_PPvj
                0x08010ef0       0x18 c:/users/gordon/documents/university/computer_graphics_architecture/dev/devkitpro/devkitarm/bin/../lib/gcc/arm-eabi/4.6.1/../../../../arm-eabi/lib/thumb\libstdc++.a(pbase_type_info.o)
                0x08010ef0                __cxxabiv1::__pbase_type_info::__pointer_catch(__cxxabiv1::__pbase_type_info const*, void**, unsigned int) const
 .text._ZN10__cxxabiv117__pbase_type_infoD2Ev
                0x08010f08       0x1c c:/users/gordon/documents/university/computer_graphics_architecture/dev/devkitpro/devkitarm/bin/../lib/gcc/arm-eabi/4.6.1/../../../../arm-eabi/lib/thumb\libstdc++.a(pbase_type_info.o)
                0x08010f08                __cxxabiv1::__pbase_type_info::~__pbase_type_info()
                0x08010f08                __cxxabiv1::__pbase_type_info::~__pbase_type_info()
 .text._ZN10__cxxabiv117__pbase_type_infoD0Ev
                0x08010f24       0x20 c:/users/gordon/documents/university/computer_graphics_architecture/dev/devkitpro/devkitarm/bin/../lib/gcc/arm-eabi/4.6.1/../../../../arm-eabi/lib/thumb\libstdc++.a(pbase_type_info.o)
                0x08010f24                __cxxabiv1::__pbase_type_info::~__pbase_type_info()
 .text._ZNK10__cxxabiv117__pbase_type_info10__do_catchEPKSt9type_infoPPvj
                0x08010f44       0x6c c:/users/gordon/documents/university/computer_graphics_architecture/dev/devkitpro/devkitarm/bin/../lib/gcc/arm-eabi/4.6.1/../../../../arm-eabi/lib/thumb\libstdc++.a(pbase_type_info.o)
                0x08010f44                __cxxabiv1::__pbase_type_info::__do_catch(std::type_info const*, void**, unsigned int) const
 .text._ZNK10__cxxabiv117__pbase_type_info10__do_catchEPKSt9type_infoPPvj.stub
                0x08010fb0      0x11c linker stubs
 *(.text.*personality*)
 *(.gnu.warning)
 *(.glue_7t)
 .glue_7t       0x00000000        0x0 linker stubs
 *(.glue_7)
 .glue_7        0x00000000        0x0 linker stubs
 *(.vfp11_veneer)
 .vfp11_veneer  0x00000000        0x0 linker stubs
                0x080110cc                . = ALIGN (0x4)
                0x080110cc                __text_end = .

.v4_bx          0x080110d8        0x0
 .v4_bx         0x00000000        0x0 linker stubs

.fini           0x080110d8        0xc
 *(.fini)
 .fini          0x080110d8        0x4 c:/users/gordon/documents/university/computer_graphics_architecture/dev/devkitpro/devkitarm/bin/../lib/gcc/arm-eabi/4.6.1/thumb/crti.o
                0x080110d8                _fini
 .fini          0x080110dc        0x8 c:/users/gordon/documents/university/computer_graphics_architecture/dev/devkitpro/devkitarm/bin/../lib/gcc/arm-eabi/4.6.1/thumb/crtn.o
                0x080110e4                . = ALIGN (0x4)

.rodata         0x080110e8     0x6ac8
 *(.rodata)
 .rodata        0x080110e8      0x340 tiles.o
                0x080110e8                palette_bg
                0x080112e8                white_tile
                0x08011328                brown_tile
                0x08011368                green_tile
                0x080113a8                blue_tile
                0x080113e8                blank_tile
 .rodata        0x08011428     0x4000 font.o
                0x08011428                font_bold
                0x08013428                font_medium
 .rodata        0x08015428      0xe28 c:/users/gordon/documents/university/computer_graphics_architecture/dev/devkitpro/devkitarm/bin/../lib/gcc/arm-eabi/4.6.1/../../../../arm-eabi/lib/thumb\libstdc++.a(cp-demangle.o)
 .rodata        0x08016250       0x14 c:/users/gordon/documents/university/computer_graphics_architecture/dev/devkitpro/devkitarm/bin/../lib/gcc/arm-eabi/4.6.1/thumb\libgcc.a(unwind-arm.o)
 .rodata        0x08016264        0x4 c:/users/gordon/documents/university/computer_graphics_architecture/dev/devkitpro/devkitarm/bin/../lib/gcc/arm-eabi/4.6.1/../../../../arm-eabi/lib/thumb\libg.a(lib_a-impure.o)
                0x08016264                _global_impure_ptr
 .rodata        0x08016268      0x184 c:/users/gordon/documents/university/computer_graphics_architecture/dev/devkitpro/devkitarm/bin/../lib/gcc/arm-eabi/4.6.1/../../../../arm-eabi/lib/thumb\libg.a(lib_a-svfprintf.o)
 .rodata        0x080163ec       0xf0 c:/users/gordon/documents/university/computer_graphics_architecture/dev/devkitpro/devkitarm/bin/../lib/gcc/arm-eabi/4.6.1/../../../../arm-eabi/lib/thumb\libg.a(lib_a-locale.o)
 .rodata        0x080164dc       0xa8 c:/users/gordon/documents/university/computer_graphics_architecture/dev/devkitpro/devkitarm/bin/../lib/gcc/arm-eabi/4.6.1/../../../../arm-eabi/lib/thumb\libg.a(lib_a-mbtowc_r.o)
 *fill*         0x08016584        0x4 ff
 .rodata        0x08016588      0x128 c:/users/gordon/documents/university/computer_graphics_architecture/dev/devkitpro/devkitarm/bin/../lib/gcc/arm-eabi/4.6.1/../../../../arm-eabi/lib/thumb\libg.a(lib_a-mprec.o)
                0x08016598                __mprec_tens
                0x08016660                __mprec_tinytens
                0x08016688                __mprec_bigtens
 .rodata        0x080166b0      0x184 c:/users/gordon/documents/university/computer_graphics_architecture/dev/devkitpro/devkitarm/bin/../lib/gcc/arm-eabi/4.6.1/../../../../arm-eabi/lib/thumb\libg.a(lib_a-svfiprintf.o)
 .rodata        0x08016834      0x104 c:/users/gordon/documents/university/computer_graphics_architecture/dev/devkitpro/devkitarm/bin/../lib/gcc/arm-eabi/4.6.1/../../../../arm-eabi/lib/thumb\libg.a(lib_a-ctype_.o)
                0x08016834                _ctype_
 .rodata        0x08016938       0x64 c:/users/gordon/documents/university/computer_graphics_architecture/dev/devkitpro/devkitarm/bin/../lib/gcc/arm-eabi/4.6.1/../../../../arm-eabi/lib/thumb\libsysbase.a(iosupport.o)
                0x08016938                dotab_stdnull
 *all.rodata*(*)
 *(.roda)
 *(.rodata.*)
 *fill*         0x0801699c        0x4 ff
 .rodata._ZTVSt9bad_alloc
                0x080169a0       0x18 c:/users/gordon/documents/university/computer_graphics_architecture/dev/devkitpro/devkitarm/bin/../lib/gcc/arm-eabi/4.6.1/../../../../arm-eabi/lib/thumb\libstdc++.a(bad_alloc.o)
                0x080169a0                vtable for std::bad_alloc
 .rodata._ZTISt9bad_alloc
                0x080169b8        0xc c:/users/gordon/documents/university/computer_graphics_architecture/dev/devkitpro/devkitarm/bin/../lib/gcc/arm-eabi/4.6.1/../../../../arm-eabi/lib/thumb\libstdc++.a(bad_alloc.o)
                0x080169b8                typeinfo for std::bad_alloc
 .rodata.str1.4
                0x080169c4        0xf c:/users/gordon/documents/university/computer_graphics_architecture/dev/devkitpro/devkitarm/bin/../lib/gcc/arm-eabi/4.6.1/../../../../arm-eabi/lib/thumb\libstdc++.a(bad_alloc.o)
                                 0x10 (size before relaxing)
 *fill*         0x080169d3        0x1 ff
 .rodata._ZTSSt9bad_alloc
                0x080169d4       0x10 c:/users/gordon/documents/university/computer_graphics_architecture/dev/devkitpro/devkitarm/bin/../lib/gcc/arm-eabi/4.6.1/../../../../arm-eabi/lib/thumb\libstdc++.a(bad_alloc.o)
                0x080169d4                typeinfo name for std::bad_alloc
 *fill*         0x080169e4        0x4 ff
 .rodata._ZTVN10__cxxabiv115__forced_unwindE
                0x080169e8       0x18 c:/users/gordon/documents/university/computer_graphics_architecture/dev/devkitpro/devkitarm/bin/../lib/gcc/arm-eabi/4.6.1/../../../../arm-eabi/lib/thumb\libstdc++.a(eh_exception.o)
                0x080169e8                vtable for __cxxabiv1::__forced_unwind
 .rodata._ZTVSt9exception
                0x08016a00       0x18 c:/users/gordon/documents/university/computer_graphics_architecture/dev/devkitpro/devkitarm/bin/../lib/gcc/arm-eabi/4.6.1/../../../../arm-eabi/lib/thumb\libstdc++.a(eh_exception.o)
                0x08016a00                vtable for std::exception
 .rodata._ZTIN10__cxxabiv115__forced_unwindE
                0x08016a18        0x8 c:/users/gordon/documents/university/computer_graphics_architecture/dev/devkitpro/devkitarm/bin/../lib/gcc/arm-eabi/4.6.1/../../../../arm-eabi/lib/thumb\libstdc++.a(eh_exception.o)
                0x08016a18                typeinfo for __cxxabiv1::__forced_unwind
 .rodata._ZTISt9exception
                0x08016a20        0x8 c:/users/gordon/documents/university/computer_graphics_architecture/dev/devkitpro/devkitarm/bin/../lib/gcc/arm-eabi/4.6.1/../../../../arm-eabi/lib/thumb\libstdc++.a(eh_exception.o)
                0x08016a20                typeinfo for std::exception
 .rodata._ZTSSt13bad_exception
                0x08016a28       0x14 c:/users/gordon/documents/university/computer_graphics_architecture/dev/devkitpro/devkitarm/bin/../lib/gcc/arm-eabi/4.6.1/../../../../arm-eabi/lib/thumb\libstdc++.a(eh_exception.o)
                0x08016a28                typeinfo name for std::bad_exception
 .rodata.str1.4
                0x08016a3c       0x23 c:/users/gordon/documents/university/computer_graphics_architecture/dev/devkitpro/devkitarm/bin/../lib/gcc/arm-eabi/4.6.1/../../../../arm-eabi/lib/thumb\libstdc++.a(eh_exception.o)
                                 0x24 (size before relaxing)
 *fill*         0x08016a5f        0x1 ff
 .rodata._ZTSN10__cxxabiv119__foreign_exceptionE
                0x08016a60       0x24 c:/users/gordon/documents/university/computer_graphics_architecture/dev/devkitpro/devkitarm/bin/../lib/gcc/arm-eabi/4.6.1/../../../../arm-eabi/lib/thumb\libstdc++.a(eh_exception.o)
                0x08016a60                typeinfo name for __cxxabiv1::__foreign_exception
 .rodata._ZTIN10__cxxabiv119__foreign_exceptionE
                0x08016a84        0x8 c:/users/gordon/documents/university/computer_graphics_architecture/dev/devkitpro/devkitarm/bin/../lib/gcc/arm-eabi/4.6.1/../../../../arm-eabi/lib/thumb\libstdc++.a(eh_exception.o)
                0x08016a84                typeinfo for __cxxabiv1::__foreign_exception
 *fill*         0x08016a8c        0x4 ff
 .rodata._ZTVSt13bad_exception
                0x08016a90       0x18 c:/users/gordon/documents/university/computer_graphics_architecture/dev/devkitpro/devkitarm/bin/../lib/gcc/arm-eabi/4.6.1/../../../../arm-eabi/lib/thumb\libstdc++.a(eh_exception.o)
                0x08016a90                vtable for std::bad_exception
 .rodata._ZTSSt9exception
                0x08016aa8       0x10 c:/users/gordon/documents/university/computer_graphics_architecture/dev/devkitpro/devkitarm/bin/../lib/gcc/arm-eabi/4.6.1/../../../../arm-eabi/lib/thumb\libstdc++.a(eh_exception.o)
                0x08016aa8                typeinfo name for std::exception
 .rodata._ZTVN10__cxxabiv119__foreign_exceptionE
                0x08016ab8       0x18 c:/users/gordon/documents/university/computer_graphics_architecture/dev/devkitpro/devkitarm/bin/../lib/gcc/arm-eabi/4.6.1/../../../../arm-eabi/lib/thumb\libstdc++.a(eh_exception.o)
                0x08016ab8                vtable for __cxxabiv1::__foreign_exception
 .rodata._ZTSN10__cxxabiv115__forced_unwindE
                0x08016ad0       0x20 c:/users/gordon/documents/university/computer_graphics_architecture/dev/devkitpro/devkitarm/bin/../lib/gcc/arm-eabi/4.6.1/../../../../arm-eabi/lib/thumb\libstdc++.a(eh_exception.o)
                0x08016ad0                typeinfo name for __cxxabiv1::__forced_unwind
 .rodata._ZTISt13bad_exception
                0x08016af0        0xc c:/users/gordon/documents/university/computer_graphics_architecture/dev/devkitpro/devkitarm/bin/../lib/gcc/arm-eabi/4.6.1/../../../../arm-eabi/lib/thumb\libstdc++.a(eh_exception.o)
                0x08016af0                typeinfo for std::bad_exception
 .rodata._ZL28read_encoded_value_with_basehjPKhPj
                0x08016afc       0x34 c:/users/gordon/documents/university/computer_graphics_architecture/dev/devkitpro/devkitarm/bin/../lib/gcc/arm-eabi/4.6.1/../../../../arm-eabi/lib/thumb\libstdc++.a(eh_personality.o)
 .rodata._ZTIPKDn
                0x08016b30       0x10 c:/users/gordon/documents/university/computer_graphics_architecture/dev/devkitpro/devkitarm/bin/../lib/gcc/arm-eabi/4.6.1/../../../../arm-eabi/lib/thumb\libstdc++.a(fundamental_type_info.o)
                0x08016b30                typeinfo for decltype(nullptr) const*
 .rodata._ZTIPDn
                0x08016b40       0x10 c:/users/gordon/documents/university/computer_graphics_architecture/dev/devkitpro/devkitarm/bin/../lib/gcc/arm-eabi/4.6.1/../../../../arm-eabi/lib/thumb\libstdc++.a(fundamental_type_info.o)
                0x08016b40                typeinfo for decltype(nullptr)*
 .rodata._ZTIDn
                0x08016b50        0x8 c:/users/gordon/documents/university/computer_graphics_architecture/dev/devkitpro/devkitarm/bin/../lib/gcc/arm-eabi/4.6.1/../../../../arm-eabi/lib/thumb\libstdc++.a(fundamental_type_info.o)
                0x08016b50                typeinfo for decltype(nullptr)
 .rodata._ZTIPKDe
                0x08016b58       0x10 c:/users/gordon/documents/university/computer_graphics_architecture/dev/devkitpro/devkitarm/bin/../lib/gcc/arm-eabi/4.6.1/../../../../arm-eabi/lib/thumb\libstdc++.a(fundamental_type_info.o)
                0x08016b58                typeinfo for decimal128 const*
 .rodata._ZTIPDe
                0x08016b68       0x10 c:/users/gordon/documents/university/computer_graphics_architecture/dev/devkitpro/devkitarm/bin/../lib/gcc/arm-eabi/4.6.1/../../../../arm-eabi/lib/thumb\libstdc++.a(fundamental_type_info.o)
                0x08016b68                typeinfo for decimal128*
 .rodata._ZTIDe
                0x08016b78        0x8 c:/users/gordon/documents/university/computer_graphics_architecture/dev/devkitpro/devkitarm/bin/../lib/gcc/arm-eabi/4.6.1/../../../../arm-eabi/lib/thumb\libstdc++.a(fundamental_type_info.o)
                0x08016b78                typeinfo for decimal128
 .rodata._ZTIPKDd
                0x08016b80       0x10 c:/users/gordon/documents/university/computer_graphics_architecture/dev/devkitpro/devkitarm/bin/../lib/gcc/arm-eabi/4.6.1/../../../../arm-eabi/lib/thumb\libstdc++.a(fundamental_type_info.o)
                0x08016b80                typeinfo for decimal64 const*
 .rodata._ZTIPDd
                0x08016b90       0x10 c:/users/gordon/documents/university/computer_graphics_architecture/dev/devkitpro/devkitarm/bin/../lib/gcc/arm-eabi/4.6.1/../../../../arm-eabi/lib/thumb\libstdc++.a(fundamental_type_info.o)
                0x08016b90                typeinfo for decimal64*
 .rodata._ZTIDd
                0x08016ba0        0x8 c:/users/gordon/documents/university/computer_graphics_architecture/dev/devkitpro/devkitarm/bin/../lib/gcc/arm-eabi/4.6.1/../../../../arm-eabi/lib/thumb\libstdc++.a(fundamental_type_info.o)
                0x08016ba0                typeinfo for decimal64
 .rodata._ZTIPKDf
                0x08016ba8       0x10 c:/users/gordon/documents/university/computer_graphics_architecture/dev/devkitpro/devkitarm/bin/../lib/gcc/arm-eabi/4.6.1/../../../../arm-eabi/lib/thumb\libstdc++.a(fundamental_type_info.o)
                0x08016ba8                typeinfo for decimal32 const*
 .rodata._ZTIPDf
                0x08016bb8       0x10 c:/users/gordon/documents/university/computer_graphics_architecture/dev/devkitpro/devkitarm/bin/../lib/gcc/arm-eabi/4.6.1/../../../../arm-eabi/lib/thumb\libstdc++.a(fundamental_type_info.o)
                0x08016bb8                typeinfo for decimal32*
 .rodata._ZTIDf
                0x08016bc8        0x8 c:/users/gordon/documents/university/computer_graphics_architecture/dev/devkitpro/devkitarm/bin/../lib/gcc/arm-eabi/4.6.1/../../../../arm-eabi/lib/thumb\libstdc++.a(fundamental_type_info.o)
                0x08016bc8                typeinfo for decimal32
 .rodata._ZTIPKe
                0x08016bd0       0x10 c:/users/gordon/documents/university/computer_graphics_architecture/dev/devkitpro/devkitarm/bin/../lib/gcc/arm-eabi/4.6.1/../../../../arm-eabi/lib/thumb\libstdc++.a(fundamental_type_info.o)
                0x08016bd0                typeinfo for long double const*
 .rodata._ZTIPe
                0x08016be0       0x10 c:/users/gordon/documents/university/computer_graphics_architecture/dev/devkitpro/devkitarm/bin/../lib/gcc/arm-eabi/4.6.1/../../../../arm-eabi/lib/thumb\libstdc++.a(fundamental_type_info.o)
                0x08016be0                typeinfo for long double*
 .rodata._ZTIe  0x08016bf0        0x8 c:/users/gordon/documents/university/computer_graphics_architecture/dev/devkitpro/devkitarm/bin/../lib/gcc/arm-eabi/4.6.1/../../../../arm-eabi/lib/thumb\libstdc++.a(fundamental_type_info.o)
                0x08016bf0                typeinfo for long double
 .rodata._ZTIPKd
                0x08016bf8       0x10 c:/users/gordon/documents/university/computer_graphics_architecture/dev/devkitpro/devkitarm/bin/../lib/gcc/arm-eabi/4.6.1/../../../../arm-eabi/lib/thumb\libstdc++.a(fundamental_type_info.o)
                0x08016bf8                typeinfo for double const*
 .rodata._ZTIPd
                0x08016c08       0x10 c:/users/gordon/documents/university/computer_graphics_architecture/dev/devkitpro/devkitarm/bin/../lib/gcc/arm-eabi/4.6.1/../../../../arm-eabi/lib/thumb\libstdc++.a(fundamental_type_info.o)
                0x08016c08                typeinfo for double*
 .rodata._ZTId  0x08016c18        0x8 c:/users/gordon/documents/university/computer_graphics_architecture/dev/devkitpro/devkitarm/bin/../lib/gcc/arm-eabi/4.6.1/../../../../arm-eabi/lib/thumb\libstdc++.a(fundamental_type_info.o)
                0x08016c18                typeinfo for double
 .rodata._ZTIPKf
                0x08016c20       0x10 c:/users/gordon/documents/university/computer_graphics_architecture/dev/devkitpro/devkitarm/bin/../lib/gcc/arm-eabi/4.6.1/../../../../arm-eabi/lib/thumb\libstdc++.a(fundamental_type_info.o)
                0x08016c20                typeinfo for float const*
 .rodata._ZTIPf
                0x08016c30       0x10 c:/users/gordon/documents/university/computer_graphics_architecture/dev/devkitpro/devkitarm/bin/../lib/gcc/arm-eabi/4.6.1/../../../../arm-eabi/lib/thumb\libstdc++.a(fundamental_type_info.o)
                0x08016c30                typeinfo for float*
 .rodata._ZTIf  0x08016c40        0x8 c:/users/gordon/documents/university/computer_graphics_architecture/dev/devkitpro/devkitarm/bin/../lib/gcc/arm-eabi/4.6.1/../../../../arm-eabi/lib/thumb\libstdc++.a(fundamental_type_info.o)
                0x08016c40                typeinfo for float
 .rodata._ZTIPKy
                0x08016c48       0x10 c:/users/gordon/documents/university/computer_graphics_architecture/dev/devkitpro/devkitarm/bin/../lib/gcc/arm-eabi/4.6.1/../../../../arm-eabi/lib/thumb\libstdc++.a(fundamental_type_info.o)
                0x08016c48                typeinfo for unsigned long long const*
 .rodata._ZTIPy
                0x08016c58       0x10 c:/users/gordon/documents/university/computer_graphics_architecture/dev/devkitpro/devkitarm/bin/../lib/gcc/arm-eabi/4.6.1/../../../../arm-eabi/lib/thumb\libstdc++.a(fundamental_type_info.o)
                0x08016c58                typeinfo for unsigned long long*
 .rodata._ZTIy  0x08016c68        0x8 c:/users/gordon/documents/university/computer_graphics_architecture/dev/devkitpro/devkitarm/bin/../lib/gcc/arm-eabi/4.6.1/../../../../arm-eabi/lib/thumb\libstdc++.a(fundamental_type_info.o)
                0x08016c68                typeinfo for unsigned long long
 .rodata._ZTIPKx
                0x08016c70       0x10 c:/users/gordon/documents/university/computer_graphics_architecture/dev/devkitpro/devkitarm/bin/../lib/gcc/arm-eabi/4.6.1/../../../../arm-eabi/lib/thumb\libstdc++.a(fundamental_type_info.o)
                0x08016c70                typeinfo for long long const*
 .rodata._ZTIPx
                0x08016c80       0x10 c:/users/gordon/documents/university/computer_graphics_architecture/dev/devkitpro/devkitarm/bin/../lib/gcc/arm-eabi/4.6.1/../../../../arm-eabi/lib/thumb\libstdc++.a(fundamental_type_info.o)
                0x08016c80                typeinfo for long long*
 .rodata._ZTIx  0x08016c90        0x8 c:/users/gordon/documents/university/computer_graphics_architecture/dev/devkitpro/devkitarm/bin/../lib/gcc/arm-eabi/4.6.1/../../../../arm-eabi/lib/thumb\libstdc++.a(fundamental_type_info.o)
                0x08016c90                typeinfo for long long
 .rodata._ZTIPKm
                0x08016c98       0x10 c:/users/gordon/documents/university/computer_graphics_architecture/dev/devkitpro/devkitarm/bin/../lib/gcc/arm-eabi/4.6.1/../../../../arm-eabi/lib/thumb\libstdc++.a(fundamental_type_info.o)
                0x08016c98                typeinfo for unsigned long const*
 .rodata._ZTIPm
                0x08016ca8       0x10 c:/users/gordon/documents/university/computer_graphics_architecture/dev/devkitpro/devkitarm/bin/../lib/gcc/arm-eabi/4.6.1/../../../../arm-eabi/lib/thumb\libstdc++.a(fundamental_type_info.o)
                0x08016ca8                typeinfo for unsigned long*
 .rodata._ZTIm  0x08016cb8        0x8 c:/users/gordon/documents/university/computer_graphics_architecture/dev/devkitpro/devkitarm/bin/../lib/gcc/arm-eabi/4.6.1/../../../../arm-eabi/lib/thumb\libstdc++.a(fundamental_type_info.o)
                0x08016cb8                typeinfo for unsigned long
 .rodata._ZTIPKl
                0x08016cc0       0x10 c:/users/gordon/documents/university/computer_graphics_architecture/dev/devkitpro/devkitarm/bin/../lib/gcc/arm-eabi/4.6.1/../../../../arm-eabi/lib/thumb\libstdc++.a(fundamental_type_info.o)
                0x08016cc0                typeinfo for long const*
 .rodata._ZTIPl
                0x08016cd0       0x10 c:/users/gordon/documents/university/computer_graphics_architecture/dev/devkitpro/devkitarm/bin/../lib/gcc/arm-eabi/4.6.1/../../../../arm-eabi/lib/thumb\libstdc++.a(fundamental_type_info.o)
                0x08016cd0                typeinfo for long*
 .rodata._ZTIl  0x08016ce0        0x8 c:/users/gordon/documents/university/computer_graphics_architecture/dev/devkitpro/devkitarm/bin/../lib/gcc/arm-eabi/4.6.1/../../../../arm-eabi/lib/thumb\libstdc++.a(fundamental_type_info.o)
                0x08016ce0                typeinfo for long
 .rodata._ZTIPKj
                0x08016ce8       0x10 c:/users/gordon/documents/university/computer_graphics_architecture/dev/devkitpro/devkitarm/bin/../lib/gcc/arm-eabi/4.6.1/../../../../arm-eabi/lib/thumb\libstdc++.a(fundamental_type_info.o)
                0x08016ce8                typeinfo for unsigned int const*
 .rodata._ZTIPj
                0x08016cf8       0x10 c:/users/gordon/documents/university/computer_graphics_architecture/dev/devkitpro/devkitarm/bin/../lib/gcc/arm-eabi/4.6.1/../../../../arm-eabi/lib/thumb\libstdc++.a(fundamental_type_info.o)
                0x08016cf8                typeinfo for unsigned int*