Archive member included because of file (symbol)

g:/dev/devkitpro/devkitarm/bin/../lib/gcc/arm-eabi/4.1.1/../../../../arm-eabi/lib/thumb\libstdc++.a(del_op.o)
                              memtest.o (operator delete(void*))
g:/dev/devkitpro/devkitarm/bin/../lib/gcc/arm-eabi/4.1.1/../../../../arm-eabi/lib/thumb\libstdc++.a(eh_personality.o)
                              g:/dev/devkitpro/devkitarm/bin/../lib/gcc/arm-eabi/4.1.1/../../../../arm-eabi/lib/thumb\libstdc++.a(del_op.o) (__gxx_personality_v0)
g:/dev/devkitpro/devkitarm/bin/../lib/gcc/arm-eabi/4.1.1/../../../../arm-eabi/lib/thumb\libstdc++.a(eh_terminate.o)
                              g:/dev/devkitpro/devkitarm/bin/../lib/gcc/arm-eabi/4.1.1/../../../../arm-eabi/lib/thumb\libstdc++.a(eh_personality.o) (std::terminate())
g:/dev/devkitpro/devkitarm/bin/../lib/gcc/arm-eabi/4.1.1/../../../../arm-eabi/lib/thumb\libstdc++.a(eh_term_handler.o)
                              g:/dev/devkitpro/devkitarm/bin/../lib/gcc/arm-eabi/4.1.1/../../../../arm-eabi/lib/thumb\libstdc++.a(eh_terminate.o) (__cxxabiv1::__terminate_handler)
g:/dev/devkitpro/devkitarm/bin/../lib/gcc/arm-eabi/4.1.1/../../../../arm-eabi/lib/thumb\libstdc++.a(eh_unex_handler.o)
                              g:/dev/devkitpro/devkitarm/bin/../lib/gcc/arm-eabi/4.1.1/../../../../arm-eabi/lib/thumb\libstdc++.a(eh_terminate.o) (__cxxabiv1::__unexpected_handler)
g:/dev/devkitpro/devkitarm/bin/../lib/gcc/arm-eabi/4.1.1/../../../../arm-eabi/lib/thumb\libstdc++.a(new_opv.o)
                              memtest.o (operator new[](unsigned int))
g:/dev/devkitpro/devkitarm/bin/../lib/gcc/arm-eabi/4.1.1/../../../../arm-eabi/lib/thumb\libstdc++.a(vterminate.o)
                              g:/dev/devkitpro/devkitarm/bin/../lib/gcc/arm-eabi/4.1.1/../../../../arm-eabi/lib/thumb\libstdc++.a(eh_term_handler.o) (__gnu_cxx::__verbose_terminate_handler())
g:/dev/devkitpro/devkitarm/bin/../lib/gcc/arm-eabi/4.1.1/../../../../arm-eabi/lib/thumb\libstdc++.a(cp-demangle.o)
                              g:/dev/devkitpro/devkitarm/bin/../lib/gcc/arm-eabi/4.1.1/../../../../arm-eabi/lib/thumb\libstdc++.a(vterminate.o) (__cxa_demangle)
g:/dev/devkitpro/devkitarm/bin/../lib/gcc/arm-eabi/4.1.1/../../../../arm-eabi/lib/thumb\libstdc++.a(eh_arm.o)
                              g:/dev/devkitpro/devkitarm/bin/../lib/gcc/arm-eabi/4.1.1/../../../../arm-eabi/lib/thumb\libstdc++.a(eh_personality.o) (__cxa_end_cleanup)
g:/dev/devkitpro/devkitarm/bin/../lib/gcc/arm-eabi/4.1.1/../../../../arm-eabi/lib/thumb\libstdc++.a(eh_aux_runtime.o)
                              g:/dev/devkitpro/devkitarm/bin/../lib/gcc/arm-eabi/4.1.1/../../../../arm-eabi/lib/thumb\libstdc++.a(eh_arm.o) (__cxa_bad_typeid)
g:/dev/devkitpro/devkitarm/bin/../lib/gcc/arm-eabi/4.1.1/../../../../arm-eabi/lib/thumb\libstdc++.a(eh_call.o)
                              g:/dev/devkitpro/devkitarm/bin/../lib/gcc/arm-eabi/4.1.1/../../../../arm-eabi/lib/thumb\libstdc++.a(new_opv.o) (__cxa_call_unexpected)
g:/dev/devkitpro/devkitarm/bin/../lib/gcc/arm-eabi/4.1.1/../../../../arm-eabi/lib/thumb\libstdc++.a(eh_catch.o)
                              g:/dev/devkitpro/devkitarm/bin/../lib/gcc/arm-eabi/4.1.1/../../../../arm-eabi/lib/thumb\libstdc++.a(eh_personality.o) (__cxa_end_catch)
g:/dev/devkitpro/devkitarm/bin/../lib/gcc/arm-eabi/4.1.1/../../../../arm-eabi/lib/thumb\libstdc++.a(eh_exception.o)
                              g:/dev/devkitpro/devkitarm/bin/../lib/gcc/arm-eabi/4.1.1/../../../../arm-eabi/lib/thumb\libstdc++.a(eh_call.o) (vtable for std::bad_exception)
g:/dev/devkitpro/devkitarm/bin/../lib/gcc/arm-eabi/4.1.1/../../../../arm-eabi/lib/thumb\libstdc++.a(eh_globals.o)
                              g:/dev/devkitpro/devkitarm/bin/../lib/gcc/arm-eabi/4.1.1/../../../../arm-eabi/lib/thumb\libstdc++.a(eh_call.o) (__cxa_get_globals_fast)
g:/dev/devkitpro/devkitarm/bin/../lib/gcc/arm-eabi/4.1.1/../../../../arm-eabi/lib/thumb\libstdc++.a(eh_throw.o)
                              g:/dev/devkitpro/devkitarm/bin/../lib/gcc/arm-eabi/4.1.1/../../../../arm-eabi/lib/thumb\libstdc++.a(vterminate.o) (__cxa_rethrow)
g:/dev/devkitpro/devkitarm/bin/../lib/gcc/arm-eabi/4.1.1/../../../../arm-eabi/lib/thumb\libstdc++.a(eh_type.o)
                              g:/dev/devkitpro/devkitarm/bin/../lib/gcc/arm-eabi/4.1.1/../../../../arm-eabi/lib/thumb\libstdc++.a(vterminate.o) (__cxa_current_exception_type)
g:/dev/devkitpro/devkitarm/bin/../lib/gcc/arm-eabi/4.1.1/../../../../arm-eabi/lib/thumb\libstdc++.a(new_handler.o)
                              g:/dev/devkitpro/devkitarm/bin/../lib/gcc/arm-eabi/4.1.1/../../../../arm-eabi/lib/thumb\libstdc++.a(new_opv.o) (typeinfo for std::bad_alloc)
g:/dev/devkitpro/devkitarm/bin/../lib/gcc/arm-eabi/4.1.1/../../../../arm-eabi/lib/thumb\libstdc++.a(new_op.o)
                              g:/dev/devkitpro/devkitarm/bin/../lib/gcc/arm-eabi/4.1.1/../../../../arm-eabi/lib/thumb\libstdc++.a(new_opv.o) (operator new(unsigned int))
[...]
Memory Configuration

Name             Origin             Length             Attributes
rom              0x08000000         0x02000000
iwram            0x03000000         0x00008000
ewram            0x02000000         0x00040000
*default*        0x00000000         0xffffffff

Linker script and memory map

                0x08000000                __text_start = 0x8000000
                0x02040000                __eheap_end = 0x2040000
                0x03000000                __iwram_start = 0x3000000
                0x03008000                __iwram_top = 0x3008000
                0x03007f00                __sp_irq = (__iwram_top - 0x100)
                0x03007e00                __sp_usr = (__sp_irq - 0x100)
                0x03007ff8                __irq_flags = 0x3007ff8
                0x08000000                . = __text_start

.init           0x08000000      0x218
 *(.init)
 .init          0x08000000      0x20c g:/dev/devkitpro/devkitarm/bin/../lib/gcc/arm-eabi/4.1.1/../../../../arm-eabi/lib/thumb/gba_crt0.o
                0x080000c4                __boot_method
                0x080000c5                __slave_number
                0x08000000                _start
                0x080000e0                start_vector
 .init          0x0800020c        0x4 g:/dev/devkitpro/devkitarm/bin/../lib/gcc/arm-eabi/4.1.1/thumb/crti.o
                0x0800020c                _init
 .init          0x08000210        0x8 g:/dev/devkitpro/devkitarm/bin/../lib/gcc/arm-eabi/4.1.1/thumb/crtn.o
                0x08000218                . = ALIGN (0x4)

.plt            0x08000218        0x0
 *(.plt)
                0x08000218                . = ALIGN (0x4)

.text           0x08000218     0xc768
 *(EXCLUDE_FILE(*.iwram*) .text)
 .text          0x08000218        0x0 g:/dev/devkitpro/devkitarm/bin/../lib/gcc/arm-eabi/4.1.1/../../../../arm-eabi/lib/thumb/gba_crt0.o
 .text          0x08000218        0x0 g:/dev/devkitpro/devkitarm/bin/../lib/gcc/arm-eabi/4.1.1/thumb/crti.o
 .text          0x08000218       0x70 g:/dev/devkitpro/devkitarm/bin/../lib/gcc/arm-eabi/4.1.1/thumb/crtbegin.o
 .text          0x08000288      0x264 main.o
                0x080003cc                main
                0x08000328                loadTiles()
                0x08000288                initDisplay()
                0x080002ec                loadPalletes()
 .text          0x080004ec        0x0 font.o
 .text          0x080004ec      0x13c gba.o
                0x080004ec                WaitVSync()
                0x0800057c                CopyScreen()
                0x08000560                ClearScreen16(unsigned short)
                0x080005ac                UpdateObjects()
                0x08000508                FlipBuffers()
                0x08000538                ClearScreen8(unsigned char)
                0x080005e8                ClearObjects()
                0x080005d0                CopyToVRAM(unsigned short volatile*, unsigned short const*, int)
 .text          0x08000628      0x344 player.o
                0x08000628                Player::Player(int, int)
                0x08000650                Player::updatePosition()
                0x080007b4                Player::getInputs()
                0x0800078c                Player::Player(int, int)
                0x080006e4                Player::waterSoil()
                0x0800071c                Player::plantSeeds()
                0x08000754                Player::tillSoil()
                0x080006ac                Player::harvestCrops()
                0x080008ec                Player::onTick()
 .text          0x0800096c      0x198 memtest.o
                0x080009b0                secondpass(int)
                0x08000a8c                loadHeap2()
                0x0800096c                firstpass(int)
                0x08000a14                loadHeap1()
                0x080009fc                deleteHeap()
 .text          0x08000b04        0x0 tiles.o
 .text          0x08000b04       0x18 util.o
                0x08000b04                isKeyDown(int)
 .text          0x08000b1c      0x15c world.o
                0x08000bb4                harvest(int, int)
                0x08000c30                plant(int, int)
                0x08000b1c                till(int, int)
                0x08000bf0                water(int, int)
 .text          0x08000c78       0x14 g:/dev/devkitpro/devkitarm/bin/../lib/gcc/arm-eabi/4.1.1/../../../../arm-eabi/lib/thumb\libstdc++.a(del_op.o)
                0x08000c78                operator delete(void*)
 .text          0x08000c8c      0x58c g:/dev/devkitpro/devkitarm/bin/../lib/gcc/arm-eabi/4.1.1/../../../../arm-eabi/lib/thumb\libstdc++.a(eh_personality.o)
                0x08000e80                __gxx_personality_v0
 .text          0x08001218       0x70 g:/dev/devkitpro/devkitarm/bin/../lib/gcc/arm-eabi/4.1.1/../../../../arm-eabi/lib/thumb\libstdc++.a(eh_terminate.o)
                0x08001274                std::unexpected()
                0x08001228                std::set_unexpected(void (*)())
                0x08001218                std::set_terminate(void (*)())
                0x08001258                std::terminate()
                0x08001268                __cxxabiv1::__unexpected(void (*)())
                0x08001238                __cxxabiv1::__terminate(void (*)())
 .text          0x08001288        0x0 g:/dev/devkitpro/devkitarm/bin/../lib/gcc/arm-eabi/4.1.1/../../../../arm-eabi/lib/thumb\libstdc++.a(eh_term_handler.o)
 .text          0x08001288        0x0 g:/dev/devkitpro/devkitarm/bin/../lib/gcc/arm-eabi/4.1.1/../../../../arm-eabi/lib/thumb\libstdc++.a(eh_unex_handler.o)
 .text          0x08001288       0x1c g:/dev/devkitpro/devkitarm/bin/../lib/gcc/arm-eabi/4.1.1/../../../../arm-eabi/lib/thumb\libstdc++.a(new_opv.o)
                0x08001288                operator new[](unsigned int)
 .text          0x080012a4      0x110 g:/dev/devkitpro/devkitarm/bin/../lib/gcc/arm-eabi/4.1.1/../../../../arm-eabi/lib/thumb\libstdc++.a(vterminate.o)
                0x080012a4                __gnu_cxx::__verbose_terminate_handler()
 .text          0x080013b4     0x2c5c g:/dev/devkitpro/devkitarm/bin/../lib/gcc/arm-eabi/4.1.1/../../../../arm-eabi/lib/thumb\libstdc++.a(cp-demangle.o)
                0x08003f84                __cxa_demangle
 .text          0x08004010      0x1a8 g:/dev/devkitpro/devkitarm/bin/../lib/gcc/arm-eabi/4.1.1/../../../../arm-eabi/lib/thumb\libstdc++.a(eh_arm.o)
                0x08004010                __cxa_end_cleanup
                0x0800401c                __cxa_begin_cleanup
                0x08004150                __gnu_end_cleanup
                0x0800408c                __cxa_type_match
 .text          0x080041b8       0x48 g:/dev/devkitpro/devkitarm/bin/../lib/gcc/arm-eabi/4.1.1/../../../../arm-eabi/lib/thumb\libstdc++.a(eh_aux_runtime.o)
                0x080041dc                __cxa_bad_cast
                0x080041b8                __cxa_bad_typeid
 .text          0x08004200      0x170 g:/dev/devkitpro/devkitarm/bin/../lib/gcc/arm-eabi/4.1.1/../../../../arm-eabi/lib/thumb\libstdc++.a(eh_call.o)
                0x08004200                __cxa_call_unexpected
                0x08004324                __cxa_call_terminate
 .text          0x08004370      0x128 g:/dev/devkitpro/devkitarm/bin/../lib/gcc/arm-eabi/4.1.1/../../../../arm-eabi/lib/thumb\libstdc++.a(eh_catch.o)
                0x08004370                std::uncaught_exception()
                0x08004408                __cxa_get_exception_ptr
                0x08004388                __cxa_end_catch
                0x0800440c                __cxa_begin_catch
 .text          0x08004498       0x8c g:/dev/devkitpro/devkitarm/bin/../lib/gcc/arm-eabi/4.1.1/../../../../arm-eabi/lib/thumb\libstdc++.a(eh_exception.o)
                0x080044c8                std::exception::~exception()
                0x08004498                std::exception::what() const
                0x0800450c                std::bad_exception::~bad_exception()
                0x080044f4                std::bad_exception::~bad_exception()
                0x080044d4                std::bad_exception::~bad_exception()
                0x080044bc                std::exception::~exception()
                0x080044a4                std::exception::~exception()
 .text          0x08004524       0x10 g:/dev/devkitpro/devkitarm/bin/../lib/gcc/arm-eabi/4.1.1/../../../../arm-eabi/lib/thumb\libstdc++.a(eh_globals.o)
                0x08004524                __cxa_get_globals_fast
                0x0800452c                __cxa_get_globals
 .text          0x08004534       0xec g:/dev/devkitpro/devkitarm/bin/../lib/gcc/arm-eabi/4.1.1/../../../../arm-eabi/lib/thumb\libstdc++.a(eh_throw.o)
                0x08004534                __cxa_rethrow
                0x08004598                __cxa_throw
 .text          0x08004620       0x18 g:/dev/devkitpro/devkitarm/bin/../lib/gcc/arm-eabi/4.1.1/../../../../arm-eabi/lib/thumb\libstdc++.a(eh_type.o)
                0x08004620                __cxa_current_exception_type
 .text          0x08004638       0x60 g:/dev/devkitpro/devkitarm/bin/../lib/gcc/arm-eabi/4.1.1/../../../../arm-eabi/lib/thumb\libstdc++.a(new_handler.o)
                0x08004680                std::bad_alloc::~bad_alloc()
                0x08004648                std::bad_alloc::~bad_alloc()
                0x08004638                std::set_new_handler(void (*)())
                0x08004668                std::bad_alloc::~bad_alloc()
 .text          0x08004698       0x70 g:/dev/devkitpro/devkitarm/bin/../lib/gcc/arm-eabi/4.1.1/../../../../arm-eabi/lib/thumb\libstdc++.a(new_op.o)
                0x08004698                operator new(unsigned int)
 .text          0x08004708      0x9ac g:/dev/devkitpro/devkitarm/bin/../lib/gcc/arm-eabi/4.1.1/../../../../arm-eabi/lib/thumb\libstdc++.a(tinfo.o)
                0x0800470c                std::type_info::__is_function_p() const
                0x0800486c                __cxxabiv1::__si_class_type_info::~__si_class_type_info()
                0x08004b8c                __cxxabiv1::__vmi_class_type_info::__do_upcast(__cxxabiv1::__class_type_info const*, void const*, __cxxabiv1::__class_type_info::__upcast_result&) const
                0x08004a54                std::bad_typeid::~bad_typeid()
                0x08004aa4                std::bad_cast::~bad_cast()
                0x08004750                __cxxabiv1::__class_type_info::__do_find_public_src(int, void const*, __cxxabiv1::__class_type_info const*, void const*) const
                0x080047b4                __cxxabiv1::__class_type_info::~__class_type_info()
                0x08004804                __cxxabiv1::__vmi_class_type_info::~__vmi_class_type_info()
                0x08004a0c                __cxxabiv1::__class_type_info::__do_catch(std::type_info const*, void**, unsigned int) const
                0x08004ac4                std::bad_cast::~bad_cast()
                0x080048a8                __cxxabiv1::__class_type_info::__do_upcast(__cxxabiv1::__class_type_info const*, void const*, __cxxabiv1::__class_type_info::__upcast_result&) const
                0x080047e4                __cxxabiv1::__vmi_class_type_info::~__vmi_class_type_info()
                0x08004af4                __cxxabiv1::__vmi_class_type_info::__do_find_public_src(int, void const*, __cxxabiv1::__class_type_info const*, void const*) const
                0x0800477c                std::type_info::~type_info()
                0x08004764                std::type_info::~type_info()
                0x08004710                std::type_info::__do_upcast(__cxxabiv1::__class_type_info const*, void**) const
                0x08004984                __cxxabiv1::__class_type_info::__do_dyncast(int, __cxxabiv1::__class_type_info::__sub_kind, __cxxabiv1::__class_type_info const*, void const*, __cxxabiv1::__class_type_info const*, void const*, __cxxabiv1::__class_type_info::__dyncast_result&) const
                0x0800481c                __cxxabiv1::__vmi_class_type_info::~__vmi_class_type_info()
                0x08004714                __cxxabiv1::__class_type_info::__do_upcast(__cxxabiv1::__class_type_info const*, void**) const
                0x080048fc                __cxxabiv1::__si_class_type_info::__do_dyncast(int, __cxxabiv1::__class_type_info::__sub_kind, __cxxabiv1::__class_type_info const*, void const*, __cxxabiv1::__class_type_info const*, void const*, __cxxabiv1::__class_type_info::__dyncast_result&) const
                0x08004788                std::type_info::~type_info()
                0x080048cc                __cxxabiv1::__si_class_type_info::__do_upcast(__cxxabiv1::__class_type_info const*, void const*, __cxxabiv1::__class_type_info::__upcast_result&) const
                0x08004854                __cxxabiv1::__si_class_type_info::~__si_class_type_info()
                0x08004708                std::type_info::__is_pointer_p() const
                0x08004adc                std::bad_cast::~bad_cast()
                0x08004834                __cxxabiv1::__si_class_type_info::~__si_class_type_info()
                0x080047cc                __cxxabiv1::__class_type_info::~__class_type_info()
                0x08004da8                __cxxabiv1::__vmi_class_type_info::__do_dyncast(int, __cxxabiv1::__class_type_info::__sub_kind, __cxxabiv1::__class_type_info const*, void const*, __cxxabiv1::__class_type_info const*, void const*, __cxxabiv1::__class_type_info::__dyncast_result&) const
                0x080049c8                __cxxabiv1::__si_class_type_info::__do_find_public_src(int, void const*, __cxxabiv1::__class_type_info const*, void const*) const
                0x08004a74                std::bad_typeid::~bad_typeid()
                0x08004a8c                std::bad_typeid::~bad_typeid()
                0x08004884                std::type_info::operator==(std::type_info const&) const
                0x08004cec                __dynamic_cast
                0x08004a44                std::type_info::__do_catch(std::type_info const*, void**, unsigned int) const
                0x08004794                __cxxabiv1::__class_type_info::~__class_type_info()
 .text          0x080050b4      0x344 g:/dev/devkitpro/devkitarm/bin/../lib/gcc/arm-eabi/4.1.1/../../../../arm-eabi/lib/thumb\libstdc++.a(tinfo2.o)
                0x080051e4                __cxxabiv1::__pointer_type_info::~__pointer_type_info()
                0x08005324                __cxxabiv1::__fundamental_type_info::~__fundamental_type_info()
                0x08005124                __cxxabiv1::__pbase_type_info::~__pbase_type_info()
                0x0800524c                __cxxabiv1::__enum_type_info::~__enum_type_info()
                0x080051c4                __cxxabiv1::__pointer_type_info::~__pointer_type_info()
                0x08005304                __cxxabiv1::__fundamental_type_info::~__fundamental_type_info()
                0x08005144                __cxxabiv1::__pbase_type_info::~__pbase_type_info()
                0x08005264                __cxxabiv1::__function_type_info::~__function_type_info()
                0x080050b8                __cxxabiv1::__function_type_info::__is_function_p() const
                0x08005234                __cxxabiv1::__enum_type_info::~__enum_type_info()
                0x08005354                std::type_info::before(std::type_info const&) const
                0x0800515c                __cxxabiv1::__pbase_type_info::~__pbase_type_info()
                0x080051ac                __cxxabiv1::__pointer_to_member_type_info::~__pointer_to_member_type_info()
                0x080050b4                __cxxabiv1::__pointer_type_info::__is_pointer_p() const
                0x0800533c                __cxxabiv1::__fundamental_type_info::~__fundamental_type_info()
                0x080052ec                __cxxabiv1::__array_type_info::~__array_type_info()
                0x080051fc                __cxxabiv1::__pointer_type_info::~__pointer_type_info()
                0x08005174                __cxxabiv1::__pointer_to_member_type_info::~__pointer_to_member_type_info()
                0x080052d4                __cxxabiv1::__array_type_info::~__array_type_info()
                0x08005194                __cxxabiv1::__pointer_to_member_type_info::~__pointer_to_member_type_info()
                0x080050bc                __cxxabiv1::__pbase_type_info::__do_catch(std::type_info const*, void**, unsigned int) const
                0x080052b4                __cxxabiv1::__array_type_info::~__array_type_info()
                0x08005370                __cxxabiv1::__pointer_type_info::__pointer_catch(__cxxabiv1::__pbase_type_info const*, void**, unsigned int) const
                0x0800529c                __cxxabiv1::__function_type_info::~__function_type_info()
                0x08005214                __cxxabiv1::__enum_type_info::~__enum_type_info()
                0x08005284                __cxxabiv1::__function_type_info::~__function_type_info()
                0x080053c0                __cxxabiv1::__pointer_to_member_type_info::__pointer_catch(__cxxabiv1::__pbase_type_info const*, void**, unsigned int) const
 .text          0x080053f8       0xbc g:/dev/devkitpro/devkitarm/bin/../lib/gcc/arm-eabi/4.1.1/../../../../arm-eabi/lib/thumb\libstdc++.a(eh_alloc.o)
                0x080053f8                __cxa_free_exception
                0x08005438                __cxa_allocate_exception
 .text          0x080054b4       0x3c g:/dev/devkitpro/devkitarm/bin/../lib/gcc/arm-eabi/4.1.1/thumb\libgcc.a(_call_via_rX.o)
                0x080054bc                _call_via_r2
                0x080054cc                _call_via_r6
                0x080054c8                _call_via_r5
                0x080054c0                _call_via_r3
                0x080054e0                _call_via_fp
                0x080054d4                _call_via_r8
                0x080054d0                _call_via_r7
                0x080054b4                _call_via_r0
                0x080054dc                _call_via_sl
                0x080054e8                _call_via_sp
                0x080054d8                _call_via_r9
                0x080054c4                _call_via_r4
                0x080054b8                _call_via_r1
                0x080054e4                _call_via_ip
                0x080054ec                _call_via_lr
 .text          0x080054f0      0x840 g:/dev/devkitpro/devkitarm/bin/../lib/gcc/arm-eabi/4.1.1/thumb\libgcc.a(unwind-arm.o)
                0x08005be4                __gnu_Unwind_RaiseException
                0x08005978                __aeabi_unwind_cpp_pr0
                0x08005624                _Unwind_GetCFA
                0x08005548                _Unwind_VRS_Set
                0x08005c5c                _Unwind_VRS_Pop
                0x08005958                __aeabi_unwind_cpp_pr2
                0x0800562c                _Unwind_DeleteException
                0x08005628                _Unwind_Complete
                0x08005b88                __gnu_Unwind_Resume
                0x08005b34                __gnu_Unwind_ForcedUnwind
                0x08005c3c                __gnu_Unwind_Resume_or_Rethrow
                0x08005644                _Unwind_GetTextRelBase
                0x08005500                _Unwind_VRS_Get
                0x08005968                __aeabi_unwind_cpp_pr1
                0x0800564c                _Unwind_GetDataRelBase
 .text          0x08005d30       0xdc g:/dev/devkitpro/devkitarm/bin/../lib/gcc/arm-eabi/4.1.1/thumb\libgcc.a(libunwind.o)
                0x08005de0                ___Unwind_ForcedUnwind
                0x08005d54                __gnu_Unwind_Save_VFP
                0x08005db4                _Unwind_Resume_or_Rethrow
                0x08005db4                ___Unwind_Resume_or_Rethrow
                0x08005d30                __restore_core_regs
                0x08005d5c                ___Unwind_RaiseException
                0x08005d88                ___Unwind_Resume
                0x08005d4c                __gnu_Unwind_Restore_VFP
                0x08005d88                _Unwind_Resume
                0x08005d5c                _Unwind_RaiseException
                0x08005d30                restore_core_regs
                0x08005de0                _Unwind_ForcedUnwind
 .text          0x08005e0c      0x394 g:/dev/devkitpro/devkitarm/bin/../lib/gcc/arm-eabi/4.1.1/thumb\libgcc.a(pr-support.o)
                0x08005e84                _Unwind_GetRegionStart
                0x08005e94                __gnu_unwind_execute
                0x08005e6c                _Unwind_GetLanguageSpecificData
                0x08006174                __gnu_unwind_frame
 .text          0x080061a0       0x10 g:/dev/devkitpro/devkitarm/bin/../lib/gcc/arm-eabi/4.1.1/../../../../arm-eabi/lib/thumb\libg.a(lib_a-abort.o)
                0x080061a0                abort
 .text          0x080061b0       0x58 g:/dev/devkitpro/devkitarm/bin/../lib/gcc/arm-eabi/4.1.1/../../../../arm-eabi/lib/thumb\libg.a(lib_a-fputc.o)
                0x080061e0                _fputc_r
                0x080061b0                fputc
 .text          0x08006208       0x5c g:/dev/devkitpro/devkitarm/bin/../lib/gcc/arm-eabi/4.1.1/../../../../arm-eabi/lib/thumb\libg.a(lib_a-fputs.o)
                0x08006208                _fputs_r
                0x08006248                fputs
 .text          0x08006264      0x2bc g:/dev/devkitpro/devkitarm/bin/../lib/gcc/arm-eabi/4.1.1/../../../../arm-eabi/lib/thumb\libg.a(lib_a-fvwrite.o)
                0x08006264                __sfvwrite_r
 .text          0x08006520       0x78 g:/dev/devkitpro/devkitarm/bin/../lib/gcc/arm-eabi/4.1.1/../../../../arm-eabi/lib/thumb\libg.a(lib_a-fwrite.o)
                0x08006520                _fwrite_r
                0x08006570                fwrite
 .text          0x08006598        0x0 g:/dev/devkitpro/devkitarm/bin/../lib/gcc/arm-eabi/4.1.1/../../../../arm-eabi/lib/thumb\libg.a(lib_a-impure.o)
 .text          0x08006598       0x88 g:/dev/devkitpro/devkitarm/bin/../lib/gcc/arm-eabi/4.1.1/../../../../arm-eabi/lib/thumb\libg.a(lib_a-init.o)
                0x080065c8                __libc_init_array
                0x08006598                __libc_fini_array
 .text          0x08006620       0x30 g:/dev/devkitpro/devkitarm/bin/../lib/gcc/arm-eabi/4.1.1/../../../../arm-eabi/lib/thumb\libg.a(lib_a-malloc.o)
                0x08006638                malloc
                0x08006620                free
 .text          0x08006650      0x54c g:/dev/devkitpro/devkitarm/bin/../lib/gcc/arm-eabi/4.1.1/../../../../arm-eabi/lib/thumb\libg.a(lib_a-mallocr.o)
                0x08006650                _malloc_r
 .text          0x08006b9c       0xb4 g:/dev/devkitpro/devkitarm/bin/../lib/gcc/arm-eabi/4.1.1/../../../../arm-eabi/lib/thumb\libg.a(lib_a-memchr.o)
                0x08006b9c                memchr
 .text          0x08006c50       0x4c g:/dev/devkitpro/devkitarm/bin/../lib/gcc/arm-eabi/4.1.1/../../../../arm-eabi/lib/thumb\libg.a(lib_a-memcmp.o)
                0x08006c50                memcmp
 .text          0x08006c9c       0x5c g:/dev/devkitpro/devkitarm/bin/../lib/gcc/arm-eabi/4.1.1/../../../../arm-eabi/lib/thumb\libg.a(lib_a-memcpy.o)
                0x08006c9c                memcpy
 .text          0x08006cf8       0x84 g:/dev/devkitpro/devkitarm/bin/../lib/gcc/arm-eabi/4.1.1/../../../../arm-eabi/lib/thumb\libg.a(lib_a-memmove.o)
                0x08006cf8                memmove
 .text          0x08006d7c       0x60 g:/dev/devkitpro/devkitarm/bin/../lib/gcc/arm-eabi/4.1.1/../../../../arm-eabi/lib/thumb\libg.a(lib_a-memset.o)
                0x08006d7c                memset
 .text          0x08006ddc        0x8 g:/dev/devkitpro/devkitarm/bin/../lib/gcc/arm-eabi/4.1.1/../../../../arm-eabi/lib/thumb\libg.a(lib_a-mlock.o)
                0x08006de0                __malloc_unlock
                0x08006ddc                __malloc_lock
 .text          0x08006de4       0x40 g:/dev/devkitpro/devkitarm/bin/../lib/gcc/arm-eabi/4.1.1/../../../../arm-eabi/lib/thumb\libg.a(lib_a-printf.o)
                0x08006de4                printf
                0x08006e08                _printf_r
 .text          0x08006e24       0xd4 g:/dev/devkitpro/devkitarm/bin/../lib/gcc/arm-eabi/4.1.1/../../../../arm-eabi/lib/thumb\libg.a(lib_a-putc.o)
                0x08006e90                _putc_r
                0x08006e24                putc
 .text          0x08006ef8       0x1c g:/dev/devkitpro/devkitarm/bin/../lib/gcc/arm-eabi/4.1.1/../../../../arm-eabi/lib/thumb\libg.a(lib_a-realloc.o)
                0x08006ef8                realloc
 .text          0x08006f14      0x3d4 g:/dev/devkitpro/devkitarm/bin/../lib/gcc/arm-eabi/4.1.1/../../../../arm-eabi/lib/thumb\libg.a(lib_a-reallocr.o)
                0x08006f14                _realloc_r
 .text          0x080072e8       0x2c g:/dev/devkitpro/devkitarm/bin/../lib/gcc/arm-eabi/4.1.1/../../../../arm-eabi/lib/thumb\libg.a(lib_a-sbrkr.o)
                0x080072e8                _sbrk_r
 .text          0x08007314      0x1b4 g:/dev/devkitpro/devkitarm/bin/../lib/gcc/arm-eabi/4.1.1/../../../../arm-eabi/lib/thumb\libg.a(lib_a-signal.o)
                0x08007464                _signal_r
                0x080073d8                _raise_r
                0x08007368                __sigtramp_r
                0x080074a8                signal
                0x08007350                _init_signal
                0x08007314                _init_signal_r
                0x080073c0                __sigtramp
                0x0800744c                raise
 .text          0x080074c8       0x40 g:/dev/devkitpro/devkitarm/bin/../lib/gcc/arm-eabi/4.1.1/../../../../arm-eabi/lib/thumb\libg.a(lib_a-signalr.o)
                0x080074d8                _kill_r
                0x080074c8                _getpid_r
 .text          0x08007508       0x58 g:/dev/devkitpro/devkitarm/bin/../lib/gcc/arm-eabi/4.1.1/../../../../arm-eabi/lib/thumb\libg.a(lib_a-strcat.o)
                0x08007508                strcat
 .text          0x08007560       0x68 g:/dev/devkitpro/devkitarm/bin/../lib/gcc/arm-eabi/4.1.1/../../../../arm-eabi/lib/thumb\libg.a(lib_a-strcmp.o)
                0x08007560                strcmp
 .text          0x080075c8       0x50 g:/dev/devkitpro/devkitarm/bin/../lib/gcc/arm-eabi/4.1.1/../../../../arm-eabi/lib/thumb\libg.a(lib_a-strcpy.o)
                0x080075c8                strcpy
 .text          0x08007618       0x50 g:/dev/devkitpro/devkitarm/bin/../lib/gcc/arm-eabi/4.1.1/../../../../arm-eabi/lib/thumb\libg.a(lib_a-strlen.o)
                0x08007618                strlen
 .text          0x08007668       0x94 g:/dev/devkitpro/devkitarm/bin/../lib/gcc/arm-eabi/4.1.1/../../../../arm-eabi/lib/thumb\libg.a(lib_a-strncmp.o)
                0x08007668                strncmp
 *fill*         0x080076fc        0x4 ff
 .text          0x08007700     0x1908 g:/dev/devkitpro/devkitarm/bin/../lib/gcc/arm-eabi/4.1.1/../../../../arm-eabi/lib/thumb\libg.a(lib_a-vfprintf.o)
                0x08007720                _vfprintf_r
                0x08008fe0                vfprintf
 .text          0x08009008       0xb8 g:/dev/devkitpro/devkitarm/bin/../lib/gcc/arm-eabi/4.1.1/../../../../arm-eabi/lib/thumb\libg.a(lib_a-wbuf.o)
                0x08009008                __swbuf_r
                0x080090a4                __swbuf
 .text          0x080090c0       0x58 g:/dev/devkitpro/devkitarm/bin/../lib/gcc/arm-eabi/4.1.1/../../../../arm-eabi/lib/thumb\libg.a(lib_a-wcrtomb.o)
                0x080090c0                _wcrtomb_r
                0x080090f4                wcrtomb
 .text          0x08009118      0x104 g:/dev/devkitpro/devkitarm/bin/../lib/gcc/arm-eabi/4.1.1/../../../../arm-eabi/lib/thumb\libg.a(lib_a-wcsrtombs.o)
                0x08009118                _wcsrtombs_r
                0x080091f4                wcsrtombs
 .text          0x0800921c      0x2c8 g:/dev/devkitpro/devkitarm/bin/../lib/gcc/arm-eabi/4.1.1/../../../../arm-eabi/lib/thumb\libg.a(lib_a-wctomb_r.o)
                0x0800921c                _wctomb_r
 .text          0x080094e4       0xb0 g:/dev/devkitpro/devkitarm/bin/../lib/gcc/arm-eabi/4.1.1/../../../../arm-eabi/lib/thumb\libg.a(lib_a-wsetup.o)
                0x080094e4                __swsetup
 *fill*         0x08009594        0x4 ff
 .text          0x08009598      0xf40 g:/dev/devkitpro/devkitarm/bin/../lib/gcc/arm-eabi/4.1.1/../../../../arm-eabi/lib/thumb\libg.a(lib_a-dtoa.o)
                0x080096e8                _dtoa_r
 .text          0x0800a4d8      0x10c g:/dev/devkitpro/devkitarm/bin/../lib/gcc/arm-eabi/4.1.1/../../../../arm-eabi/lib/thumb\libg.a(lib_a-fflush.o)
                0x0800a4d8                fflush
 .text          0x0800a5e4      0x1cc g:/dev/devkitpro/devkitarm/bin/../lib/gcc/arm-eabi/4.1.1/../../../../arm-eabi/lib/thumb\libg.a(lib_a-findfp.o)
                0x0800a62c                __sinit
                0x0800a6f4                __sfmoreglue
                0x0800a6dc                _cleanup
                0x0800a6c8                _cleanup_r
                0x0800a6ac                __fp_lock_all
                0x0800a61c                __sfp_lock_acquire
                0x0800a72c                __sfp
                0x0800a628                __sinit_lock_release
                0x0800a690                __fp_unlock_all
                0x0800a620                __sfp_lock_release
                0x0800a624                __sinit_lock_acquire
 .text          0x0800a7b0      0x270 g:/dev/devkitpro/devkitarm/bin/../lib/gcc/arm-eabi/4.1.1/../../../../arm-eabi/lib/thumb\libg.a(lib_a-freer.o)
                0x0800a854                _free_r
                0x0800a7b0                _malloc_trim_r
 .text          0x0800aa20       0xd4 g:/dev/devkitpro/devkitarm/bin/../lib/gcc/arm-eabi/4.1.1/../../../../arm-eabi/lib/thumb\libg.a(lib_a-fwalk.o)
                0x0800aa8c                _fwalk
                0x0800aa20                _fwalk_reent
 .text          0x0800aaf4       0x90 g:/dev/devkitpro/devkitarm/bin/../lib/gcc/arm-eabi/4.1.1/../../../../arm-eabi/lib/thumb\libg.a(lib_a-locale.o)
                0x0800ab20                _setlocale_r
                0x0800aaf4                __locale_charset
                0x0800ab00                _localeconv_r
                0x0800ab68                setlocale
                0x0800ab08                localeconv
 .text          0x0800ab84       0xe4 g:/dev/devkitpro/devkitarm/bin/../lib/gcc/arm-eabi/4.1.1/../../../../arm-eabi/lib/thumb\libg.a(lib_a-makebuf.o)
                0x0800ab84                __smakebuf
 .text          0x0800ac68      0x980 g:/dev/devkitpro/devkitarm/bin/../lib/gcc/arm-eabi/4.1.1/../../../../arm-eabi/lib/thumb\libg.a(lib_a-mprec.o)
                0x0800aef4                _mprec_log10
                0x0800af68                __any_on
                0x0800afc4                _Balloc
                0x0800aea0                __ratio
                0x0800b3f4                __i2b
                0x0800add8                __b2d
                0x0800b544                __s2b
                0x0800ad48                __mcmp
                0x0800ac84                __hi0bits
                0x0800b4a8                __pow5mult
                0x0800b1f4                __lshift
                0x0800b2a4                __multiply
                0x0800b024                __d2b
                0x0800af34                __copybits
                0x0800ad88                __ulp
                0x0800b108                __mdiff
                0x0800acd8                __lo0bits
                0x0800b40c                __multadd
                0x0800ac68                _Bfree
 .text          0x0800b5e8      0x118 g:/dev/devkitpro/devkitarm/bin/../lib/gcc/arm-eabi/4.1.1/../../../../arm-eabi/lib/thumb\libg.a(lib_a-reent.o)
                0x0800b638                cleanup_glue
                0x0800b65c                _reclaim_reent
                0x0800b5e8                _wrapup_reent
 .text          0x0800b700       0x24 g:/dev/devkitpro/devkitarm/bin/../lib/gcc/arm-eabi/4.1.1/../../../../arm-eabi/lib/thumb\libg.a(lib_a-s_isinfd.o)
                0x0800b700                __isinfd
 .text          0x0800b724       0x1c g:/dev/devkitpro/devkitarm/bin/../lib/gcc/arm-eabi/4.1.1/../../../../arm-eabi/lib/thumb\libg.a(lib_a-s_isnand.o)
                0x0800b724                __isnand
 .text          0x0800b740       0xe0 g:/dev/devkitpro/devkitarm/bin/../lib/gcc/arm-eabi/4.1.1/../../../../arm-eabi/lib/thumb\libg.a(lib_a-stdio.o)
                0x0800b75c                __sseek
                0x0800b7e4                __sread
                0x0800b740                __sclose
                0x0800b79c                __swrite
 .text          0x0800b820       0x30 g:/dev/devkitpro/devkitarm/bin/../lib/gcc/arm-eabi/4.1.1/../../../../arm-eabi/lib/thumb\libg.a(lib_a-writer.o)
                0x0800b820                _write_r
 .text          0x0800b850       0x60 g:/dev/devkitpro/devkitarm/bin/../lib/gcc/arm-eabi/4.1.1/../../../../arm-eabi/lib/thumb\libg.a(lib_a-callocr.o)
                0x0800b850                _calloc_r
 .text          0x0800b8b0       0x2c g:/dev/devkitpro/devkitarm/bin/../lib/gcc/arm-eabi/4.1.1/../../../../arm-eabi/lib/thumb\libg.a(lib_a-closer.o)
                0x0800b8b0                _close_r
 .text          0x0800b8dc       0xc4 g:/dev/devkitpro/devkitarm/bin/../lib/gcc/arm-eabi/4.1.1/../../../../arm-eabi/lib/thumb\libg.a(lib_a-fclose.o)
                0x0800b8dc                _fclose_r
                0x0800b984                fclose
 .text          0x0800b9a0       0x30 g:/dev/devkitpro/devkitarm/bin/../lib/gcc/arm-eabi/4.1.1/../../../../arm-eabi/lib/thumb\libg.a(lib_a-fstatr.o)
                0x0800b9a0                _fstat_r
 .text          0x0800b9d0       0x30 g:/dev/devkitpro/devkitarm/bin/../lib/gcc/arm-eabi/4.1.1/../../../../arm-eabi/lib/thumb\libg.a(lib_a-lseekr.o)
                0x0800b9d0                _lseek_r
 .text          0x0800ba00       0x30 g:/dev/devkitpro/devkitarm/bin/../lib/gcc/arm-eabi/4.1.1/../../../../arm-eabi/lib/thumb\libg.a(lib_a-readr.o)
                0x0800ba00                _read_r
 .text          0x0800ba30       0x8c g:/dev/devkitpro/devkitarm/bin/../lib/gcc/arm-eabi/4.1.1/thumb\libgcc.a(_udivsi3.o)
                0x0800ba30                __udivsi3
                0x0800ba30                __aeabi_uidiv
                0x0800baac                __aeabi_uidivmod
 .text          0x0800babc       0xa4 g:/dev/devkitpro/devkitarm/bin/../lib/gcc/arm-eabi/4.1.1/thumb\libgcc.a(_divsi3.o)
                0x0800babc                __aeabi_idiv
                0x0800babc                __divsi3
                0x0800bb50                __aeabi_idivmod
 .text          0x0800bb60        0x4 g:/dev/devkitpro/devkitarm/bin/../lib/gcc/arm-eabi/4.1.1/thumb\libgcc.a(_dvmd_tls.o)
                0x0800bb60                __aeabi_ldiv0
                0x0800bb60                __div0
                0x0800bb60                __aeabi_idiv0
 .text          0x0800bb64      0x41c g:/dev/devkitpro/devkitarm/bin/../lib/gcc/arm-eabi/4.1.1/thumb\libgcc.a(_addsubdf3.o)
                0x0800bf20                __floatdidf
                0x0800bea4                __floatsidf
                0x0800be80                __aeabi_ui2d
                0x0800bb64                __aeabi_drsub
                0x0800becc                __extendsfdf2
                0x0800bb70                __adddf3
                0x0800be80                __floatunsidf
                0x0800bb70                __aeabi_dadd
                0x0800bf0c                __aeabi_ul2d
                0x0800bb6c                __aeabi_dsub
                0x0800bf0c                __floatundidf
                0x0800bea4                __aeabi_i2d
                0x0800bf20                __aeabi_l2d
                0x0800becc                __aeabi_f2d
                0x0800bb6c                __subdf3
 .text          0x0800bf80      0x49c g:/dev/devkitpro/devkitarm/bin/../lib/gcc/arm-eabi/4.1.1/thumb\libgcc.a(_muldivdf3.o)
                0x0800c210                __aeabi_ddiv
                0x0800bf80                __aeabi_dmul
                0x0800c210                __divdf3
                0x0800bf80                __muldf3
 .text          0x0800c41c      0x140 g:/dev/devkitpro/devkitarm/bin/../lib/gcc/arm-eabi/4.1.1/thumb\libgcc.a(_cmpdf2.o)
                0x0800c514                __aeabi_dcmple
                0x0800c42c                __cmpdf2
                0x0800c42c                __eqdf2
                0x0800c41c                __gtdf2
                0x0800c4cc                __aeabi_cdcmple
                0x0800c4b0                __aeabi_cdrcmple
                0x0800c424                __ltdf2
                0x0800c4fc                __aeabi_dcmplt
                0x0800c424                __ledf2
                0x0800c544                __aeabi_dcmpgt
                0x0800c52c                __aeabi_dcmpge
                0x0800c42c                __nedf2
                0x0800c4e4                __aeabi_dcmpeq
                0x0800c4cc                __aeabi_cdcmpeq
                0x0800c41c                __gedf2
 .text          0x0800c55c       0x5c g:/dev/devkitpro/devkitarm/bin/../lib/gcc/arm-eabi/4.1.1/thumb\libgcc.a(_fixdfsi.o)
                0x0800c55c                __fixdfsi
                0x0800c55c                __aeabi_d2iz
 .text          0x0800c5b8       0x4c g:/dev/devkitpro/devkitarm/bin/../lib/gcc/arm-eabi/4.1.1/../../../../arm-eabi/lib/thumb\libsysbase.a(close.o)
                0x0800c5b8                _close
 .text          0x0800c604       0x50 g:/dev/devkitpro/devkitarm/bin/../lib/gcc/arm-eabi/4.1.1/../../../../arm-eabi/lib/thumb\libsysbase.a(fstat.o)
                0x0800c604                _fstat
 .text          0x0800c654       0x14 g:/dev/devkitpro/devkitarm/bin/../lib/gcc/arm-eabi/4.1.1/../../../../arm-eabi/lib/thumb\libsysbase.a(getpid.o)
                0x0800c654                _getpid
 .text          0x0800c668        0x4 g:/dev/devkitpro/devkitarm/bin/../lib/gcc/arm-eabi/4.1.1/../../../../arm-eabi/lib/thumb\libsysbase.a(isatty.o)
                0x0800c668                isatty
 .text          0x0800c66c       0x14 g:/dev/devkitpro/devkitarm/bin/../lib/gcc/arm-eabi/4.1.1/../../../../arm-eabi/lib/thumb\libsysbase.a(kill.o)
                0x0800c66c                _kill
 .text          0x0800c680       0x38 g:/dev/devkitpro/devkitarm/bin/../lib/gcc/arm-eabi/4.1.1/../../../../arm-eabi/lib/thumb\libsysbase.a(lseek.o)
                0x0800c680                _lseek
 .text          0x0800c6b8       0x54 g:/dev/devkitpro/devkitarm/bin/../lib/gcc/arm-eabi/4.1.1/../../../../arm-eabi/lib/thumb\libsysbase.a(read.o)
                0x0800c6b8                _read
 .text          0x0800c70c       0x64 g:/dev/devkitpro/devkitarm/bin/../lib/gcc/arm-eabi/4.1.1/../../../../arm-eabi/lib/thumb\libsysbase.a(sbrk.o)
                0x0800c70c                _sbrk
 .text          0x0800c770       0x54 g:/dev/devkitpro/devkitarm/bin/../lib/gcc/arm-eabi/4.1.1/../../../../arm-eabi/lib/thumb\libsysbase.a(write.o)
                0x0800c770                _write
 .text          0x0800c7c4        0x4 g:/dev/devkitpro/devkitarm/bin/../lib/gcc/arm-eabi/4.1.1/../../../../arm-eabi/lib/thumb\libsysbase.a(_exit.o)
                0x0800c7c4                _exit
 .text          0x0800c7c8        0x0 g:/dev/devkitpro/devkitarm/bin/../lib/gcc/arm-eabi/4.1.1/../../../../arm-eabi/lib/thumb\libsysbase.a(malloc_vars.o)
 .text          0x0800c7c8      0x120 g:/dev/devkitpro/devkitarm/bin/../lib/gcc/arm-eabi/4.1.1/../../../../arm-eabi/lib/thumb\libsysbase.a(iosupport.o)
                0x0800c8bc                RemoveDevice
                0x0800c7c8                setDefaultDevice
                0x0800c7dc                AddDevice
                0x0800c854                FindDevice
 .text          0x0800c8e8        0x0 g:/dev/devkitpro/devkitarm/bin/../lib/gcc/arm-eabi/4.1.1/thumb/crtend.o
 .text          0x0800c8e8        0x0 g:/dev/devkitpro/devkitarm/bin/../lib/gcc/arm-eabi/4.1.1/thumb/crtn.o
 *(.text.*)
 .text._ZNK10__cxxabiv117__pbase_type_info15__pointer_catchEPKS0_PPvj
                0x0800c8e8       0x18 g:/dev/devkitpro/devkitarm/bin/../lib/gcc/arm-eabi/4.1.1/../../../../arm-eabi/lib/thumb\libstdc++.a(tinfo2.o)
                0x0800c8e8                __cxxabiv1::__pbase_type_info::__pointer_catch(__cxxabiv1::__pbase_type_info const*, void**, unsigned int) const
 *(.stub)
 *(.gnu.warning)
 *(.gnu.linkonce.t*)
 *(.glue_7)
 .glue_7        0x0800c900        0x0 g:/dev/devkitpro/devkitarm/bin/../lib/gcc/arm-eabi/4.1.1/../../../../arm-eabi/lib/thumb/gba_crt0.o
 .glue_7        0x0800c900        0x0 g:/dev/devkitpro/devkitarm/bin/../lib/gcc/arm-eabi/4.1.1/thumb/crti.o
 .glue_7        0x0800c900        0x0 g:/dev/devkitpro/devkitarm/bin/../lib/gcc/arm-eabi/4.1.1/thumb/crtbegin.o
 .glue_7        0x0800c900        0x0 main.o
 .glue_7        0x0800c900        0x0 font.o
 .glue_7        0x0800c900        0x0 gba.o
 .glue_7        0x0800c900        0x0 player.o
 .glue_7        0x0800c900        0x0 memtest.o
 .glue_7        0x0800c900        0x0 tiles.o
 .glue_7        0x0800c900        0x0 util.o
 .glue_7        0x0800c900        0x0 world.o
 .glue_7        0x0800c900        0x0 g:/dev/devkitpro/devkitarm/bin/../lib/gcc/arm-eabi/4.1.1/../../../../arm-eabi/lib/thumb\libstdc++.a(del_op.o)
 .glue_7        0x0800c900        0x0 g:/dev/devkitpro/devkitarm/bin/../lib/gcc/arm-eabi/4.1.1/../../../../arm-eabi/lib/thumb\libstdc++.a(eh_personality.o)
 .glue_7        0x0800c900        0x0 g:/dev/devkitpro/devkitarm/bin/../lib/gcc/arm-eabi/4.1.1/../../../../arm-eabi/lib/thumb\libstdc++.a(eh_terminate.o)
 .glue_7        0x0800c900        0x0 g:/dev/devkitpro/devkitarm/bin/../lib/gcc/arm-eabi/4.1.1/../../../../arm-eabi/lib/thumb\libstdc++.a(eh_term_handler.o)
 .glue_7        0x0800c900        0x0 g:/dev/devkitpro/devkitarm/bin/../lib/gcc/arm-eabi/4.1.1/../../../../arm-eabi/lib/thumb\libstdc++.a(eh_unex_handler.o)
 .glue_7        0x0800c900        0x0 g:/dev/devkitpro/devkitarm/bin/../lib/gcc/arm-eabi/4.1.1/../../../../arm-eabi/lib/thumb\libstdc++.a(new_opv.o)
 .glue_7        0x0800c900        0x0 g:/dev/devkitpro/devkitarm/bin/../lib/gcc/arm-eabi/4.1.1/../../../../arm-eabi/lib/thumb\libstdc++.a(vterminate.o)
 .glue_7        0x0800c900        0x0 g:/dev/devkitpro/devkitarm/bin/../lib/gcc/arm-eabi/4.1.1/../../../../arm-eabi/lib/thumb\libstdc++.a(cp-demangle.o)
 .glue_7        0x0800c900        0x0 g:/dev/devkitpro/devkitarm/bin/../lib/gcc/arm-eabi/4.1.1/../../../../arm-eabi/lib/thumb\libstdc++.a(eh_arm.o)
 .glue_7        0x0800c900        0x0 g:/dev/devkitpro/devkitarm/bin/../lib/gcc/arm-eabi/4.1.1/../../../../arm-eabi/lib/thumb\libstdc++.a(eh_aux_runtime.o)
 .glue_7        0x0800c900        0x0 g:/dev/devkitpro/devkitarm/bin/../lib/gcc/arm-eabi/4.1.1/../../../../arm-eabi/lib/thumb\libstdc++.a(eh_call.o)
 .glue_7        0x0800c900        0x0 g:/dev/devkitpro/devkitarm/bin/../lib/gcc/arm-eabi/4.1.1/../../../../arm-eabi/lib/thumb\libstdc++.a(eh_catch.o)
 .glue_7        0x0800c900        0x0 g:/dev/devkitpro/devkitarm/bin/../lib/gcc/arm-eabi/4.1.1/../../../../arm-eabi/lib/thumb\libstdc++.a(eh_exception.o)
 .glue_7        0x0800c900        0x0 g:/dev/devkitpro/devkitarm/bin/../lib/gcc/arm-eabi/4.1.1/../../../../arm-eabi/lib/thumb\libstdc++.a(eh_globals.o)
 .glue_7        0x0800c900        0x0 g:/dev/devkitpro/devkitarm/bin/../lib/gcc/arm-eabi/4.1.1/../../../../arm-eabi/lib/thumb\libstdc++.a(eh_throw.o)
 .glue_7        0x0800c900        0x0 g:/dev/devkitpro/devkitarm/bin/../lib/gcc/arm-eabi/4.1.1/../../../../arm-eabi/lib/thumb\libstdc++.a(eh_type.o)
 .glue_7        0x0800c900        0x0 g:/dev/devkitpro/devkitarm/bin/../lib/gcc/arm-eabi/4.1.1/../../../../arm-eabi/lib/thumb\libstdc++.a(new_handler.o)
 .glue_7        0x0800c900        0x0 g:/dev/devkitpro/devkitarm/bin/../lib/gcc/arm-eabi/4.1.1/../../../../arm-eabi/lib/thumb\libstdc++.a(new_op.o)
 .glue_7        0x0800c900        0x0 g:/dev/devkitpro/devkitarm/bin/../lib/gcc/arm-eabi/4.1.1/../../../../arm-eabi/lib/thumb\libstdc++.a(tinfo.o)
 .glue_7        0x0800c900        0x0 g:/dev/devkitpro/devkitarm/bin/../lib/gcc/arm-eabi/4.1.1/../../../../arm-eabi/lib/thumb\libstdc++.a(tinfo2.o)
 .glue_7        0x0800c900        0x0 g:/dev/devkitpro/devkitarm/bin/../lib/gcc/arm-eabi/4.1.1/../../../../arm-eabi/lib/thumb\libstdc++.a(eh_alloc.o)
 .glue_7        0x0800c900        0x0 g:/dev/devkitpro/devkitarm/bin/../lib/gcc/arm-eabi/4.1.1/thumb\libgcc.a(_call_via_rX.o)
 .glue_7        0x0800c900        0x0 g:/dev/devkitpro/devkitarm/bin/../lib/gcc/arm-eabi/4.1.1/thumb\libgcc.a(unwind-arm.o)
 .glue_7        0x0800c900        0x0 g:/dev/devkitpro/devkitarm/bin/../lib/gcc/arm-eabi/4.1.1/thumb\libgcc.a(libunwind.o)
 .glue_7        0x0800c900        0x0 g:/dev/devkitpro/devkitarm/bin/../lib/gcc/arm-eabi/4.1.1/thumb\libgcc.a(pr-support.o)
 .glue_7        0x0800c900        0x0 g:/dev/devkitpro/devkitarm/bin/../lib/gcc/arm-eabi/4.1.1/../../../../arm-eabi/lib/thumb\libg.a(lib_a-abort.o)
 .glue_7        0x0800c900        0x0 g:/dev/devkitpro/devkitarm/bin/../lib/gcc/arm-eabi/4.1.1/../../../../arm-eabi/lib/thumb\libg.a(lib_a-fputc.o)
 .glue_7        0x0800c900        0x0 g:/dev/devkitpro/devkitarm/bin/../lib/gcc/arm-eabi/4.1.1/../../../../arm-eabi/lib/thumb\libg.a(lib_a-fputs.o)
 .glue_7        0x0800c900        0x0 g:/dev/devkitpro/devkitarm/bin/../lib/gcc/arm-eabi/4.1.1/../../../../arm-eabi/lib/thumb\libg.a(lib_a-fvwrite.o)
 .glue_7        0x0800c900        0x0 g:/dev/devkitpro/devkitarm/bin/../lib/gcc/arm-eabi/4.1.1/../../../../arm-eabi/lib/thumb\libg.a(lib_a-fwrite.o)
 .glue_7        0x0800c900        0x0 g:/dev/devkitpro/devkitarm/bin/../lib/gcc/arm-eabi/4.1.1/../../../../arm-eabi/lib/thumb\libg.a(lib_a-impure.o)
 .glue_7        0x0800c900        0x0 g:/dev/devkitpro/devkitarm/bin/../lib/gcc/arm-eabi/4.1.1/../../../../arm-eabi/lib/thumb\libg.a(lib_a-init.o)
 .glue_7        0x0800c900        0x0 g:/dev/devkitpro/devkitarm/bin/../lib/gcc/arm-eabi/4.1.1/../../../../arm-eabi/lib/thumb\libg.a(lib_a-malloc.o)
 .glue_7        0x0800c900        0x0 g:/dev/devkitpro/devkitarm/bin/../lib/gcc/arm-eabi/4.1.1/../../../../arm-eabi/lib/thumb\libg.a(lib_a-mallocr.o)
 .glue_7        0x0800c900        0x0 g:/dev/devkitpro/devkitarm/bin/../lib/gcc/arm-eabi/4.1.1/../../../../arm-eabi/lib/thumb\libg.a(lib_a-memchr.o)
 .glue_7        0x0800c900        0x0 g:/dev/devkitpro/devkitarm/bin/../lib/gcc/arm-eabi/4.1.1/../../../../arm-eabi/lib/thumb\libg.a(lib_a-memcmp.o)
 .glue_7        0x0800c900        0x0 g:/dev/devkitpro/devkitarm/bin/../lib/gcc/arm-eabi/4.1.1/../../../../arm-eabi/lib/thumb\libg.a(lib_a-memcpy.o)
 .glue_7        0x0800c900        0x0 g:/dev/devkitpro/devkitarm/bin/../lib/gcc/arm-eabi/4.1.1/../../../../arm-eabi/lib/thumb\libg.a(lib_a-memmove.o)
 .glue_7        0x0800c900        0x0 g:/dev/devkitpro/devkitarm/bin/../lib/gcc/arm-eabi/4.1.1/../../../../arm-eabi/lib/thumb\libg.a(lib_a-memset.o)
 .glue_7        0x0800c900        0x0 g:/dev/devkitpro/devkitarm/bin/../lib/gcc/arm-eabi/4.1.1/../../../../arm-eabi/lib/thumb\libg.a(lib_a-mlock.o)
 .glue_7        0x0800c900        0x0 g:/dev/devkitpro/devkitarm/bin/../lib/gcc/arm-eabi/4.1.1/../../../../arm-eabi/lib/thumb\libg.a(lib_a-printf.o)
 .glue_7        0x0800c900        0x0 g:/dev/devkitpro/devkitarm/bin/../lib/gcc/arm-eabi/4.1.1/../../../../arm-eabi/lib/thumb\libg.a(lib_a-putc.o)
 .glue_7        0x0800c900        0x0 g:/dev/devkitpro/devkitarm/bin/../lib/gcc/arm-eabi/4.1.1/../../../../arm-eabi/lib/thumb\libg.a(lib_a-realloc.o)
 .glue_7        0x0800c900        0x0 g:/dev/devkitpro/devkitarm/bin/../lib/gcc/arm-eabi/4.1.1/../../../../arm-eabi/lib/thumb\libg.a(lib_a-reallocr.o)
 .glue_7        0x0800c900        0x0 g:/dev/devkitpro/devkitarm/bin/../lib/gcc/arm-eabi/4.1.1/../../../../arm-eabi/lib/thumb\libg.a(lib_a-sbrkr.o)
 .glue_7        0x0800c900        0x0 g:/dev/devkitpro/devkitarm/bin/../lib/gcc/arm-eabi/4.1.1/../../../../arm-eabi/lib/thumb\libg.a(lib_a-signal.o)
 .glue_7        0x0800c900        0x0 g:/dev/devkitpro/devkitarm/bin/../lib/gcc/arm-eabi/4.1.1/../../../../arm-eabi/lib/thumb\libg.a(lib_a-signalr.o)
 .glue_7        0x0800c900        0x0 g:/dev/devkitpro/devkitarm/bin/../lib/gcc/arm-eabi/4.1.1/../../../../arm-eabi/lib/thumb\libg.a(lib_a-strcat.o)
 .glue_7        0x0800c900        0x0 g:/dev/devkitpro/devkitarm/bin/../lib/gcc/arm-eabi/4.1.1/../../../../arm-eabi/lib/thumb\libg.a(lib_a-strcmp.o)
 .glue_7        0x0800c900        0x0 g:/dev/devkitpro/devkitarm/bin/../lib/gcc/arm-eabi/4.1.1/../../../../arm-eabi/lib/thumb\libg.a(lib_a-strcpy.o)
 .glue_7        0x0800c900        0x0 g:/dev/devkitpro/devkitarm/bin/../lib/gcc/arm-eabi/4.1.1/../../../../arm-eabi/lib/thumb\libg.a(lib_a-strlen.o)
 .glue_7        0x0800c900        0x0 g:/dev/devkitpro/devkitarm/bin/../lib/gcc/arm-eabi/4.1.1/../../../../arm-eabi/lib/thumb\libg.a(lib_a-strncmp.o)
 .glue_7        0x0800c900        0x0 g:/dev/devkitpro/devkitarm/bin/../lib/gcc/arm-eabi/4.1.1/../../../../arm-eabi/lib/thumb\libg.a(lib_a-vfprintf.o)
 .glue_7        0x0800c900        0x0 g:/dev/devkitpro/devkitarm/bin/../lib/gcc/arm-eabi/4.1.1/../../../../arm-eabi/lib/thumb\libg.a(lib_a-wbuf.o)
 .glue_7        0x0800c900        0x0 g:/dev/devkitpro/devkitarm/bin/../lib/gcc/arm-eabi/4.1.1/../../../../arm-eabi/lib/thumb\libg.a(lib_a-wcrtomb.o)
 .glue_7        0x0800c900        0x0 g:/dev/devkitpro/devkitarm/bin/../lib/gcc/arm-eabi/4.1.1/../../../../arm-eabi/lib/thumb\libg.a(lib_a-wcsrtombs.o)
 .glue_7        0x0800c900        0x0 g:/dev/devkitpro/devkitarm/bin/../lib/gcc/arm-eabi/4.1.1/../../../../arm-eabi/lib/thumb\libg.a(lib_a-wctomb_r.o)
 .glue_7        0x0800c900        0x0 g:/dev/devkitpro/devkitarm/bin/../lib/gcc/arm-eabi/4.1.1/../../../../arm-eabi/lib/thumb\libg.a(lib_a-wsetup.o)
 .glue_7        0x0800c900        0x0 g:/dev/devkitpro/devkitarm/bin/../lib/gcc/arm-eabi/4.1.1/../../../../arm-eabi/lib/thumb\libg.a(lib_a-dtoa.o)
 .glue_7        0x0800c900        0x0 g:/dev/devkitpro/devkitarm/bin/../lib/gcc/arm-eabi/4.1.1/../../../../arm-eabi/lib/thumb\libg.a(lib_a-fflush.o)
 .glue_7        0x0800c900        0x0 g:/dev/devkitpro/devkitarm/bin/../lib/gcc/arm-eabi/4.1.1/../../../../arm-eabi/lib/thumb\libg.a(lib_a-findfp.o)
 .glue_7        0x0800c900        0x0 g:/dev/devkitpro/devkitarm/bin/../lib/gcc/arm-eabi/4.1.1/../../../../arm-eabi/lib/thumb\libg.a(lib_a-freer.o)
 .glue_7        0x0800c900        0x0 g:/dev/devkitpro/devkitarm/bin/../lib/gcc/arm-eabi/4.1.1/../../../../arm-eabi/lib/thumb\libg.a(lib_a-fwalk.o)
 .glue_7        0x0800c900        0x0 g:/dev/devkitpro/devkitarm/bin/../lib/gcc/arm-eabi/4.1.1/../../../../arm-eabi/lib/thumb\libg.a(lib_a-locale.o)
 .glue_7        0x0800c900        0x0 g:/dev/devkitpro/devkitarm/bin/../lib/gcc/arm-eabi/4.1.1/../../../../arm-eabi/lib/thumb\libg.a(lib_a-makebuf.o)
 .glue_7        0x0800c900        0x0 g:/dev/devkitpro/devkitarm/bin/../lib/gcc/arm-eabi/4.1.1/../../../../arm-eabi/lib/thumb\libg.a(lib_a-mprec.o)
 .glue_7        0x0800c900        0x0 g:/dev/devkitpro/devkitarm/bin/../lib/gcc/arm-eabi/4.1.1/../../../../arm-eabi/lib/thumb\libg.a(lib_a-reent.o)
 .glue_7        0x0800c900        0x0 g:/dev/devkitpro/devkitarm/bin/../lib/gcc/arm-eabi/4.1.1/../../../../arm-eabi/lib/thumb\libg.a(lib_a-s_isinfd.o)
 .glue_7        0x0800c900        0x0 g:/dev/devkitpro/devkitarm/bin/../lib/gcc/arm-eabi/4.1.1/../../../../arm-eabi/lib/thumb\libg.a(lib_a-s_isnand.o)
 .glue_7        0x0800c900        0x0 g:/dev/devkitpro/devkitarm/bin/../lib/gcc/arm-eabi/4.1.1/../../../../arm-eabi/lib/thumb\libg.a(lib_a-stdio.o)
 .glue_7        0x0800c900        0x0 g:/dev/devkitpro/devkitarm/bin/../lib/gcc/arm-eabi/4.1.1/../../../../arm-eabi/lib/thumb\libg.a(lib_a-writer.o)
 .glue_7        0x0800c900        0x0 g:/dev/devkitpro/devkitarm/bin/../lib/gcc/arm-eabi/4.1.1/../../../../arm-eabi/lib/thumb\libg.a(lib_a-callocr.o)
 .glue_7        0x0800c900        0x0 g:/dev/devkitpro/devkitarm/bin/../lib/gcc/arm-eabi/4.1.1/../../../../arm-eabi/lib/thumb\libg.a(lib_a-closer.o)
 .glue_7        0x0800c900        0x0 g:/dev/devkitpro/devkitarm/bin/../lib/gcc/arm-eabi/4.1.1/../../../../arm-eabi/lib/thumb\libg.a(lib_a-fclose.o)
 .glue_7        0x0800c900        0x0 g:/dev/devkitpro/devkitarm/bin/../lib/gcc/arm-eabi/4.1.1/../../../../arm-eabi/lib/thumb\libg.a(lib_a-fstatr.o)
 .glue_7        0x0800c900        0x0 g:/dev/devkitpro/devkitarm/bin/../lib/gcc/arm-eabi/4.1.1/../../../../arm-eabi/lib/thumb\libg.a(lib_a-lseekr.o)
 .glue_7        0x0800c900        0x0 g:/dev/devkitpro/devkitarm/bin/../lib/gcc/arm-eabi/4.1.1/../../../../arm-eabi/lib/thumb\libg.a(lib_a-readr.o)
 .glue_7        0x0800c900        0x0 g:/dev/devkitpro/devkitarm/bin/../lib/gcc/arm-eabi/4.1.1/thumb\libgcc.a(_udivsi3.o)
 .glue_7        0x0800c900        0x0 g:/dev/devkitpro/devkitarm/bin/../lib/gcc/arm-eabi/4.1.1/thumb\libgcc.a(_divsi3.o)
 .glue_7        0x0800c900        0x0 g:/dev/devkitpro/devkitarm/bin/../lib/gcc/arm-eabi/4.1.1/thumb\libgcc.a(_dvmd_tls.o)
 .glue_7        0x0800c900        0x0 g:/dev/devkitpro/devkitarm/bin/../lib/gcc/arm-eabi/4.1.1/thumb\libgcc.a(_addsubdf3.o)
 .glue_7        0x0800c900        0x0 g:/dev/devkitpro/devkitarm/bin/../lib/gcc/arm-eabi/4.1.1/thumb\libgcc.a(_muldivdf3.o)
 .glue_7        0x0800c900        0x0 g:/dev/devkitpro/devkitarm/bin/../lib/gcc/arm-eabi/4.1.1/thumb\libgcc.a(_cmpdf2.o)
 .glue_7        0x0800c900        0x0 g:/dev/devkitpro/devkitarm/bin/../lib/gcc/arm-eabi/4.1.1/thumb\libgcc.a(_fixdfsi.o)
 .glue_7        0x0800c900        0x0 g:/dev/devkitpro/devkitarm/bin/../lib/gcc/arm-eabi/4.1.1/../../../../arm-eabi/lib/thumb\libsysbase.a(close.o)
 .glue_7        0x0800c900        0x0 g:/dev/devkitpro/devkitarm/bin/../lib/gcc/arm-eabi/4.1.1/../../../../arm-eabi/lib/thumb\libsysbase.a(fstat.o)
 .glue_7        0x0800c900        0x0 g:/dev/devkitpro/devkitarm/bin/../lib/gcc/arm-eabi/4.1.1/../../../../arm-eabi/lib/thumb\libsysbase.a(getpid.o)
 .glue_7        0x0800c900        0x0 g:/dev/devkitpro/devkitarm/bin/../lib/gcc/arm-eabi/4.1.1/../../../../arm-eabi/lib/thumb\libsysbase.a(isatty.o)
 .glue_7        0x0800c900        0x0 g:/dev/devkitpro/devkitarm/bin/../lib/gcc/arm-eabi/4.1.1/../../../../arm-eabi/lib/thumb\libsysbase.a(kill.o)
 .glue_7        0x0800c900        0x0 g:/dev/devkitpro/devkitarm/bin/../lib/gcc/arm-eabi/4.1.1/../../../../arm-eabi/lib/thumb\libsysbase.a(lseek.o)
 .glue_7        0x0800c900        0x0 g:/dev/devkitpro/devkitarm/bin/../lib/gcc/arm-eabi/4.1.1/../../../../arm-eabi/lib/thumb\libsysbase.a(read.o)
 .glue_7        0x0800c900        0x0 g:/dev/devkitpro/devkitarm/bin/../lib/gcc/arm-eabi/4.1.1/../../../../arm-eabi/lib/thumb\libsysbase.a(sbrk.o)
 .glue_7        0x0800c900        0x0 g:/dev/devkitpro/devkitarm/bin/../lib/gcc/arm-eabi/4.1.1/../../../../arm-eabi/lib/thumb\libsysbase.a(write.o)
 .glue_7        0x0800c900        0x0 g:/dev/devkitpro/devkitarm/bin/../lib/gcc/arm-eabi/4.1.1/../../../../arm-eabi/lib/thumb\libsysbase.a(_exit.o)
 .glue_7        0x0800c900        0x0 g:/dev/devkitpro/devkitarm/bin/../lib/gcc/arm-eabi/4.1.1/../../../../arm-eabi/lib/thumb\libsysbase.a(malloc_vars.o)
 .glue_7        0x0800c900        0x0 g:/dev/devkitpro/devkitarm/bin/../lib/gcc/arm-eabi/4.1.1/../../../../arm-eabi/lib/thumb\libsysbase.a(iosupport.o)
 .glue_7        0x0800c900        0x0 g:/dev/devkitpro/devkitarm/bin/../lib/gcc/arm-eabi/4.1.1/thumb/crtend.o
 .glue_7        0x0800c900        0x0 g:/dev/devkitpro/devkitarm/bin/../lib/gcc/arm-eabi/4.1.1/thumb/crtn.o
 *(.glue_7t)
 .glue_7t       0x0800c900        0x0 g:/dev/devkitpro/devkitarm/bin/../lib/gcc/arm-eabi/4.1.1/../../../../arm-eabi/lib/thumb/gba_crt0.o
 .glue_7t       0x0800c900        0x0 g:/dev/devkitpro/devkitarm/bin/../lib/gcc/arm-eabi/4.1.1/thumb/crti.o
 .glue_7t       0x0800c900        0x0 g:/dev/devkitpro/devkitarm/bin/../lib/gcc/arm-eabi/4.1.1/thumb/crtbegin.o
 .glue_7t       0x0800c900        0x0 main.o
 .glue_7t       0x0800c900        0x0 font.o
 .glue_7t       0x0800c900        0x0 gba.o
 .glue_7t       0x0800c900        0x0 player.o
 .glue_7t       0x0800c900        0x0 memtest.o
 .glue_7t       0x0800c900        0x0 tiles.o
 .glue_7t       0x0800c900        0x0 util.o
 .glue_7t       0x0800c900        0x0 world.o
 .glue_7t       0x0800c900        0x0 g:/dev/devkitpro/devkitarm/bin/../lib/gcc/arm-eabi/4.1.1/../../../../arm-eabi/lib/thumb\libstdc++.a(del_op.o)
 .glue_7t       0x0800c900        0x0 g:/dev/devkitpro/devkitarm/bin/../lib/gcc/arm-eabi/4.1.1/../../../../arm-eabi/lib/thumb\libstdc++.a(eh_personality.o)
 .glue_7t       0x0800c900        0x0 g:/dev/devkitpro/devkitarm/bin/../lib/gcc/arm-eabi/4.1.1/../../../../arm-eabi/lib/thumb\libstdc++.a(eh_terminate.o)
 .glue_7t       0x0800c900        0x0 g:/dev/devkitpro/devkitarm/bin/../lib/gcc/arm-eabi/4.1.1/../../../../arm-eabi/lib/thumb\libstdc++.a(eh_term_handler.o)
 .glue_7t       0x0800c900        0x0 g:/dev/devkitpro/devkitarm/bin/../lib/gcc/arm-eabi/4.1.1/../../../../arm-eabi/lib/thumb\libstdc++.a(eh_unex_handler.o)
 .glue_7t       0x0800c900        0x0 g:/dev/devkitpro/devkitarm/bin/../lib/gcc/arm-eabi/4.1.1/../../../../arm-eabi/lib/thumb\libstdc++.a(new_opv.o)
 .glue_7t       0x0800c900        0x0 g:/dev/devkitpro/devkitarm/bin/../lib/gcc/arm-eabi/4.1.1/../../../../arm-eabi/lib/thumb\libstdc++.a(vterminate.o)
 .glue_7t       0x0800c900        0x0 g:/dev/devkitpro/devkitarm/bin/../lib/gcc/arm-eabi/4.1.1/../../../../arm-eabi/lib/thumb\libstdc++.a(cp-demangle.o)
 .glue_7t       0x0800c900        0x0 g:/dev/devkitpro/devkitarm/bin/../lib/gcc/arm-eabi/4.1.1/../../../../arm-eabi/lib/thumb\libstdc++.a(eh_arm.o)
 .glue_7t       0x0800c900        0x0 g:/dev/devkitpro/devkitarm/bin/../lib/gcc/arm-eabi/4.1.1/../../../../arm-eabi/lib/thumb\libstdc++.a(eh_aux_runtime.o)
 .glue_7t       0x0800c900        0x0 g:/dev/devkitpro/devkitarm/bin/../lib/gcc/arm-eabi/4.1.1/../../../../arm-eabi/lib/thumb\libstdc++.a(eh_call.o)
 .glue_7t       0x0800c900        0x0 g:/dev/devkitpro/devkitarm/bin/../lib/gcc/arm-eabi/4.1.1/../../../../arm-eabi/lib/thumb\libstdc++.a(eh_catch.o)
 .glue_7t       0x0800c900        0x0 g:/dev/devkitpro/devkitarm/bin/../lib/gcc/arm-eabi/4.1.1/../../../../arm-eabi/lib/thumb\libstdc++.a(eh_exception.o)
 .glue_7t       0x0800c900        0x0 g:/dev/devkitpro/devkitarm/bin/../lib/gcc/arm-eabi/4.1.1/../../../../arm-eabi/lib/thumb\libstdc++.a(eh_globals.o)
 .glue_7t       0x0800c900        0x0 g:/dev/devkitpro/devkitarm/bin/../lib/gcc/arm-eabi/4.1.1/../../../../arm-eabi/lib/thumb\libstdc++.a(eh_throw.o)
 .glue_7t       0x0800c900        0x0 g:/dev/devkitpro/devkitarm/bin/../lib/gcc/arm-eabi/4.1.1/../../../../arm-eabi/lib/thumb\libstdc++.a(eh_type.o)
 .glue_7t       0x0800c900        0x0 g:/dev/devkitpro/devkitarm/bin/../lib/gcc/arm-eabi/4.1.1/../../../../arm-eabi/lib/thumb\libstdc++.a(new_handler.o)
 .glue_7t       0x0800c900        0x0 g:/dev/devkitpro/devkitarm/bin/../lib/gcc/arm-eabi/4.1.1/../../../../arm-eabi/lib/thumb\libstdc++.a(new_op.o)
 .glue_7t       0x0800c900        0x0 g:/dev/devkitpro/devkitarm/bin/../lib/gcc/arm-eabi/4.1.1/../../../../arm-eabi/lib/thumb\libstdc++.a(tinfo.o)
 .glue_7t       0x0800c900        0x0 g:/dev/devkitpro/devkitarm/bin/../lib/gcc/arm-eabi/4.1.1/../../../../arm-eabi/lib/thumb\libstdc++.a(tinfo2.o)
 .glue_7t       0x0800c900        0x0 g:/dev/devkitpro/devkitarm/bin/../lib/gcc/arm-eabi/4.1.1/../../../../arm-eabi/lib/thumb\libstdc++.a(eh_alloc.o)
 .glue_7t       0x0800c900        0x0 g:/dev/devkitpro/devkitarm/bin/../lib/gcc/arm-eabi/4.1.1/thumb\libgcc.a(_call_via_rX.o)
 .glue_7t       0x0800c900        0x0 g:/dev/devkitpro/devkitarm/bin/../lib/gcc/arm-eabi/4.1.1/thumb\libgcc.a(unwind-arm.o)
 .glue_7t       0x0800c900        0x0 g:/dev/devkitpro/devkitarm/bin/../lib/gcc/arm-eabi/4.1.1/thumb\libgcc.a(libunwind.o)
 .glue_7t       0x0800c900        0x0 g:/dev/devkitpro/devkitarm/bin/../lib/gcc/arm-eabi/4.1.1/thumb\libgcc.a(pr-support.o)
 .glue_7t       0x0800c900        0x0 g:/dev/devkitpro/devkitarm/bin/../lib/gcc/arm-eabi/4.1.1/../../../../arm-eabi/lib/thumb\libg.a(lib_a-abort.o)
 .glue_7t       0x0800c900        0x0 g:/dev/devkitpro/devkitarm/bin/../lib/gcc/arm-eabi/4.1.1/../../../../arm-eabi/lib/thumb\libg.a(lib_a-fputc.o)
 .glue_7t       0x0800c900        0x0 g:/dev/devkitpro/devkitarm/bin/../lib/gcc/arm-eabi/4.1.1/../../../../arm-eabi/lib/thumb\libg.a(lib_a-fputs.o)
 .glue_7t       0x0800c900        0x0 g:/dev/devkitpro/devkitarm/bin/../lib/gcc/arm-eabi/4.1.1/../../../../arm-eabi/lib/thumb\libg.a(lib_a-fvwrite.o)
 .glue_7t       0x0800c900        0x0 g:/dev/devkitpro/devkitarm/bin/../lib/gcc/arm-eabi/4.1.1/../../../../arm-eabi/lib/thumb\libg.a(lib_a-fwrite.o)
 .glue_7t       0x0800c900        0x0 g:/dev/devkitpro/devkitarm/bin/../lib/gcc/arm-eabi/4.1.1/../../../../arm-eabi/lib/thumb\libg.a(lib_a-impure.o)
 .glue_7t       0x0800c900        0x0 g:/dev/devkitpro/devkitarm/bin/../lib/gcc/arm-eabi/4.1.1/../../../../arm-eabi/lib/thumb\libg.a(lib_a-init.o)
 .glue_7t       0x0800c900        0x0 g:/dev/devkitpro/devkitarm/bin/../lib/gcc/arm-eabi/4.1.1/../../../../arm-eabi/lib/thumb\libg.a(lib_a-malloc.o)
 .glue_7t       0x0800c900        0x0 g:/dev/devkitpro/devkitarm/bin/../lib/gcc/arm-eabi/4.1.1/../../../../arm-eabi/lib/thumb\libg.a(lib_a-mallocr.o)
 .glue_7t       0x0800c900        0x0 g:/dev/devkitpro/devkitarm/bin/../lib/gcc/arm-eabi/4.1.1/../../../../arm-eabi/lib/thumb\libg.a(lib_a-memchr.o)
 .glue_7t       0x0800c900        0x0 g:/dev/devkitpro/devkitarm/bin/../lib/gcc/arm-eabi/4.1.1/../../../../arm-eabi/lib/thumb\libg.a(lib_a-memcmp.o)
 .glue_7t       0x0800c900        0x0 g:/dev/devkitpro/devkitarm/bin/../lib/gcc/arm-eabi/4.1.1/../../../../arm-eabi/lib/thumb\libg.a(lib_a-memcpy.o)
 .glue_7t       0x0800c900        0x0 g:/dev/devkitpro/devkitarm/bin/../lib/gcc/arm-eabi/4.1.1/../../../../arm-eabi/lib/thumb\libg.a(lib_a-memmove.o)
 .glue_7t       0x0800c900        0x0 g:/dev/devkitpro/devkitarm/bin/../lib/gcc/arm-eabi/4.1.1/../../../../arm-eabi/lib/thumb\libg.a(lib_a-memset.o)
 .glue_7t       0x0800c900        0x0 g:/dev/devkitpro/devkitarm/bin/../lib/gcc/arm-eabi/4.1.1/../../../../arm-eabi/lib/thumb\libg.a(lib_a-mlock.o)
 .glue_7t       0x0800c900        0x0 g:/dev/devkitpro/devkitarm/bin/../lib/gcc/arm-eabi/4.1.1/../../../../arm-eabi/lib/thumb\libg.a(lib_a-printf.o)
 .glue_7t       0x0800c900        0x0 g:/dev/devkitpro/devkitarm/bin/../lib/gcc/arm-eabi/4.1.1/../../../../arm-eabi/lib/thumb\libg.a(lib_a-putc.o)
 .glue_7t       0x0800c900        0x0 g:/dev/devkitpro/devkitarm/bin/../lib/gcc/arm-eabi/4.1.1/../../../../arm-eabi/lib/thumb\libg.a(lib_a-realloc.o)
 .glue_7t       0x0800c900        0x0 g:/dev/devkitpro/devkitarm/bin/../lib/gcc/arm-eabi/4.1.1/../../../../arm-eabi/lib/thumb\libg.a(lib_a-reallocr.o)
 .glue_7t       0x0800c900        0x0 g:/dev/devkitpro/devkitarm/bin/../lib/gcc/arm-eabi/4.1.1/../../../../arm-eabi/lib/thumb\libg.a(lib_a-sbrkr.o)
 .glue_7t       0x0800c900        0x0 g:/dev/devkitpro/devkitarm/bin/../lib/gcc/arm-eabi/4.1.1/../../../../arm-eabi/lib/thumb\libg.a(lib_a-signal.o)
 .glue_7t       0x0800c900        0x0 g:/dev/devkitpro/devkitarm/bin/../lib/gcc/arm-eabi/4.1.1/../../../../arm-eabi/lib/thumb\libg.a(lib_a-signalr.o)
 .glue_7t       0x0800c900        0x0 g:/dev/devkitpro/devkitarm/bin/../lib/gcc/arm-eabi/4.1.1/../../../../arm-eabi/lib/thumb\libg.a(lib_a-strcat.o)
 .glue_7t       0x0800c900        0x0 g:/dev/devkitpro/devkitarm/bin/../lib/gcc/arm-eabi/4.1.1/../../../../arm-eabi/lib/thumb\libg.a(lib_a-strcmp.o)
 .glue_7t       0x0800c900        0x0 g:/dev/devkitpro/devkitarm/bin/../lib/gcc/arm-eabi/4.1.1/../../../../arm-eabi/lib/thumb\libg.a(lib_a-strcpy.o)
 .glue_7t       0x0800c900        0x0 g:/dev/devkitpro/devkitarm/bin/../lib/gcc/arm-eabi/4.1.1/../../../../arm-eabi/lib/thumb\libg.a(lib_a-strlen.o)
 .glue_7t       0x0800c900        0x0 g:/dev/devkitpro/devkitarm/bin/../lib/gcc/arm-eabi/4.1.1/../../../../arm-eabi/lib/thumb\libg.a(lib_a-strncmp.o)
 .glue_7t       0x0800c900        0x0 g:/dev/devkitpro/devkitarm/bin/../lib/gcc/arm-eabi/4.1.1/../../../../arm-eabi/lib/thumb\libg.a(lib_a-vfprintf.o)
 .glue_7t       0x0800c900        0x0 g:/dev/devkitpro/devkitarm/bin/../lib/gcc/arm-eabi/4.1.1/../../../../arm-eabi/lib/thumb\libg.a(lib_a-wbuf.o)
 .glue_7t       0x0800c900        0x0 g:/dev/devkitpro/devkitarm/bin/../lib/gcc/arm-eabi/4.1.1/../../../../arm-eabi/lib/thumb\libg.a(lib_a-wcrtomb.o)
 .glue_7t       0x0800c900        0x0 g:/dev/devkitpro/devkitarm/bin/../lib/gcc/arm-eabi/4.1.1/../../../../arm-eabi/lib/thumb\libg.a(lib_a-wcsrtombs.o)
 .glue_7t       0x0800c900        0x0 g:/dev/devkitpro/devkitarm/bin/../lib/gcc/arm-eabi/4.1.1/../../../../arm-eabi/lib/thumb\libg.a(lib_a-wctomb_r.o)
 .glue_7t       0x0800c900        0x0 g:/dev/devkitpro/devkitarm/bin/../lib/gcc/arm-eabi/4.1.1/../../../../arm-eabi/lib/thumb\libg.a(lib_a-wsetup.o)
 .glue_7t       0x0800c900        0x0 g:/dev/devkitpro/devkitarm/bin/../lib/gcc/arm-eabi/4.1.1/../../../../arm-eabi/lib/thumb\libg.a(lib_a-dtoa.o)
 .glue_7t       0x0800c900        0x0 g:/dev/devkitpro/devkitarm/bin/../lib/gcc/arm-eabi/4.1.1/../../../../arm-eabi/lib/thumb\libg.a(lib_a-fflush.o)
 .glue_7t       0x0800c900        0x0 g:/dev/devkitpro/devkitarm/bin/../lib/gcc/arm-eabi/4.1.1/../../../../arm-eabi/lib/thumb\libg.a(lib_a-findfp.o)
 .glue_7t       0x0800c900        0x0 g:/dev/devkitpro/devkitarm/bin/../lib/gcc/arm-eabi/4.1.1/../../../../arm-eabi/lib/thumb\libg.a(lib_a-freer.o)
 .glue_7t       0x0800c900        0x0 g:/dev/devkitpro/devkitarm/bin/../lib/gcc/arm-eabi/4.1.1/../../../../arm-eabi/lib/thumb\libg.a(lib_a-fwalk.o)
 .glue_7t       0x0800c900        0x0 g:/dev/devkitpro/devkitarm/bin/../lib/gcc/arm-eabi/4.1.1/../../../../arm-eabi/lib/thumb\libg.a(lib_a-locale.o)
 .glue_7t       0x0800c900        0x0 g:/dev/devkitpro/devkitarm/bin/../lib/gcc/arm-eabi/4.1.1/../../../../arm-eabi/lib/thumb\libg.a(lib_a-makebuf.o)
 .glue_7t       0x0800c900        0x0 g:/dev/devkitpro/devkitarm/bin/../lib/gcc/arm-eabi/4.1.1/../../../../arm-eabi/lib/thumb\libg.a(lib_a-mprec.o)
 .glue_7t       0x0800c900        0x0 g:/dev/devkitpro/devkitarm/bin/../lib/gcc/arm-eabi/4.1.1/../../../../arm-eabi/lib/thumb\libg.a(lib_a-reent.o)
 .glue_7t       0x0800c900        0x0 g:/dev/devkitpro/devkitarm/bin/../lib/gcc/arm-eabi/4.1.1/../../../../arm-eabi/lib/thumb\libg.a(lib_a-s_isinfd.o)
 .glue_7t       0x0800c900        0x0 g:/dev/devkitpro/devkitarm/bin/../lib/gcc/arm-eabi/4.1.1/../../../../arm-eabi/lib/thumb\libg.a(lib_a-s_isnand.o)
 .glue_7t       0x0800c900        0x0 g:/dev/devkitpro/devkitarm/bin/../lib/gcc/arm-eabi/4.1.1/../../../../arm-eabi/lib/thumb\libg.a(lib_a-stdio.o)
 .glue_7t       0x0800c900        0x0 g:/dev/devkitpro/devkitarm/bin/../lib/gcc/arm-eabi/4.1.1/../../../../arm-eabi/lib/thumb\libg.a(lib_a-writer.o)
 .glue_7t       0x0800c900        0x0 g:/dev/devkitpro/devkitarm/bin/../lib/gcc/arm-eabi/4.1.1/../../../../arm-eabi/lib/thumb\libg.a(lib_a-callocr.o)
 .glue_7t       0x0800c900        0x0 g:/dev/devkitpro/devkitarm/bin/../lib/gcc/arm-eabi/4.1.1/../../../../arm-eabi/lib/thumb\libg.a(lib_a-closer.o)
 .glue_7t       0x0800c900        0x0 g:/dev/devkitpro/devkitarm/bin/../lib/gcc/arm-eabi/4.1.1/../../../../arm-eabi/lib/thumb\libg.a(lib_a-fclose.o)
 .glue_7t       0x0800c900        0x0 g:/dev/devkitpro/devkitarm/bin/../lib/gcc/arm-eabi/4.1.1/../../../../arm-eabi/lib/thumb\libg.a(lib_a-fstatr.o)
 .glue_7t       0x0800c900        0x0 g:/dev/devkitpro/devkitarm/bin/../lib/gcc/arm-eabi/4.1.1/../../../../arm-eabi/lib/thumb\libg.a(lib_a-lseekr.o)
 .glue_7t       0x0800c900        0x0 g:/dev/devkitpro/devkitarm/bin/../lib/gcc/arm-eabi/4.1.1/../../../../arm-eabi/lib/thumb\libg.a(lib_a-readr.o)
 .glue_7t       0x0800c900        0x0 g:/dev/devkitpro/devkitarm/bin/../lib/gcc/arm-eabi/4.1.1/thumb\libgcc.a(_udivsi3.o)
 .glue_7t       0x0800c900        0x0 g:/dev/devkitpro/devkitarm/bin/../lib/gcc/arm-eabi/4.1.1/thumb\libgcc.a(_divsi3.o)
 .glue_7t       0x0800c900        0x0 g:/dev/devkitpro/devkitarm/bin/../lib/gcc/arm-eabi/4.1.1/thumb\libgcc.a(_dvmd_tls.o)
 .glue_7t       0x0800c900        0x0 g:/dev/devkitpro/devkitarm/bin/../lib/gcc/arm-eabi/4.1.1/thumb\libgcc.a(_addsubdf3.o)
 .glue_7t       0x0800c900        0x0 g:/dev/devkitpro/devkitarm/bin/../lib/gcc/arm-eabi/4.1.1/thumb\libgcc.a(_muldivdf3.o)
 .glue_7t       0x0800c900        0x0 g:/dev/devkitpro/devkitarm/bin/../lib/gcc/arm-eabi/4.1.1/thumb\libgcc.a(_cmpdf2.o)
 .glue_7t       0x0800c900        0x0 g:/dev/devkitpro/devkitarm/bin/../lib/gcc/arm-eabi/4.1.1/thumb\libgcc.a(_fixdfsi.o)
 .glue_7t       0x0800c900        0x0 g:/dev/devkitpro/devkitarm/bin/../lib/gcc/arm-eabi/4.1.1/../../../../arm-eabi/lib/thumb\libsysbase.a(close.o)
 .glue_7t       0x0800c900        0x0 g:/dev/devkitpro/devkitarm/bin/../lib/gcc/arm-eabi/4.1.1/../../../../arm-eabi/lib/thumb\libsysbase.a(fstat.o)
 .glue_7t       0x0800c900        0x0 g:/dev/devkitpro/devkitarm/bin/../lib/gcc/arm-eabi/4.1.1/../../../../arm-eabi/lib/thumb\libsysbase.a(getpid.o)
 .glue_7t       0x0800c900        0x0 g:/dev/devkitpro/devkitarm/bin/../lib/gcc/arm-eabi/4.1.1/../../../../arm-eabi/lib/thumb\libsysbase.a(isatty.o)
 .glue_7t       0x0800c900        0x0 g:/dev/devkitpro/devkitarm/bin/../lib/gcc/arm-eabi/4.1.1/../../../../arm-eabi/lib/thumb\libsysbase.a(kill.o)
 .glue_7t       0x0800c900        0x0 g:/dev/devkitpro/devkitarm/bin/../lib/gcc/arm-eabi/4.1.1/../../../../arm-eabi/lib/thumb\libsysbase.a(lseek.o)
 .glue_7t       0x0800c900        0x0 g:/dev/devkitpro/devkitarm/bin/../lib/gcc/arm-eabi/4.1.1/../../../../arm-eabi/lib/thumb\libsysbase.a(read.o)
 .glue_7t       0x0800c900        0x0 g:/dev/devkitpro/devkitarm/bin/../lib/gcc/arm-eabi/4.1.1/../../../../arm-eabi/lib/thumb\libsysbase.a(sbrk.o)
 .glue_7t       0x0800c900        0x0 g:/dev/devkitpro/devkitarm/bin/../lib/gcc/arm-eabi/4.1.1/../../../../arm-eabi/lib/thumb\libsysbase.a(write.o)
 .glue_7t       0x0800c900        0x0 g:/dev/devkitpro/devkitarm/bin/../lib/gcc/arm-eabi/4.1.1/../../../../arm-eabi/lib/thumb\libsysbase.a(_exit.o)
 .glue_7t       0x0800c900        0x0 g:/dev/devkitpro/devkitarm/bin/../lib/gcc/arm-eabi/4.1.1/../../../../arm-eabi/lib/thumb\libsysbase.a(malloc_vars.o)
 .glue_7t       0x0800c900        0x0 g:/dev/devkitpro/devkitarm/bin/../lib/gcc/arm-eabi/4.1.1/../../../../arm-eabi/lib/thumb\libsysbase.a(iosupport.o)
 .glue_7t       0x0800c900       0x80 g:/dev/devkitpro/devkitarm/bin/../lib/gcc/arm-eabi/4.1.1/thumb/crtend.o
                0x0800c90c                ___Unwind_Resume_or_Rethrow_change_to_arm
                0x0800c92c                ____gnu_Unwind_Save_VFP_change_to_arm
                0x0800c97c                ____aeabi_dcmpge_change_to_arm
                0x0800c934                ____aeabi_dcmpeq_change_to_arm
                0x0800c954                ____aeabi_dadd_change_to_arm
                0x0800c948                ____aeabi_dmul_from_thumb
                0x0800c924                ____gnu_Unwind_Restore_VFP_change_to_arm
                0x0800c93c                ____aeabi_dcmplt_change_to_arm
                0x0800c908                ___Unwind_Resume_or_Rethrow_from_thumb
                0x0800c910                ___Unwind_RaiseException_from_thumb
                0x0800c900                ___Unwind_Resume_from_thumb
                0x0800c958                ____aeabi_i2d_from_thumb
                0x0800c968                ____aeabi_ddiv_from_thumb
                0x0800c914                ___Unwind_RaiseException_change_to_arm
                0x0800c930                ____aeabi_dcmpeq_from_thumb
                0x0800c94c                ____aeabi_dmul_change_to_arm
                0x0800c944                ____aeabi_dsub_change_to_arm
                0x0800c96c                ____aeabi_ddiv_change_to_arm
                0x0800c960                ____aeabi_d2iz_from_thumb
                0x0800c920                ____gnu_Unwind_Restore_VFP_from_thumb
                0x0800c938                ____aeabi_dcmplt_from_thumb
                0x0800c91c                __restore_core_regs_change_to_arm
                0x0800c95c                ____aeabi_i2d_change_to_arm
                0x0800c950                ____aeabi_dadd_from_thumb
                0x0800c928                ____gnu_Unwind_Save_VFP_from_thumb
                0x0800c974                ____aeabi_dcmpgt_change_to_arm
                0x0800c918                __restore_core_regs_from_thumb
                0x0800c970                ____aeabi_dcmpgt_from_thumb
                0x0800c940                ____aeabi_dsub_from_thumb
                0x0800c964                ____aeabi_d2iz_change_to_arm
                0x0800c904                ___Unwind_Resume_change_to_arm
                0x0800c978                ____aeabi_dcmpge_from_thumb
 .glue_7t       0x0800c980        0x0 g:/dev/devkitpro/devkitarm/bin/../lib/gcc/arm-eabi/4.1.1/thumb/crtn.o
                0x0800c980                . = ALIGN (0x4)
                0x0800c980                __text_end = .

.fini           0x0800c980        0xc
 *(.fini)
 .fini          0x0800c980        0x4 g:/dev/devkitpro/devkitarm/bin/../lib/gcc/arm-eabi/4.1.1/thumb/crti.o
                0x0800c980                _fini
 .fini          0x0800c984        0x8 g:/dev/devkitpro/devkitarm/bin/../lib/gcc/arm-eabi/4.1.1/thumb/crtn.o
                0x0800c98c                . = ALIGN (0x4)

.rodata         0x0800c990     0x6124
 *(.rodata)
 .rodata        0x0800c990     0x4000 font.o
                0x0800e990                font_bold
                0x0800c990                font_medium
 .rodata        0x08010990      0x340 tiles.o
                0x08010a50                brown_tile
                0x08010a90                white_tile
                0x08010990                blank_tile
                0x08010ad0                palette_bg
                0x080109d0                blue_tile
                0x08010a10                green_tile
 .rodata        0x08010cd0       0x34 g:/dev/devkitpro/devkitarm/bin/../lib/gcc/arm-eabi/4.1.1/../../../../arm-eabi/lib/thumb\libstdc++.a(eh_personality.o)
 .rodata        0x08010d04      0xad4 g:/dev/devkitpro/devkitarm/bin/../lib/gcc/arm-eabi/4.1.1/../../../../arm-eabi/lib/thumb\libstdc++.a(cp-demangle.o)
 .rodata        0x080117d8       0x68 g:/dev/devkitpro/devkitarm/bin/../lib/gcc/arm-eabi/4.1.1/../../../../arm-eabi/lib/thumb\libstdc++.a(eh_exception.o)
                0x080117d8                vtable for std::bad_exception
                0x08011834                typeinfo for std::exception
                0x08011804                typeinfo name for std::bad_exception
                0x080117f0                vtable for std::exception
                0x08011818                typeinfo for std::bad_exception
                0x08011824                typeinfo name for std::exception
 .rodata        0x08011840       0x38 g:/dev/devkitpro/devkitarm/bin/../lib/gcc/arm-eabi/4.1.1/../../../../arm-eabi/lib/thumb\libstdc++.a(new_handler.o)
                0x0801186c                typeinfo for std::bad_alloc
                0x08011848                vtable for std::bad_alloc
                0x0801185c                typeinfo name for std::bad_alloc
                0x08011840                std::nothrow
 .rodata        0x08011878      0x1c8 g:/dev/devkitpro/devkitarm/bin/../lib/gcc/arm-eabi/4.1.1/../../../../arm-eabi/lib/thumb\libstdc++.a(tinfo.o)
                0x0801198c                typeinfo name for __cxxabiv1::__si_class_type_info
                0x08011a18                typeinfo for std::bad_cast
                0x08011980                typeinfo for __cxxabiv1::__vmi_class_type_info
                0x08011938                vtable for std::type_info
                0x080118a8                vtable for __cxxabiv1::__si_class_type_info
                0x080119c0                typeinfo name for __cxxabiv1::__class_type_info
                0x08011a24                typeinfo name for std::type_info
                0x08011a00                typeinfo for std::bad_typeid
                0x08011958                typeinfo name for __cxxabiv1::__vmi_class_type_info
                0x08011a0c                typeinfo name for std::bad_cast
                0x080118d8                vtable for __cxxabiv1::__class_type_info
                0x08011908                vtable for std::bad_typeid
                0x08011920                vtable for std::bad_cast
                0x080119e4                typeinfo for __cxxabiv1::__class_type_info
                0x08011878                vtable for __cxxabiv1::__vmi_class_type_info
                0x080119b4                typeinfo for __cxxabiv1::__si_class_type_info
                0x08011a34                typeinfo for std::type_info
                0x080119f0                typeinfo name for std::bad_typeid
 .rodata        0x08011a40      0x260 g:/dev/devkitpro/devkitarm/bin/../lib/gcc/arm-eabi/4.1.1/../../../../arm-eabi/lib/thumb\libstdc++.a(tinfo2.o)
                0x08011a40                vtable for __cxxabiv1::__pointer_to_member_type_info
                0x08011b74                typeinfo name for __cxxabiv1::__pointer_type_info
                0x08011b38                typeinfo name for __cxxabiv1::__pointer_to_member_type_info
                0x08011bc8                typeinfo for __cxxabiv1::__pbase_type_info
                0x08011a68                vtable for __cxxabiv1::__pointer_type_info
                0x08011a90                vtable for __cxxabiv1::__pbase_type_info
                0x08011af8                vtable for __cxxabiv1::__array_type_info
                0x08011c90                typeinfo for __cxxabiv1::__fundamental_type_info
                0x08011ab8                vtable for __cxxabiv1::__enum_type_info
                0x08011c2c                typeinfo for __cxxabiv1::__function_type_info
                0x08011c5c                typeinfo for __cxxabiv1::__array_type_info
                0x08011bd4                typeinfo name for __cxxabiv1::__enum_type_info
                0x08011ad8                vtable for __cxxabiv1::__function_type_info
                0x08011b18                vtable for __cxxabiv1::__fundamental_type_info
                0x08011b68                typeinfo for __cxxabiv1::__pointer_to_member_type_info
                0x08011ba4                typeinfo name for __cxxabiv1::__pbase_type_info
                0x08011c04                typeinfo name for __cxxabiv1::__function_type_info
                0x08011bf8                typeinfo for __cxxabiv1::__enum_type_info
                0x08011c38                typeinfo name for __cxxabiv1::__array_type_info
                0x08011c68                typeinfo name for __cxxabiv1::__fundamental_type_info
                0x08011b98                typeinfo for __cxxabiv1::__pointer_type_info
 .rodata        0x08011ca0        0x4 g:/dev/devkitpro/devkitarm/bin/../lib/gcc/arm-eabi/4.1.1/../../../../arm-eabi/lib/thumb\libg.a(lib_a-impure.o)
                0x08011ca0                _global_impure_ptr
 .rodata        0x08011ca4      0x18c g:/dev/devkitpro/devkitarm/bin/../lib/gcc/arm-eabi/4.1.1/../../../../arm-eabi/lib/thumb\libg.a(lib_a-vfprintf.o)
 .rodata        0x08011e30       0x18 g:/dev/devkitpro/devkitarm/bin/../lib/gcc/arm-eabi/4.1.1/../../../../arm-eabi/lib/thumb\libg.a(lib_a-dtoa.o)
 .rodata        0x08011e48       0x34 g:/dev/devkitpro/devkitarm/bin/../lib/gcc/arm-eabi/4.1.1/../../../../arm-eabi/lib/thumb\libg.a(lib_a-locale.o)
 *fill*         0x08011e7c        0x4 ff
 .rodata        0x08011e80      0x128 g:/dev/devkitpro/devkitarm/bin/../lib/gcc/arm-eabi/4.1.1/../../../../arm-eabi/lib/thumb\libg.a(lib_a-mprec.o)
                0x08011f70                __mprec_tinytens
                0x08011e80                __mprec_tens
                0x08011f48                __mprec_bigtens
 .rodata        0x08011fa8       0x4c g:/dev/devkitpro/devkitarm/bin/../lib/gcc/arm-eabi/4.1.1/../../../../arm-eabi/lib/thumb\libsysbase.a(iosupport.o)
                0x08011fa8                dotab_stdnull
 *all.rodata*(*)
 *(.roda)
 *(.rodata.*)
 .rodata.str1.4
                0x08011ff4        0x5 main.o
                                  0x8 (size before relaxing)
 *fill*         0x08011ff9        0x3 ff
 .rodata.str1.4
                0x08011ffc       0x92 g:/dev/devkitpro/devkitarm/bin/../lib/gcc/arm-eabi/4.1.1/../../../../arm-eabi/lib/thumb\libstdc++.a(vterminate.o)
                                 0x94 (size before relaxing)
 *fill*         0x0801208e        0x2 ff
 .rodata.str1.4
                0x08012090      0x604 g:/dev/devkitpro/devkitarm/bin/../lib/gcc/arm-eabi/4.1.1/../../../../arm-eabi/lib/thumb\libstdc++.a(cp-demangle.o)
                                0x630 (size before relaxing)
 .rodata._ZTIPKe
                0x08012694       0x10 g:/dev/devkitpro/devkitarm/bin/../lib/gcc/arm-eabi/4.1.1/../../../../arm-eabi/lib/thumb\libstdc++.a(tinfo2.o)
                0x08012694                typeinfo for long double const*
 .rodata._ZTIPe
                0x080126a4       0x10 g:/dev/devkitpro/devkitarm/bin/../lib/gcc/arm-eabi/4.1.1/../../../../arm-eabi/lib/thumb\libstdc++.a(tinfo2.o)
                0x080126a4                typeinfo for long double*
 .rodata._ZTIe  0x080126b4        0x8 g:/dev/devkitpro/devkitarm/bin/../lib/gcc/arm-eabi/4.1.1/../../../../arm-eabi/lib/thumb\libstdc++.a(tinfo2.o)
                0x080126b4                typeinfo for long double
 .rodata._ZTIPKd
                0x080126bc       0x10 g:/dev/devkitpro/devkitarm/bin/../lib/gcc/arm-eabi/4.1.1/../../../../arm-eabi/lib/thumb\libstdc++.a(tinfo2.o)
                0x080126bc                typeinfo for double const*
 .rodata._ZTIPd
                0x080126cc       0x10 g:/dev/devkitpro/devkitarm/bin/../lib/gcc/arm-eabi/4.1.1/../../../../arm-eabi/lib/thumb\libstdc++.a(tinfo2.o)
                0x080126cc                typeinfo for double*
 .rodata._ZTId  0x080126dc        0x8 g:/dev/devkitpro/devkitarm/bin/../lib/gcc/arm-eabi/4.1.1/../../../../arm-eabi/lib/thumb\libstdc++.a(tinfo2.o)
                0x080126dc                typeinfo for double
 .rodata._ZTIPKf
                0x080126e4       0x10 g:/dev/devkitpro/devkitarm/bin/../lib/gcc/arm-eabi/4.1.1/../../../../arm-eabi/lib/thumb\libstdc++.a(tinfo2.o)
                0x080126e4                typeinfo for float const*
 .rodata._ZTIPf
                0x080126f4       0x10 g:/dev/devkitpro/devkitarm/bin/../lib/gcc/arm-eabi/4.1.1/../../../../arm-eabi/lib/thumb\libstdc++.a(tinfo2.o)
                0x080126f4                typeinfo for float*
 .rodata._ZTIf  0x08012704        0x8 g:/dev/devkitpro/devkitarm/bin/../lib/gcc/arm-eabi/4.1.1/../../../../arm-eabi/lib/thumb\libstdc++.a(tinfo2.o)
                0x08012704                typeinfo for float
 .rodata._ZTIPKy
                0x0801270c       0x10 g:/dev/devkitpro/devkitarm/bin/../lib/gcc/arm-eabi/4.1.1/../../../../arm-eabi/lib/thumb\libstdc++.a(tinfo2.o)
                0x0801270c                typeinfo for unsigned long long const*
 .rodata._ZTIPy
                0x0801271c       0x10 g:/dev/devkitpro/devkitarm/bin/../lib/gcc/arm-eabi/4.1.1/../../../../arm-eabi/lib/thumb\libstdc++.a(tinfo2.o)
                0x0801271c                typeinfo for unsigned long long*
 .rodata._ZTIy  0x0801272c        0x8 g:/dev/devkitpro/devkitarm/bin/../lib/gcc/arm-eabi/4.1.1/../../../../arm-eabi/lib/thumb\libstdc++.a(tinfo2.o)
                0x0801272c                typeinfo for unsigned long long
 .rodata._ZTIPKx
                0x08012734       0x10 g:/dev/devkitpro/devkitarm/bin/../lib/gcc/arm-eabi/4.1.1/../../../../arm-eabi/lib/thumb\libstdc++.a(tinfo2.o)
                0x08012734                typeinfo for long long const*
 .rodata._ZTIPx
                0x08012744       0x10 g:/dev/devkitpro/devkitarm/bin/../lib/gcc/arm-eabi/4.1.1/../../../../arm-eabi/lib/thumb\libstdc++.a(tinfo2.o)
                0x08012744                typeinfo for long long*
 .rodata._ZTIx  0x08012754        0x8 g:/dev/devkitpro/devkitarm/bin/../lib/gcc/arm-eabi/4.1.1/../../../../arm-eabi/lib/thumb\libstdc++.a(tinfo2.o)
                0x08012754                typeinfo for long long
 .rodata._ZTIPKm
                0x0801275c       0x10 g:/dev/devkitpro/devkitarm/bin/../lib/gcc/arm-eabi/4.1.1/../../../../arm-eabi/lib/thumb\libstdc++.a(tinfo2.o)
                0x0801275c                typeinfo for unsigned long const*
 .rodata._ZTIPm
                0x0801276c       0x10 g:/dev/devkitpro/devkitarm/bin/../lib/gcc/arm-eabi/4.1.1/../../../../arm-eabi/lib/thumb\libstdc++.a(tinfo2.o)
                0x0801276c                typeinfo for unsigned long*
 .rodata._ZTIm  0x0801277c        0x8 g:/dev/devkitpro/devkitarm/bin/../lib/gcc/arm-eabi/4.1.1/../../../../arm-eabi/lib/thumb\libstdc++.a(tinfo2.o)
                0x0801277c                typeinfo for unsigned long
 .rodata._ZTIPKl
                0x08012784       0x10 g:/dev/devkitpro/devkitarm/bin/../lib/gcc/arm-eabi/4.1.1/../../../../arm-eabi/lib/thumb\libstdc++.a(tinfo2.o)
                0x08012784                typeinfo for long const*
 .rodata._ZTIPl
                0x08012794       0x10 g:/dev/devkitpro/devkitarm/bin/../lib/gcc/arm-eabi/4.1.1/../../../../arm-eabi/lib/thumb\libstdc++.a(tinfo2.o)
                0x08012794                typeinfo for long*
 .rodata._ZTIl  0x080127a4        0x8 g:/dev/devkitpro/devkitarm/bin/../lib/gcc/arm-eabi/4.1.1/../../../../arm-eabi/lib/thumb\libstdc++.a(tinfo2.o)
                0x080127a4                typeinfo for long
 .rodata._ZTIPKj
                0x080127ac       0x10 g:/dev/devkitpro/devkitarm/bin/../lib/gcc/arm-eabi/4.1.1/../../../../arm-eabi/lib/thumb\libstdc++.a(tinfo2.o)
                0x080127ac                typeinfo for unsigned int const*
 .rodata._ZTIPj
                0x080127bc       0x10 g:/dev/devkitpro/devkitarm/bin/../lib/gcc/arm-eabi/4.1.1/../../../../arm-eabi/lib/thumb\libstdc++.a(tinfo2.o)
                0x080127bc                typeinfo for unsigned int*
 .rodata._ZTIj  0x080127cc        0x8 g:/dev/devkitpro/devkitarm/bin/../lib/gcc/arm-eabi/4.1.1/../../../../arm-eabi/lib/thumb\libstdc++.a(tinfo2.o)
                0x080127cc                typeinfo for unsigned int
 .rodata._ZTIPKi
                0x080127d4       0x10 g:/dev/devkitpro/devkitarm/bin/../lib/gcc/arm-eabi/4.1.1/../../../../arm-eabi/lib/thumb\libstdc++.a(tinfo2.o)
                0x080127d4                typeinfo for int const*
 .rodata._ZTIPi
                0x080127e4       0x10 g:/dev/devkitpro/devkitarm/bin/../lib/gcc/arm-eabi/4.1.1/../../../../arm-eabi/lib/thumb\libstdc++.a(tinfo2.o)
                0x080127e4                typeinfo for int*
 .rodata._ZTIi  0x080127f4        0x8 g:/dev/devkitpro/devkitarm/bin/../lib/gcc/arm-eabi/4.1.1/../../../../arm-eabi/lib/thumb\libstdc++.a(tinfo2.o)
                0x080127f4                typeinfo for int
 .rodata._ZTIPKt
                0x080127fc       0x10 g:/dev/devkitpro/devkitarm/bin/../lib/gcc/arm-eabi/4.1.1/../../../../arm-eabi/lib/thumb\libstdc++.a(tinfo2.o)
                0x080127fc                typeinfo for unsigned short const*
 .rodata._ZTIPt
                0x0801280c       0x10 g:/dev/devkitpro/devkitarm/bin/../lib/gcc/arm-eabi/4.1.1/../../../../arm-eabi/lib/thumb\libstdc++.a(tinfo2.o)
                0x0801280c                typeinfo for unsigned short*
 .rodata._ZTIt  0x0801281c        0x8 g:/dev/devkitpro/devkitarm/bin/../lib/gcc/arm-eabi/4.1.1/../../../../arm-eabi/lib/thumb\libstdc++.a(tinfo2.o)
                0x0801281c                typeinfo for unsigned short
 .rodata._ZTIPKs
                0x08012824       0x10 g:/dev/devkitpro/devkitarm/bin/../lib/gcc/arm-eabi/4.1.1/../../../../arm-eabi/lib/thumb\libstdc++.a(tinfo2.o)
                0x08012824                typeinfo for short const*
 .rodata._ZTIPs
                0x08012834       0x10 g:/dev/devkitpro/devkitarm/bin/../lib/gcc/arm-eabi/4.1.1/../../../../arm-eabi/lib/thumb\libstdc++.a(tinfo2.o)
                0x08012834                typeinfo for short*
 .rodata._ZTIs  0x08012844        0x8 g:/dev/devkitpro/devkitarm/bin/../lib/gcc/arm-eabi/4.1.1/../../../../arm-eabi/lib/thumb\libstdc++.a(tinfo2.o)
                0x08012844                typeinfo for short
 .rodata._ZTIPKh
                0x0801284c       0x10 g:/dev/devkitpro/devkitarm/bin/../lib/gcc/arm-eabi/4.1.1/../../../../arm-eabi/lib/thumb\libstdc++.a(tinfo2.o)
                0x0801284c                typeinfo for unsigned char const*
 .rodata._ZTIPh
                0x0801285c       0x10 g:/dev/devkitpro/devkitarm/bin/../lib/gcc/arm-eabi/4.1.1/../../../../arm-eabi/lib/thumb\libstdc++.a(tinfo2.o)
                0x0801285c                typeinfo for unsigned char*
 .rodata._ZTIh  0x0801286c        0x8 g:/dev/devkitpro/devkitarm/bin/../lib/gcc/arm-eabi/4.1.1/../../../../arm-eabi/lib/thumb\libstdc++.a(tinfo2.o)
                0x0801286c                typeinfo for unsigned char
 .rodata._ZTIPKa
                0x08012874       0x10 g:/dev/devkitpro/devkitarm/bin/../lib/gcc/arm-eabi/4.1.1/../../../../arm-eabi/lib/thumb\libstdc++.a(tinfo2.o)
                0x08012874                typeinfo for signed char const*
 .rodata._ZTIPa
                0x08012884       0x10 g:/dev/devkitpro/devkitarm/bin/../lib/gcc/arm-eabi/4.1.1/../../../../arm-eabi/lib/thumb\libstdc++.a(tinfo2.o)
                0x08012884                typeinfo for signed char*
 .rodata._ZTIa  0x08012894        0x8 g:/dev/devkitpro/devkitarm/bin/../lib/gcc/arm-eabi/4.1.1/../../../../arm-eabi/lib/thumb\libstdc++.a(tinfo2.o)
                0x08012894                typeinfo for signed char
 .rodata._ZTIPKc
                0x0801289c       0x10 g:/dev/devkitpro/devkitarm/bin/../lib/gcc/arm-eabi/4.1.1/../../../../arm-eabi/lib/thumb\libstdc++.a(tinfo2.o)
                0x0801289c                typeinfo for char const*
 .rodata._ZTIPc
                0x080128ac       0x10 g:/dev/devkitpro/devkitarm/bin/../lib/gcc/arm-eabi/4.1.1/../../../../arm-eabi/lib/thumb\libstdc++.a(tinfo2.o)
                0x080128ac                typeinfo for char*
 .rodata._ZTIc  0x080128bc        0x8 g:/dev/devkitpro/devkitarm/bin/../lib/gcc/arm-eabi/4.1.1/../../../../arm-eabi/lib/thumb\libstdc++.a(tinfo2.o)
                0x080128bc                typeinfo for char
 .rodata._ZTIPKw
                0x080128c4       0x10 g:/dev/devkitpro/devkitarm/bin/../lib/gcc/arm-eabi/4.1.1/../../../../arm-eabi/lib/thumb\libstdc++.a(tinfo2.o)
                0x080128c4                typeinfo for wchar_t const*
 .rodata._ZTIPw
                0x080128d4       0x10 g:/dev/devkitpro/devkitarm/bin/../lib/gcc/arm-eabi/4.1.1/../../../../arm-eabi/lib/thumb\libstdc++.a(tinfo2.o)
                0x080128d4                typeinfo for wchar_t*
 .rodata._ZTIw  0x080128e4        0x8 g:/dev/devkitpro/devkitarm/bin/../lib/gcc/arm-eabi/4.1.1/../../../../arm-eabi/lib/thumb\libstdc++.a(tinfo2.o)
                0x080128e4                typeinfo for wchar_t
 .rodata._ZTIPKb
                0x080128ec       0x10 g:/dev/devkitpro/devkitarm/bin/../lib/gcc/arm-eabi/4.1.1/../../../../arm-eabi/lib/thumb\libstdc++.a(tinfo2.o)
                0x080128ec                typeinfo for bool const*
 .rodata._ZTIPb
                0x080128fc       0x10 g:/dev/devkitpro/devkitarm/bin/../lib/gcc/arm-eabi/4.1.1/../../../../arm-eabi/lib/thumb\libstdc++.a(tinfo2.o)
                0x080128fc                typeinfo for bool*
 .rodata._ZTIb  0x0801290c        0x8 g:/dev/devkitpro/devkitarm/bin/../lib/gcc/arm-eabi/4.1.1/../../../../arm-eabi/lib/thumb\libstdc++.a(tinfo2.o)
                0x0801290c                typeinfo for bool
 .rodata._ZTIPKv
                0x08012914       0x10 g:/dev/devkitpro/devkitarm/bin/../lib/gcc/arm-eabi/4.1.1/../../../../arm-eabi/lib/thumb\libstdc++.a(tinfo2.o)
                0x08012914                typeinfo for void const*
 .rodata._ZTIPv
                0x08012924       0x10 g:/dev/devkitpro/devkitarm/bin/../lib/gcc/arm-eabi/4.1.1/../../../../arm-eabi/lib/thumb\libstdc++.a(tinfo2.o)
                0x08012924                typeinfo for void*
 .rodata._ZTIv  0x08012934        0x8 g:/dev/devkitpro/devkitarm/bin/../lib/gcc/arm-eabi/4.1.1/../../../../arm-eabi/lib/thumb\libstdc++.a(tinfo2.o)
                0x08012934                typeinfo for void
 .rodata._ZTSPKe
                0x0801293c        0x4 g:/dev/devkitpro/devkitarm/bin/../lib/gcc/arm-eabi/4.1.1/../../../../arm-eabi/lib/thumb\libstdc++.a(tinfo2.o)
                0x0801293c                typeinfo name for long double const*
 .rodata._ZTSPe
                0x08012940        0x4 g:/dev/devkitpro/devkitarm/bin/../lib/gcc/arm-eabi/4.1.1/../../../../arm-eabi/lib/thumb\libstdc++.a(tinfo2.o)
                0x08012940                typeinfo name for long double*
 .rodata._ZTSe  0x08012944        0x4 g:/dev/devkitpro/devkitarm/bin/../lib/gcc/arm-eabi/4.1.1/../../../../arm-eabi/lib/thumb\libstdc++.a(tinfo2.o)
                0x08012944                typeinfo name for long double
 .rodata._ZTSPKd
                0x08012948        0x4 g:/dev/devkitpro/devkitarm/bin/../lib/gcc/arm-eabi/4.1.1/../../../../arm-eabi/lib/thumb\libstdc++.a(tinfo2.o)
                0x08012948                typeinfo name for double const*
 .rodata._ZTSPd
                0x0801294c        0x4 g:/dev/devkitpro/devkitarm/bin/../lib/gcc/arm-eabi/4.1.1/../../../../arm-eabi/lib/thumb\libstdc++.a(tinfo2.o)
                0x0801294c                typeinfo name for double*
 .rodata._ZTSd  0x08012950        0x4 g:/dev/devkitpro/devkitarm/bin/../lib/gcc/arm-eabi/4.1.1/../../../../arm-eabi/lib/thumb\libstdc++.a(tinfo2.o)
                0x08012950                typeinfo name for double
 .rodata._ZTSPKf
                0x08012954        0x4 g:/dev/devkitpro/devkitarm/bin/../lib/gcc/arm-eabi/4.1.1/../../../../arm-eabi/lib/thumb\libstdc++.a(tinfo2.o)
                0x08012954                typeinfo name for float const*
 .rodata._ZTSPf
                0x08012958        0x4 g:/dev/devkitpro/devkitarm/bin/../lib/gcc/arm-eabi/4.1.1/../../../../arm-eabi/lib/thumb\libstdc++.a(tinfo2.o)
                0x08012958                typeinfo name for float*
 .rodata._ZTSf  0x0801295c        0x4 g:/dev/devkitpro/devkitarm/bin/../lib/gcc/arm-eabi/4.1.1/../../../../arm-eabi/lib/thumb\libstdc++.a(tinfo2.o)
                0x0801295c                typeinfo name for float
 .rodata._ZTSPKy
                0x08012960        0x4 g:/dev/devkitpro/devkitarm/bin/../lib/gcc/arm-eabi/4.1.1/../../../../arm-eabi/lib/thumb\libstdc++.a(tinfo2.o)